

================================================================
== Vitis HLS Report for 'MatMul_KV_tiled_17_17_8_1_1_1_1_1_339_16_0_ap_int_8_ap_int_32_11'
================================================================
* Date:           Tue Jun 23 12:33:52 2026

* Version:        2022.2 (Build 3670227 on Oct 13 2022)
* Project:        ViT_Block
* Solution:       ViT_Block (Vivado IP Flow Target)
* Product family: virtexuplus
* Target device:  xcu250-figd2104-2L-e


================================================================
== Performance Estimates
================================================================
+ Timing: 
    * Summary: 
    +--------+----------+----------+------------+
    |  Clock |  Target  | Estimated| Uncertainty|
    +--------+----------+----------+------------+
    |ap_clk  |  10.00 ns|  4.723 ns|     2.70 ns|
    +--------+----------+----------+------------+

+ Latency: 
    * Summary: 
    +---------+---------+-----------+-----------+------+------+---------+
    |  Latency (cycles) |   Latency (absolute)  |   Interval  | Pipeline|
    |   min   |   max   |    min    |    max    |  min |  max |   Type  |
    +---------+---------+-----------+-----------+------+------+---------+
    |     1008|     1008|  10.080 us|  10.080 us|  1008|  1008|       no|
    +---------+---------+-----------+-----------+------+------+---------+

    + Detail: 
        * Instance: 
        +-----------------------------------------------------------------+------------------------------------------------------+---------+---------+----------+----------+-----+-----+---------+
        |                                                                 |                                                      |  Latency (cycles) |  Latency (absolute) |  Interval | Pipeline|
        |                             Instance                            |                        Module                        |   min   |   max   |    min   |    max   | min | max |   Type  |
        +-----------------------------------------------------------------+------------------------------------------------------+---------+---------+----------+----------+-----+-----+---------+
        |grp_MatMul_KV_tiled_11_Pipeline_load_B_VITIS_LOOP_1796_1_fu_214  |MatMul_KV_tiled_11_Pipeline_load_B_VITIS_LOOP_1796_1  |      138|      138|  1.380 us|  1.380 us|  138|  138|       no|
        |grp_MatMul_KV_tiled_11_Pipeline_VITIS_LOOP_1818_5_fu_222         |MatMul_KV_tiled_11_Pipeline_VITIS_LOOP_1818_5         |       19|       19|  0.190 us|  0.190 us|   19|   19|       no|
        |grp_MatMul_KV_tiled_11_Pipeline_VITIS_LOOP_1831_6_fu_229         |MatMul_KV_tiled_11_Pipeline_VITIS_LOOP_1831_6         |       19|       19|  0.190 us|  0.190 us|   19|   19|       no|
        +-----------------------------------------------------------------+------------------------------------------------------+---------+---------+----------+----------+-----+-----+---------+

        * Loop: 
        +---------------+---------+---------+----------+-----------+-----------+------+----------+
        |               |  Latency (cycles) | Iteration|  Initiation Interval  | Trip |          |
        |   Loop Name   |   min   |   max   |  Latency |  achieved |   target  | Count| Pipelined|
        +---------------+---------+---------+----------+-----------+-----------+------+----------+
        |- matmul_core  |      867|      867|        51|          -|          -|    17|        no|
        +---------------+---------+---------+----------+-----------+-----------+------+----------+



================================================================
== Utilization Estimates
================================================================
* Summary: 
+---------------------+---------+-------+---------+---------+------+
|         Name        | BRAM_18K|  DSP  |    FF   |   LUT   | URAM |
+---------------------+---------+-------+---------+---------+------+
|DSP                  |        -|      -|        -|        -|     -|
|Expression           |        -|      -|        0|       23|     -|
|FIFO                 |        -|      -|        -|        -|     -|
|Instance             |        -|     12|      770|      899|     -|
|Memory               |        0|      -|       16|       42|     0|
|Multiplexer          |        -|      -|        -|      438|     -|
|Register             |        -|      -|      161|        -|     -|
+---------------------+---------+-------+---------+---------+------+
|Total                |        0|     12|      947|     1402|     0|
+---------------------+---------+-------+---------+---------+------+
|Available SLR        |     1344|   3072|   864000|   432000|   320|
+---------------------+---------+-------+---------+---------+------+
|Utilization SLR (%)  |        0|     ~0|       ~0|       ~0|     0|
+---------------------+---------+-------+---------+---------+------+
|Available            |     5376|  12288|  3456000|  1728000|  1280|
+---------------------+---------+-------+---------+---------+------+
|Utilization (%)      |        0|     ~0|       ~0|       ~0|     0|
+---------------------+---------+-------+---------+---------+------+

+ Detail: 
    * Instance: 
    +-----------------------------------------------------------------+------------------------------------------------------+---------+----+-----+-----+-----+
    |                             Instance                            |                        Module                        | BRAM_18K| DSP|  FF | LUT | URAM|
    +-----------------------------------------------------------------+------------------------------------------------------+---------+----+-----+-----+-----+
    |grp_MatMul_KV_tiled_11_Pipeline_VITIS_LOOP_1818_5_fu_222         |MatMul_KV_tiled_11_Pipeline_VITIS_LOOP_1818_5         |        0|   0|   13|   70|    0|
    |grp_MatMul_KV_tiled_11_Pipeline_VITIS_LOOP_1831_6_fu_229         |MatMul_KV_tiled_11_Pipeline_VITIS_LOOP_1831_6         |        0|  12|  737|  679|    0|
    |grp_MatMul_KV_tiled_11_Pipeline_load_B_VITIS_LOOP_1796_1_fu_214  |MatMul_KV_tiled_11_Pipeline_load_B_VITIS_LOOP_1796_1  |        0|   0|   20|  150|    0|
    +-----------------------------------------------------------------+------------------------------------------------------+---------+----+-----+-----+-----+
    |Total                                                            |                                                      |        0|  12|  770|  899|    0|
    +-----------------------------------------------------------------+------------------------------------------------------+---------+----+-----+-----+-----+

    * DSP: 
    N/A

    * Memory: 
    +--------------+----------------------------------------------------------------------------------+---------+---+----+-----+------+-----+------+-------------+
    |    Memory    |                                      Module                                      | BRAM_18K| FF| LUT| URAM| Words| Bits| Banks| W*Bits*Banks|
    +--------------+----------------------------------------------------------------------------------+---------+---+----+-----+------+-----+------+-------------+
    |buff_B_V_U    |MatMul_KV_tiled_17_17_8_1_1_1_1_1_339_16_0_ap_int_8_ap_int_32_11_buff_B_V_RAMkbM  |        0|  8|  33|    0|   136|    8|     1|         1088|
    |tile_A_V_0_U  |MatMul_KV_tiled_17_17_8_1_1_1_1_1_339_16_0_ap_int_8_ap_int_32_s_tile_A_V_0_RAhbi  |        0|  8|   9|    0|    17|    8|     1|          136|
    +--------------+----------------------------------------------------------------------------------+---------+---+----+-----+------+-----+------+-------------+
    |Total         |                                                                                  |        0| 16|  42|    0|   153|   16|     2|         1224|
    +--------------+----------------------------------------------------------------------------------+---------+---+----+-----+------+-----+------+-------------+

    * FIFO: 
    N/A

    * Expression: 
    +-----------------------+----------+----+---+----+------------+------------+
    |     Variable Name     | Operation| DSP| FF| LUT| Bitwidth P0| Bitwidth P1|
    +-----------------------+----------+----+---+----+------------+------------+
    |m_17_fu_269_p2         |         +|   0|  0|  12|           5|           1|
    |icmp_ln1813_fu_263_p2  |      icmp|   0|  0|   9|           5|           5|
    |ap_block_state1        |        or|   0|  0|   2|           1|           1|
    +-----------------------+----------+----+---+----+------------+------------+
    |Total                  |          |   0|  0|  23|          11|           7|
    +-----------------------+----------+----+---+----+------------+------------+

    * Multiplexer: 
    +---------------------+----+-----------+-----+-----------+
    |         Name        | LUT| Input Size| Bits| Total Bits|
    +---------------------+----+-----------+-----+-----------+
    |A_sx_1_read          |   9|          2|    1|          2|
    |V_1_1_read           |   9|          2|    1|          2|
    |ap_NS_fsm            |  81|         17|    1|         17|
    |ap_done              |   9|          2|    1|          2|
    |buff_B_V_address0    |  14|          3|    8|         24|
    |buff_B_V_ce0         |  14|          3|    1|          3|
    |buff_B_V_ce1         |   9|          2|    1|          2|
    |buff_B_V_ce10        |   9|          2|    1|          2|
    |buff_B_V_ce11        |   9|          2|    1|          2|
    |buff_B_V_ce12        |   9|          2|    1|          2|
    |buff_B_V_ce13        |   9|          2|    1|          2|
    |buff_B_V_ce14        |   9|          2|    1|          2|
    |buff_B_V_ce15        |   9|          2|    1|          2|
    |buff_B_V_ce16        |   9|          2|    1|          2|
    |buff_B_V_ce2         |   9|          2|    1|          2|
    |buff_B_V_ce3         |   9|          2|    1|          2|
    |buff_B_V_ce4         |   9|          2|    1|          2|
    |buff_B_V_ce5         |   9|          2|    1|          2|
    |buff_B_V_ce6         |   9|          2|    1|          2|
    |buff_B_V_ce7         |   9|          2|    1|          2|
    |buff_B_V_ce8         |   9|          2|    1|          2|
    |buff_B_V_ce9         |   9|          2|    1|          2|
    |buff_B_V_we0         |   9|          2|    1|          2|
    |head_out_1_write     |   9|          2|    1|          2|
    |m_fu_74              |   9|          2|    5|         10|
    |tile_A_V_0_address0  |  59|         11|    5|         55|
    |tile_A_V_0_address1  |  49|          9|    5|         45|
    |tile_A_V_0_ce0       |  14|          3|    1|          3|
    |tile_A_V_0_we0       |   9|          2|    1|          2|
    +---------------------+----+-----------+-----+-----------+
    |Total                | 438|         92|   48|        201|
    +---------------------+----+-----------+-----+-----------+

    * Register: 
    +------------------------------------------------------------------------------+----+----+-----+-----------+
    |                                     Name                                     | FF | LUT| Bits| Const Bits|
    +------------------------------------------------------------------------------+----+----+-----+-----------+
    |ap_CS_fsm                                                                     |  16|   0|   16|          0|
    |ap_done_reg                                                                   |   1|   0|    1|          0|
    |grp_MatMul_KV_tiled_11_Pipeline_VITIS_LOOP_1818_5_fu_222_ap_start_reg         |   1|   0|    1|          0|
    |grp_MatMul_KV_tiled_11_Pipeline_VITIS_LOOP_1831_6_fu_229_ap_start_reg         |   1|   0|    1|          0|
    |grp_MatMul_KV_tiled_11_Pipeline_load_B_VITIS_LOOP_1796_1_fu_214_ap_start_reg  |   1|   0|    1|          0|
    |m_fu_74                                                                       |   5|   0|    5|          0|
    |tile_A_V_0_load_10_reg_425                                                    |   8|   0|    8|          0|
    |tile_A_V_0_load_11_reg_430                                                    |   8|   0|    8|          0|
    |tile_A_V_0_load_12_reg_435                                                    |   8|   0|    8|          0|
    |tile_A_V_0_load_13_reg_440                                                    |   8|   0|    8|          0|
    |tile_A_V_0_load_14_reg_445                                                    |   8|   0|    8|          0|
    |tile_A_V_0_load_15_reg_450                                                    |   8|   0|    8|          0|
    |tile_A_V_0_load_16_reg_455                                                    |   8|   0|    8|          0|
    |tile_A_V_0_load_1_reg_380                                                     |   8|   0|    8|          0|
    |tile_A_V_0_load_2_reg_385                                                     |   8|   0|    8|          0|
    |tile_A_V_0_load_3_reg_390                                                     |   8|   0|    8|          0|
    |tile_A_V_0_load_4_reg_395                                                     |   8|   0|    8|          0|
    |tile_A_V_0_load_5_reg_400                                                     |   8|   0|    8|          0|
    |tile_A_V_0_load_6_reg_405                                                     |   8|   0|    8|          0|
    |tile_A_V_0_load_7_reg_410                                                     |   8|   0|    8|          0|
    |tile_A_V_0_load_8_reg_415                                                     |   8|   0|    8|          0|
    |tile_A_V_0_load_9_reg_420                                                     |   8|   0|    8|          0|
    |tile_A_V_0_load_reg_375                                                       |   8|   0|    8|          0|
    +------------------------------------------------------------------------------+----+----+-----+-----------+
    |Total                                                                         | 161|   0|  161|          0|
    +------------------------------------------------------------------------------+----+----+-----+-----------+



================================================================
== Interface
================================================================
* Summary: 
+---------------------------+-----+-----+------------+----------------------------------------------------------------------------------+--------------+
|         RTL Ports         | Dir | Bits|  Protocol  |                                   Source Object                                  |    C Type    |
+---------------------------+-----+-----+------------+----------------------------------------------------------------------------------+--------------+
|ap_clk                     |   in|    1|  ap_ctrl_hs|  MatMul_KV_tiled<17, 17, 8, 1, 1, 1, 1, 1, 339, 16, 0, ap_int<8>, ap_int<32> >.11|  return value|
|ap_rst                     |   in|    1|  ap_ctrl_hs|  MatMul_KV_tiled<17, 17, 8, 1, 1, 1, 1, 1, 339, 16, 0, ap_int<8>, ap_int<32> >.11|  return value|
|ap_start                   |   in|    1|  ap_ctrl_hs|  MatMul_KV_tiled<17, 17, 8, 1, 1, 1, 1, 1, 339, 16, 0, ap_int<8>, ap_int<32> >.11|  return value|
|ap_done                    |  out|    1|  ap_ctrl_hs|  MatMul_KV_tiled<17, 17, 8, 1, 1, 1, 1, 1, 339, 16, 0, ap_int<8>, ap_int<32> >.11|  return value|
|ap_continue                |   in|    1|  ap_ctrl_hs|  MatMul_KV_tiled<17, 17, 8, 1, 1, 1, 1, 1, 339, 16, 0, ap_int<8>, ap_int<32> >.11|  return value|
|ap_idle                    |  out|    1|  ap_ctrl_hs|  MatMul_KV_tiled<17, 17, 8, 1, 1, 1, 1, 1, 339, 16, 0, ap_int<8>, ap_int<32> >.11|  return value|
|ap_ready                   |  out|    1|  ap_ctrl_hs|  MatMul_KV_tiled<17, 17, 8, 1, 1, 1, 1, 1, 339, 16, 0, ap_int<8>, ap_int<32> >.11|  return value|
|A_sx_1_dout                |   in|    8|     ap_fifo|                                                                            A_sx_1|       pointer|
|A_sx_1_num_data_valid      |   in|    2|     ap_fifo|                                                                            A_sx_1|       pointer|
|A_sx_1_fifo_cap            |   in|    2|     ap_fifo|                                                                            A_sx_1|       pointer|
|A_sx_1_empty_n             |   in|    1|     ap_fifo|                                                                            A_sx_1|       pointer|
|A_sx_1_read                |  out|    1|     ap_fifo|                                                                            A_sx_1|       pointer|
|V_1_1_dout                 |   in|    8|     ap_fifo|                                                                             V_1_1|       pointer|
|V_1_1_num_data_valid       |   in|    2|     ap_fifo|                                                                             V_1_1|       pointer|
|V_1_1_fifo_cap             |   in|    2|     ap_fifo|                                                                             V_1_1|       pointer|
|V_1_1_empty_n              |   in|    1|     ap_fifo|                                                                             V_1_1|       pointer|
|V_1_1_read                 |  out|    1|     ap_fifo|                                                                             V_1_1|       pointer|
|head_out_1_din             |  out|    8|     ap_fifo|                                                                        head_out_1|       pointer|
|head_out_1_num_data_valid  |   in|    2|     ap_fifo|                                                                        head_out_1|       pointer|
|head_out_1_fifo_cap        |   in|    2|     ap_fifo|                                                                        head_out_1|       pointer|
|head_out_1_full_n          |   in|    1|     ap_fifo|                                                                        head_out_1|       pointer|
|head_out_1_write           |  out|    1|     ap_fifo|                                                                        head_out_1|       pointer|
+---------------------------+-----+-----+------------+----------------------------------------------------------------------------------+--------------+

