

================================================================
== Vitis HLS Report for 'MultiHeadAttention_tiled'
================================================================
* Date:           Tue Jun 23 12:41:46 2026

* Version:        2022.2 (Build 3670227 on Oct 13 2022)
* Project:        ViT_Block
* Solution:       ViT_Block (Vivado IP Flow Target)
* Product family: virtexuplus
* Target device:  xcu250-figd2104-2L-e


================================================================
== Performance Estimates
================================================================
+ Timing: 
    * Summary: 
    +--------+----------+----------+------------+
    |  Clock |  Target  | Estimated| Uncertainty|
    +--------+----------+----------+------------+
    |ap_clk  |  10.00 ns|  7.300 ns|     2.70 ns|
    +--------+----------+----------+------------+

+ Latency: 
    * Summary: 
    +---------+---------+----------+----------+-----+-----+----------+
    |  Latency (cycles) |  Latency (absolute) |  Interval | Pipeline |
    |   min   |   max   |    min   |    max   | min | max |   Type   |
    +---------+---------+----------+----------+-----+-----+----------+
    |        ?|        ?|         ?|         ?|    ?|    ?|  dataflow|
    +---------+---------+----------+----------+-----+-----+----------+

    + Detail: 
        * Instance: 
        +--------------------------------------------------+-----------------------------------------------+---------+---------+-----------+-----------+------+------+----------+
        |                                                  |                                               |  Latency (cycles) |   Latency (absolute)  |   Interval  | Pipeline |
        |                     Instance                     |                     Module                    |   min   |   max   |    min    |    max    |  min |  max |   Type   |
        +--------------------------------------------------+-----------------------------------------------+---------+---------+-----------+-----------+------+------+----------+
        |Q_linear_tiled_U0                                 |Q_linear_tiled                                 |        ?|        ?|          ?|          ?|     ?|     ?|  dataflow|
        |K_linear_tiled_U0                                 |K_linear_tiled                                 |        ?|        ?|          ?|          ?|     ?|     ?|  dataflow|
        |V_linear_tiled_U0                                 |V_linear_tiled                                 |        ?|        ?|          ?|          ?|     ?|     ?|  dataflow|
        |split_heads_U0                                    |split_heads                                    |      274|      274|   2.740 us|   2.740 us|   274|   274|        no|
        |split_heads_2_U0                                  |split_heads_2                                  |      274|      274|   2.740 us|   2.740 us|   274|   274|        no|
        |split_heads_3_U0                                  |split_heads_3                                  |      274|      274|   2.740 us|   2.740 us|   274|   274|        no|
        |MM_tiled_U0                                       |MM_tiled                                       |      855|      855|   8.550 us|   8.550 us|   856|   856|  dataflow|
        |MM_tiled_4_U0                                     |MM_tiled_4                                     |      855|      855|   8.550 us|   8.550 us|   856|   856|  dataflow|
        |SOFTMAX_tile_U0                                   |SOFTMAX_tile                                   |      352|      352|   3.520 us|   3.520 us|   352|   352|        no|
        |SOFTMAX_tile_5_U0                                 |SOFTMAX_tile_5                                 |      352|      352|   3.520 us|   3.520 us|   352|   352|        no|
        |requant_ap_int_8_ap_int_8_17_17_170977_16_1_U0    |requant_ap_int_8_ap_int_8_17_17_170977_16_1_s  |      294|      294|   2.940 us|   2.940 us|   294|   294|        no|
        |requant_ap_int_8_ap_int_8_17_17_170977_16_1_6_U0  |requant_ap_int_8_ap_int_8_17_17_170977_16_1_6  |      294|      294|   2.940 us|   2.940 us|   294|   294|        no|
        |MM1_tiled_U0                                      |MM1_tiled                                      |     1008|     1008|  10.080 us|  10.080 us|  1009|  1009|  dataflow|
        |MM1_tiled_7_U0                                    |MM1_tiled_7                                    |     1008|     1008|  10.080 us|  10.080 us|  1009|  1009|  dataflow|
        |merge_heads_U0                                    |merge_heads                                    |      274|      274|   2.740 us|   2.740 us|   274|   274|        no|
        |Out_linear_tiled_U0                               |Out_linear_tiled                               |        ?|        ?|          ?|          ?|     ?|     ?|  dataflow|
        +--------------------------------------------------+-----------------------------------------------+---------+---------+-----------+-----------+------+------+----------+

        * Loop: 
        N/A



================================================================
== Utilization Estimates
================================================================
* Summary: 
+---------------------+---------+-------+---------+---------+------+
|         Name        | BRAM_18K|  DSP  |    FF   |   LUT   | URAM |
+---------------------+---------+-------+---------+---------+------+
|DSP                  |        -|      -|        -|        -|     -|
|Expression           |        -|      -|        0|       24|     -|
|FIFO                 |        -|      -|      360|      270|     -|
|Instance             |        4|    107|    58423|    56215|     0|
|Memory               |        -|      -|        -|        -|     -|
|Multiplexer          |        -|      -|        -|       45|     -|
|Register             |        -|      -|        5|        -|     -|
+---------------------+---------+-------+---------+---------+------+
|Total                |        4|    107|    58788|    56554|     0|
+---------------------+---------+-------+---------+---------+------+
|Available SLR        |     1344|   3072|   864000|   432000|   320|
+---------------------+---------+-------+---------+---------+------+
|Utilization SLR (%)  |       ~0|      3|        6|       13|     0|
+---------------------+---------+-------+---------+---------+------+
|Available            |     5376|  12288|  3456000|  1728000|  1280|
+---------------------+---------+-------+---------+---------+------+
|Utilization (%)      |       ~0|     ~0|        1|        3|     0|
+---------------------+---------+-------+---------+---------+------+

+ Detail: 
    * Instance: 
    +--------------------------------------------------+-----------------------------------------------+---------+----+-------+-------+-----+
    |                     Instance                     |                     Module                    | BRAM_18K| DSP|   FF  |  LUT  | URAM|
    +--------------------------------------------------+-----------------------------------------------+---------+----+-------+-------+-----+
    |K_linear_tiled_U0                                 |K_linear_tiled                                 |        1|  17|   1010|   1829|    0|
    |MM1_tiled_U0                                      |MM1_tiled                                      |        0|  12|    948|   1411|    0|
    |MM1_tiled_7_U0                                    |MM1_tiled_7                                    |        0|  12|    947|   1402|    0|
    |MM_tiled_U0                                       |MM_tiled                                       |        0|   6|    378|   1062|    0|
    |MM_tiled_4_U0                                     |MM_tiled_4                                     |        0|   6|    378|   1062|    0|
    |Out_linear_tiled_U0                               |Out_linear_tiled                               |        1|  18|   1013|   1841|    0|
    |Q_linear_tiled_U0                                 |Q_linear_tiled                                 |        1|  17|   1013|   1844|    0|
    |SOFTMAX_tile_U0                                   |SOFTMAX_tile                                   |        0|   0|  25792|  21269|    0|
    |SOFTMAX_tile_5_U0                                 |SOFTMAX_tile_5                                 |        0|   0|  25792|  21269|    0|
    |V_linear_tiled_U0                                 |V_linear_tiled                                 |        1|  17|   1013|   1844|    0|
    |merge_heads_U0                                    |merge_heads                                    |        0|   0|     26|    247|    0|
    |requant_ap_int_8_ap_int_8_17_17_170977_16_1_6_U0  |requant_ap_int_8_ap_int_8_17_17_170977_16_1_6  |        0|   1|     18|    215|    0|
    |requant_ap_int_8_ap_int_8_17_17_170977_16_1_U0    |requant_ap_int_8_ap_int_8_17_17_170977_16_1_s  |        0|   1|     18|    215|    0|
    |split_heads_U0                                    |split_heads                                    |        0|   0|     26|    238|    0|
    |split_heads_2_U0                                  |split_heads_2                                  |        0|   0|     25|    229|    0|
    |split_heads_3_U0                                  |split_heads_3                                  |        0|   0|     26|    238|    0|
    +--------------------------------------------------+-----------------------------------------------+---------+----+-------+-------+-----+
    |Total                                             |                                               |        4| 107|  58423|  56215|    0|
    +--------------------------------------------------+-----------------------------------------------+---------+----+-------+-------+-----+

    * DSP: 
    N/A

    * Memory: 
    N/A

    * FIFO: 
    +--------------+---------+----+----+-----+------+-----+---------+
    |     Name     | BRAM_18K| FF | LUT| URAM| Depth| Bits| Size:D*B|
    +--------------+---------+----+----+-----+------+-----+---------+
    |A_0_U         |        0|  20|   0|    -|     2|    8|       16|
    |A_1_U         |        0|  20|   0|    -|     2|    8|       16|
    |A_s_0_U       |        0|  20|   0|    -|     2|    8|       16|
    |A_s_1_U       |        0|  20|   0|    -|     2|    8|       16|
    |A_sx_0_U      |        0|  20|   0|    -|     2|    8|       16|
    |A_sx_1_U      |        0|  20|   0|    -|     2|    8|       16|
    |K_1_0_U       |        0|  20|   0|    -|     2|    8|       16|
    |K_1_1_U       |        0|  20|   0|    -|     2|    8|       16|
    |Q_1_0_U       |        0|  20|   0|    -|     2|    8|       16|
    |Q_1_1_U       |        0|  20|   0|    -|     2|    8|       16|
    |V_1_0_U       |        0|  20|   0|    -|     2|    8|       16|
    |V_1_1_U       |        0|  20|   0|    -|     2|    8|       16|
    |head_out_0_U  |        0|  20|   0|    -|     2|    8|       16|
    |head_out_1_U  |        0|  20|   0|    -|     2|    8|       16|
    |k_lin_U       |        0|  20|   0|    -|     2|    8|       16|
    |out_linear_U  |        0|  20|   0|    -|     2|    8|       16|
    |q_lin_U       |        0|  20|   0|    -|     2|    8|       16|
    |v_lin_U       |        0|  20|   0|    -|     2|    8|       16|
    +--------------+---------+----+----+-----+------+-----+---------+
    |Total         |        0| 360|   0|    0|    36|  144|      288|
    +--------------+---------+----+----+-----+------+-----+---------+

    * Expression: 
    +--------------------------------------+----------+----+---+----+------------+------------+
    |             Variable Name            | Operation| DSP| FF| LUT| Bitwidth P0| Bitwidth P1|
    +--------------------------------------+----------+----+---+----+------------+------------+
    |K_linear_tiled_U0_ap_start            |       and|   0|  0|   2|           1|           1|
    |Out_linear_tiled_U0_ap_start          |       and|   0|  0|   2|           1|           1|
    |Q_linear_tiled_U0_ap_start            |       and|   0|  0|   2|           1|           1|
    |V_linear_tiled_U0_ap_start            |       and|   0|  0|   2|           1|           1|
    |ap_idle                               |       and|   0|  0|   2|           1|           1|
    |ap_sync_ready                         |       and|   0|  0|   2|           1|           1|
    |split_heads_3_U0_start_full_n         |       and|   0|  0|   2|           1|           1|
    |split_heads_U0_start_full_n           |       and|   0|  0|   2|           1|           1|
    |ap_sync_K_linear_tiled_U0_ap_ready    |        or|   0|  0|   2|           1|           1|
    |ap_sync_Out_linear_tiled_U0_ap_ready  |        or|   0|  0|   2|           1|           1|
    |ap_sync_Q_linear_tiled_U0_ap_ready    |        or|   0|  0|   2|           1|           1|
    |ap_sync_V_linear_tiled_U0_ap_ready    |        or|   0|  0|   2|           1|           1|
    +--------------------------------------+----------+----+---+----+------------+------------+
    |Total                                 |          |   0|  0|  24|          12|          12|
    +--------------------------------------+----------+----+---+----+------------+------------+

    * Multiplexer: 
    +------------------------------------------+----+-----------+-----+-----------+
    |                   Name                   | LUT| Input Size| Bits| Total Bits|
    +------------------------------------------+----+-----------+-----+-----------+
    |ap_sync_reg_K_linear_tiled_U0_ap_ready    |   9|          2|    1|          2|
    |ap_sync_reg_Out_linear_tiled_U0_ap_ready  |   9|          2|    1|          2|
    |ap_sync_reg_Q_linear_tiled_U0_ap_ready    |   9|          2|    1|          2|
    |ap_sync_reg_V_linear_tiled_U0_ap_ready    |   9|          2|    1|          2|
    |real_start                                |   9|          2|    1|          2|
    +------------------------------------------+----+-----------+-----+-----------+
    |Total                                     |  45|         10|    5|         10|
    +------------------------------------------+----+-----------+-----+-----------+

    * Register: 
    +------------------------------------------+---+----+-----+-----------+
    |                   Name                   | FF| LUT| Bits| Const Bits|
    +------------------------------------------+---+----+-----+-----------+
    |ap_sync_reg_K_linear_tiled_U0_ap_ready    |  1|   0|    1|          0|
    |ap_sync_reg_Out_linear_tiled_U0_ap_ready  |  1|   0|    1|          0|
    |ap_sync_reg_Q_linear_tiled_U0_ap_ready    |  1|   0|    1|          0|
    |ap_sync_reg_V_linear_tiled_U0_ap_ready    |  1|   0|    1|          0|
    |start_once_reg                            |  1|   0|    1|          0|
    +------------------------------------------+---+----+-----+-----------+
    |Total                                     |  5|   0|    5|          0|
    +------------------------------------------+---+----+-----+-----------+



================================================================
== Interface
================================================================
* Summary: 
+----------------------+-----+-----+------------+--------------------------+--------------+
|       RTL Ports      | Dir | Bits|  Protocol  |       Source Object      |    C Type    |
+----------------------+-----+-----+------------+--------------------------+--------------+
|ap_start              |   in|    1|  ap_ctrl_hs|  MultiHeadAttention_tiled|  return value|
|start_full_n          |   in|    1|  ap_ctrl_hs|  MultiHeadAttention_tiled|  return value|
|start_out             |  out|    1|  ap_ctrl_hs|  MultiHeadAttention_tiled|  return value|
|start_write           |  out|    1|  ap_ctrl_hs|  MultiHeadAttention_tiled|  return value|
|ap_clk                |   in|    1|  ap_ctrl_hs|  MultiHeadAttention_tiled|  return value|
|ap_rst                |   in|    1|  ap_ctrl_hs|  MultiHeadAttention_tiled|  return value|
|ap_done               |  out|    1|  ap_ctrl_hs|  MultiHeadAttention_tiled|  return value|
|ap_ready              |  out|    1|  ap_ctrl_hs|  MultiHeadAttention_tiled|  return value|
|ap_idle               |  out|    1|  ap_ctrl_hs|  MultiHeadAttention_tiled|  return value|
|ap_continue           |   in|    1|  ap_ctrl_hs|  MultiHeadAttention_tiled|  return value|
|m_axi_Q_AWVALID       |  out|    1|       m_axi|                         Q|       pointer|
|m_axi_Q_AWREADY       |   in|    1|       m_axi|                         Q|       pointer|
|m_axi_Q_AWADDR        |  out|   64|       m_axi|                         Q|       pointer|
|m_axi_Q_AWID          |  out|    1|       m_axi|                         Q|       pointer|
|m_axi_Q_AWLEN         |  out|   32|       m_axi|                         Q|       pointer|
|m_axi_Q_AWSIZE        |  out|    3|       m_axi|                         Q|       pointer|
|m_axi_Q_AWBURST       |  out|    2|       m_axi|                         Q|       pointer|
|m_axi_Q_AWLOCK        |  out|    2|       m_axi|                         Q|       pointer|
|m_axi_Q_AWCACHE       |  out|    4|       m_axi|                         Q|       pointer|
|m_axi_Q_AWPROT        |  out|    3|       m_axi|                         Q|       pointer|
|m_axi_Q_AWQOS         |  out|    4|       m_axi|                         Q|       pointer|
|m_axi_Q_AWREGION      |  out|    4|       m_axi|                         Q|       pointer|
|m_axi_Q_AWUSER        |  out|    1|       m_axi|                         Q|       pointer|
|m_axi_Q_WVALID        |  out|    1|       m_axi|                         Q|       pointer|
|m_axi_Q_WREADY        |   in|    1|       m_axi|                         Q|       pointer|
|m_axi_Q_WDATA         |  out|    8|       m_axi|                         Q|       pointer|
|m_axi_Q_WSTRB         |  out|    1|       m_axi|                         Q|       pointer|
|m_axi_Q_WLAST         |  out|    1|       m_axi|                         Q|       pointer|
|m_axi_Q_WID           |  out|    1|       m_axi|                         Q|       pointer|
|m_axi_Q_WUSER         |  out|    1|       m_axi|                         Q|       pointer|
|m_axi_Q_ARVALID       |  out|    1|       m_axi|                         Q|       pointer|
|m_axi_Q_ARREADY       |   in|    1|       m_axi|                         Q|       pointer|
|m_axi_Q_ARADDR        |  out|   64|       m_axi|                         Q|       pointer|
|m_axi_Q_ARID          |  out|    1|       m_axi|                         Q|       pointer|
|m_axi_Q_ARLEN         |  out|   32|       m_axi|                         Q|       pointer|
|m_axi_Q_ARSIZE        |  out|    3|       m_axi|                         Q|       pointer|
|m_axi_Q_ARBURST       |  out|    2|       m_axi|                         Q|       pointer|
|m_axi_Q_ARLOCK        |  out|    2|       m_axi|                         Q|       pointer|
|m_axi_Q_ARCACHE       |  out|    4|       m_axi|                         Q|       pointer|
|m_axi_Q_ARPROT        |  out|    3|       m_axi|                         Q|       pointer|
|m_axi_Q_ARQOS         |  out|    4|       m_axi|                         Q|       pointer|
|m_axi_Q_ARREGION      |  out|    4|       m_axi|                         Q|       pointer|
|m_axi_Q_ARUSER        |  out|    1|       m_axi|                         Q|       pointer|
|m_axi_Q_RVALID        |   in|    1|       m_axi|                         Q|       pointer|
|m_axi_Q_RREADY        |  out|    1|       m_axi|                         Q|       pointer|
|m_axi_Q_RDATA         |   in|    8|       m_axi|                         Q|       pointer|
|m_axi_Q_RLAST         |   in|    1|       m_axi|                         Q|       pointer|
|m_axi_Q_RID           |   in|    1|       m_axi|                         Q|       pointer|
|m_axi_Q_RFIFONUM      |   in|   13|       m_axi|                         Q|       pointer|
|m_axi_Q_RUSER         |   in|    1|       m_axi|                         Q|       pointer|
|m_axi_Q_RRESP         |   in|    2|       m_axi|                         Q|       pointer|
|m_axi_Q_BVALID        |   in|    1|       m_axi|                         Q|       pointer|
|m_axi_Q_BREADY        |  out|    1|       m_axi|                         Q|       pointer|
|m_axi_Q_BRESP         |   in|    2|       m_axi|                         Q|       pointer|
|m_axi_Q_BID           |   in|    1|       m_axi|                         Q|       pointer|
|m_axi_Q_BUSER         |   in|    1|       m_axi|                         Q|       pointer|
|in_q                  |   in|   64|     ap_none|                      in_q|        scalar|
|in_q_ap_vld           |   in|    1|     ap_none|                      in_q|        scalar|
|m_axi_K_AWVALID       |  out|    1|       m_axi|                         K|       pointer|
|m_axi_K_AWREADY       |   in|    1|       m_axi|                         K|       pointer|
|m_axi_K_AWADDR        |  out|   64|       m_axi|                         K|       pointer|
|m_axi_K_AWID          |  out|    1|       m_axi|                         K|       pointer|
|m_axi_K_AWLEN         |  out|   32|       m_axi|                         K|       pointer|
|m_axi_K_AWSIZE        |  out|    3|       m_axi|                         K|       pointer|
|m_axi_K_AWBURST       |  out|    2|       m_axi|                         K|       pointer|
|m_axi_K_AWLOCK        |  out|    2|       m_axi|                         K|       pointer|
|m_axi_K_AWCACHE       |  out|    4|       m_axi|                         K|       pointer|
|m_axi_K_AWPROT        |  out|    3|       m_axi|                         K|       pointer|
|m_axi_K_AWQOS         |  out|    4|       m_axi|                         K|       pointer|
|m_axi_K_AWREGION      |  out|    4|       m_axi|                         K|       pointer|
|m_axi_K_AWUSER        |  out|    1|       m_axi|                         K|       pointer|
|m_axi_K_WVALID        |  out|    1|       m_axi|                         K|       pointer|
|m_axi_K_WREADY        |   in|    1|       m_axi|                         K|       pointer|
|m_axi_K_WDATA         |  out|    8|       m_axi|                         K|       pointer|
|m_axi_K_WSTRB         |  out|    1|       m_axi|                         K|       pointer|
|m_axi_K_WLAST         |  out|    1|       m_axi|                         K|       pointer|
|m_axi_K_WID           |  out|    1|       m_axi|                         K|       pointer|
|m_axi_K_WUSER         |  out|    1|       m_axi|                         K|       pointer|
|m_axi_K_ARVALID       |  out|    1|       m_axi|                         K|       pointer|
|m_axi_K_ARREADY       |   in|    1|       m_axi|                         K|       pointer|
|m_axi_K_ARADDR        |  out|   64|       m_axi|                         K|       pointer|
|m_axi_K_ARID          |  out|    1|       m_axi|                         K|       pointer|
|m_axi_K_ARLEN         |  out|   32|       m_axi|                         K|       pointer|
|m_axi_K_ARSIZE        |  out|    3|       m_axi|                         K|       pointer|
|m_axi_K_ARBURST       |  out|    2|       m_axi|                         K|       pointer|
|m_axi_K_ARLOCK        |  out|    2|       m_axi|                         K|       pointer|
|m_axi_K_ARCACHE       |  out|    4|       m_axi|                         K|       pointer|
|m_axi_K_ARPROT        |  out|    3|       m_axi|                         K|       pointer|
|m_axi_K_ARQOS         |  out|    4|       m_axi|                         K|       pointer|
|m_axi_K_ARREGION      |  out|    4|       m_axi|                         K|       pointer|
|m_axi_K_ARUSER        |  out|    1|       m_axi|                         K|       pointer|
|m_axi_K_RVALID        |   in|    1|       m_axi|                         K|       pointer|
|m_axi_K_RREADY        |  out|    1|       m_axi|                         K|       pointer|
|m_axi_K_RDATA         |   in|    8|       m_axi|                         K|       pointer|
|m_axi_K_RLAST         |   in|    1|       m_axi|                         K|       pointer|
|m_axi_K_RID           |   in|    1|       m_axi|                         K|       pointer|
|m_axi_K_RFIFONUM      |   in|   13|       m_axi|                         K|       pointer|
|m_axi_K_RUSER         |   in|    1|       m_axi|                         K|       pointer|
|m_axi_K_RRESP         |   in|    2|       m_axi|                         K|       pointer|
|m_axi_K_BVALID        |   in|    1|       m_axi|                         K|       pointer|
|m_axi_K_BREADY        |  out|    1|       m_axi|                         K|       pointer|
|m_axi_K_BRESP         |   in|    2|       m_axi|                         K|       pointer|
|m_axi_K_BID           |   in|    1|       m_axi|                         K|       pointer|
|m_axi_K_BUSER         |   in|    1|       m_axi|                         K|       pointer|
|in_k                  |   in|   64|     ap_none|                      in_k|        scalar|
|in_k_ap_vld           |   in|    1|     ap_none|                      in_k|        scalar|
|m_axi_V_AWVALID       |  out|    1|       m_axi|                         V|       pointer|
|m_axi_V_AWREADY       |   in|    1|       m_axi|                         V|       pointer|
|m_axi_V_AWADDR        |  out|   64|       m_axi|                         V|       pointer|
|m_axi_V_AWID          |  out|    1|       m_axi|                         V|       pointer|
|m_axi_V_AWLEN         |  out|   32|       m_axi|                         V|       pointer|
|m_axi_V_AWSIZE        |  out|    3|       m_axi|                         V|       pointer|
|m_axi_V_AWBURST       |  out|    2|       m_axi|                         V|       pointer|
|m_axi_V_AWLOCK        |  out|    2|       m_axi|                         V|       pointer|
|m_axi_V_AWCACHE       |  out|    4|       m_axi|                         V|       pointer|
|m_axi_V_AWPROT        |  out|    3|       m_axi|                         V|       pointer|
|m_axi_V_AWQOS         |  out|    4|       m_axi|                         V|       pointer|
|m_axi_V_AWREGION      |  out|    4|       m_axi|                         V|       pointer|
|m_axi_V_AWUSER        |  out|    1|       m_axi|                         V|       pointer|
|m_axi_V_WVALID        |  out|    1|       m_axi|                         V|       pointer|
|m_axi_V_WREADY        |   in|    1|       m_axi|                         V|       pointer|
|m_axi_V_WDATA         |  out|    8|       m_axi|                         V|       pointer|
|m_axi_V_WSTRB         |  out|    1|       m_axi|                         V|       pointer|
|m_axi_V_WLAST         |  out|    1|       m_axi|                         V|       pointer|
|m_axi_V_WID           |  out|    1|       m_axi|                         V|       pointer|
|m_axi_V_WUSER         |  out|    1|       m_axi|                         V|       pointer|
|m_axi_V_ARVALID       |  out|    1|       m_axi|                         V|       pointer|
|m_axi_V_ARREADY       |   in|    1|       m_axi|                         V|       pointer|
|m_axi_V_ARADDR        |  out|   64|       m_axi|                         V|       pointer|
|m_axi_V_ARID          |  out|    1|       m_axi|                         V|       pointer|
|m_axi_V_ARLEN         |  out|   32|       m_axi|                         V|       pointer|
|m_axi_V_ARSIZE        |  out|    3|       m_axi|                         V|       pointer|
|m_axi_V_ARBURST       |  out|    2|       m_axi|                         V|       pointer|
|m_axi_V_ARLOCK        |  out|    2|       m_axi|                         V|       pointer|
|m_axi_V_ARCACHE       |  out|    4|       m_axi|                         V|       pointer|
|m_axi_V_ARPROT        |  out|    3|       m_axi|                         V|       pointer|
|m_axi_V_ARQOS         |  out|    4|       m_axi|                         V|       pointer|
|m_axi_V_ARREGION      |  out|    4|       m_axi|                         V|       pointer|
|m_axi_V_ARUSER        |  out|    1|       m_axi|                         V|       pointer|
|m_axi_V_RVALID        |   in|    1|       m_axi|                         V|       pointer|
|m_axi_V_RREADY        |  out|    1|       m_axi|                         V|       pointer|
|m_axi_V_RDATA         |   in|    8|       m_axi|                         V|       pointer|
|m_axi_V_RLAST         |   in|    1|       m_axi|                         V|       pointer|
|m_axi_V_RID           |   in|    1|       m_axi|                         V|       pointer|
|m_axi_V_RFIFONUM      |   in|   13|       m_axi|                         V|       pointer|
|m_axi_V_RUSER         |   in|    1|       m_axi|                         V|       pointer|
|m_axi_V_RRESP         |   in|    2|       m_axi|                         V|       pointer|
|m_axi_V_BVALID        |   in|    1|       m_axi|                         V|       pointer|
|m_axi_V_BREADY        |  out|    1|       m_axi|                         V|       pointer|
|m_axi_V_BRESP         |   in|    2|       m_axi|                         V|       pointer|
|m_axi_V_BID           |   in|    1|       m_axi|                         V|       pointer|
|m_axi_V_BUSER         |   in|    1|       m_axi|                         V|       pointer|
|in_v                  |   in|   64|     ap_none|                      in_v|        scalar|
|in_v_ap_vld           |   in|    1|     ap_none|                      in_v|        scalar|
|m_axi_Out_r_AWVALID   |  out|    1|       m_axi|                     Out_r|       pointer|
|m_axi_Out_r_AWREADY   |   in|    1|       m_axi|                     Out_r|       pointer|
|m_axi_Out_r_AWADDR    |  out|   64|       m_axi|                     Out_r|       pointer|
|m_axi_Out_r_AWID      |  out|    1|       m_axi|                     Out_r|       pointer|
|m_axi_Out_r_AWLEN     |  out|   32|       m_axi|                     Out_r|       pointer|
|m_axi_Out_r_AWSIZE    |  out|    3|       m_axi|                     Out_r|       pointer|
|m_axi_Out_r_AWBURST   |  out|    2|       m_axi|                     Out_r|       pointer|
|m_axi_Out_r_AWLOCK    |  out|    2|       m_axi|                     Out_r|       pointer|
|m_axi_Out_r_AWCACHE   |  out|    4|       m_axi|                     Out_r|       pointer|
|m_axi_Out_r_AWPROT    |  out|    3|       m_axi|                     Out_r|       pointer|
|m_axi_Out_r_AWQOS     |  out|    4|       m_axi|                     Out_r|       pointer|
|m_axi_Out_r_AWREGION  |  out|    4|       m_axi|                     Out_r|       pointer|
|m_axi_Out_r_AWUSER    |  out|    1|       m_axi|                     Out_r|       pointer|
|m_axi_Out_r_WVALID    |  out|    1|       m_axi|                     Out_r|       pointer|
|m_axi_Out_r_WREADY    |   in|    1|       m_axi|                     Out_r|       pointer|
|m_axi_Out_r_WDATA     |  out|    8|       m_axi|                     Out_r|       pointer|
|m_axi_Out_r_WSTRB     |  out|    1|       m_axi|                     Out_r|       pointer|
|m_axi_Out_r_WLAST     |  out|    1|       m_axi|                     Out_r|       pointer|
|m_axi_Out_r_WID       |  out|    1|       m_axi|                     Out_r|       pointer|
|m_axi_Out_r_WUSER     |  out|    1|       m_axi|                     Out_r|       pointer|
|m_axi_Out_r_ARVALID   |  out|    1|       m_axi|                     Out_r|       pointer|
|m_axi_Out_r_ARREADY   |   in|    1|       m_axi|                     Out_r|       pointer|
|m_axi_Out_r_ARADDR    |  out|   64|       m_axi|                     Out_r|       pointer|
|m_axi_Out_r_ARID      |  out|    1|       m_axi|                     Out_r|       pointer|
|m_axi_Out_r_ARLEN     |  out|   32|       m_axi|                     Out_r|       pointer|
|m_axi_Out_r_ARSIZE    |  out|    3|       m_axi|                     Out_r|       pointer|
|m_axi_Out_r_ARBURST   |  out|    2|       m_axi|                     Out_r|       pointer|
|m_axi_Out_r_ARLOCK    |  out|    2|       m_axi|                     Out_r|       pointer|
|m_axi_Out_r_ARCACHE   |  out|    4|       m_axi|                     Out_r|       pointer|
|m_axi_Out_r_ARPROT    |  out|    3|       m_axi|                     Out_r|       pointer|
|m_axi_Out_r_ARQOS     |  out|    4|       m_axi|                     Out_r|       pointer|
|m_axi_Out_r_ARREGION  |  out|    4|       m_axi|                     Out_r|       pointer|
|m_axi_Out_r_ARUSER    |  out|    1|       m_axi|                     Out_r|       pointer|
|m_axi_Out_r_RVALID    |   in|    1|       m_axi|                     Out_r|       pointer|
|m_axi_Out_r_RREADY    |  out|    1|       m_axi|                     Out_r|       pointer|
|m_axi_Out_r_RDATA     |   in|    8|       m_axi|                     Out_r|       pointer|
|m_axi_Out_r_RLAST     |   in|    1|       m_axi|                     Out_r|       pointer|
|m_axi_Out_r_RID       |   in|    1|       m_axi|                     Out_r|       pointer|
|m_axi_Out_r_RFIFONUM  |   in|   13|       m_axi|                     Out_r|       pointer|
|m_axi_Out_r_RUSER     |   in|    1|       m_axi|                     Out_r|       pointer|
|m_axi_Out_r_RRESP     |   in|    2|       m_axi|                     Out_r|       pointer|
|m_axi_Out_r_BVALID    |   in|    1|       m_axi|                     Out_r|       pointer|
|m_axi_Out_r_BREADY    |  out|    1|       m_axi|                     Out_r|       pointer|
|m_axi_Out_r_BRESP     |   in|    2|       m_axi|                     Out_r|       pointer|
|m_axi_Out_r_BID       |   in|    1|       m_axi|                     Out_r|       pointer|
|m_axi_Out_r_BUSER     |   in|    1|       m_axi|                     Out_r|       pointer|
|in_o                  |   in|   64|     ap_none|                      in_o|        scalar|
|in_o_ap_vld           |   in|    1|     ap_none|                      in_o|        scalar|
|Q_in5_dout            |   in|    8|     ap_fifo|                     Q_in5|       pointer|
|Q_in5_empty_n         |   in|    1|     ap_fifo|                     Q_in5|       pointer|
|Q_in5_read            |  out|    1|     ap_fifo|                     Q_in5|       pointer|
|K_in6_dout            |   in|    8|     ap_fifo|                     K_in6|       pointer|
|K_in6_empty_n         |   in|    1|     ap_fifo|                     K_in6|       pointer|
|K_in6_read            |  out|    1|     ap_fifo|                     K_in6|       pointer|
|V_in7_dout            |   in|    8|     ap_fifo|                     V_in7|       pointer|
|V_in7_empty_n         |   in|    1|     ap_fifo|                     V_in7|       pointer|
|V_in7_read            |  out|    1|     ap_fifo|                     V_in7|       pointer|
|out_mha8_din          |  out|    8|     ap_fifo|                  out_mha8|       pointer|
|out_mha8_full_n       |   in|    1|     ap_fifo|                  out_mha8|       pointer|
|out_mha8_write        |  out|    1|     ap_fifo|                  out_mha8|       pointer|
+----------------------+-----+-----+------------+--------------------------+--------------+

