

================================================================
== Vitis HLS Report for 'packer_to_packs_1_1_1_ap_int_8_s'
================================================================
* Date:           Tue Jun 23 12:33:43 2026

* Version:        2022.2 (Build 3670227 on Oct 13 2022)
* Project:        ViT_Block
* Solution:       ViT_Block (Vivado IP Flow Target)
* Product family: virtexuplus
* Target device:  xcu250-figd2104-2L-e


================================================================
== Performance Estimates
================================================================
+ Timing: 
    * Summary: 
    +--------+----------+----------+------------+
    |  Clock |  Target  | Estimated| Uncertainty|
    +--------+----------+----------+------------+
    |ap_clk  |  10.00 ns|  2.500 ns|     2.70 ns|
    +--------+----------+----------+------------+

+ Latency: 
    * Summary: 
    +---------+---------+----------+----------+-----+-----+---------+
    |  Latency (cycles) |  Latency (absolute) |  Interval | Pipeline|
    |   min   |   max   |    min   |    max   | min | max |   Type  |
    +---------+---------+----------+----------+-----+-----+---------+
    |        ?|        ?|         ?|         ?|    ?|    ?|       no|
    +---------+---------+----------+----------+-----+-----+---------+

    + Detail: 
        * Instance: 
        N/A

        * Loop: 
        +--------------------+---------+---------+----------+-----------+-----------+------+----------+
        |                    |  Latency (cycles) | Iteration|  Initiation Interval  | Trip |          |
        |      Loop Name     |   min   |   max   |  Latency |  achieved |   target  | Count| Pipelined|
        +--------------------+---------+---------+----------+-----------+-----------+------+----------+
        |- VITIS_LOOP_591_1  |        ?|        ?|         2|          1|          1|     ?|       yes|
        +--------------------+---------+---------+----------+-----------+-----------+------+----------+



================================================================
== Utilization Estimates
================================================================
* Summary: 
+---------------------+---------+-------+---------+---------+------+
|         Name        | BRAM_18K|  DSP  |    FF   |   LUT   | URAM |
+---------------------+---------+-------+---------+---------+------+
|DSP                  |        -|      -|        -|        -|     -|
|Expression           |        -|      -|        0|      283|     -|
|FIFO                 |        -|      -|        -|        -|     -|
|Instance             |        -|      -|        -|        -|     -|
|Memory               |        -|      -|        -|        -|     -|
|Multiplexer          |        -|      -|        -|       82|     -|
|Register             |        -|      -|       89|        -|     -|
+---------------------+---------+-------+---------+---------+------+
|Total                |        0|      0|       89|      365|     0|
+---------------------+---------+-------+---------+---------+------+
|Available SLR        |     1344|   3072|   864000|   432000|   320|
+---------------------+---------+-------+---------+---------+------+
|Utilization SLR (%)  |        0|      0|       ~0|       ~0|     0|
+---------------------+---------+-------+---------+---------+------+
|Available            |     5376|  12288|  3456000|  1728000|  1280|
+---------------------+---------+-------+---------+---------+------+
|Utilization (%)      |        0|      0|       ~0|       ~0|     0|
+---------------------+---------+-------+---------+---------+------+

+ Detail: 
    * Instance: 
    N/A

    * DSP: 
    N/A

    * Memory: 
    N/A

    * FIFO: 
    N/A

    * Expression: 
    +----------------------------------+----------+----+---+----+------------+------------+
    |           Variable Name          | Operation| DSP| FF| LUT| Bitwidth P0| Bitwidth P1|
    +----------------------------------+----------+----+---+----+------------+------------+
    |produced_2_fu_122_p2              |         +|   0|  0|  39|          32|           1|
    |valid_2_fu_142_p2                 |         +|   0|  0|  39|          32|           4|
    |valid_3_fu_116_p2                 |         +|   0|  0|  39|          32|           5|
    |and_ln368_fu_195_p2               |       and|   0|  0|  16|          16|          16|
    |ap_block_pp0_stage0_01001         |       and|   0|  0|   2|           1|           1|
    |ap_condition_238                  |       and|   0|  0|   2|           1|           1|
    |ap_condition_241                  |       and|   0|  0|   2|           1|           1|
    |icmp_ln591_fu_94_p2               |      icmp|   0|  0|  20|          32|           1|
    |icmp_ln593_fu_110_p2              |      icmp|   0|  0|  18|          29|           1|
    |ap_block_state3_pp0_stage0_iter2  |        or|   0|  0|   2|           1|           1|
    |p_Result_s_fu_211_p2              |        or|   0|  0|  16|          16|          16|
    |shl_ln368_1_fu_205_p2             |       shl|   0|  0|  35|          16|          16|
    |shl_ln368_fu_183_p2               |       shl|   0|  0|  35|           8|          16|
    |ap_enable_pp0                     |       xor|   0|  0|   2|           1|           2|
    |xor_ln368_fu_189_p2               |       xor|   0|  0|  16|          16|           2|
    +----------------------------------+----------+----+---+----+------------+------------+
    |Total                             |          |   0|  0| 283|         234|          84|
    +----------------------------------+----------+----+---+----+------------+------------+

    * Multiplexer: 
    +-------------------------+----+-----------+-----+-----------+
    |           Name          | LUT| Input Size| Bits| Total Bits|
    +-------------------------+----+-----------+-----+-----------+
    |ap_done_int              |   9|          2|    1|          2|
    |ap_enable_reg_pp0_iter1  |   9|          2|    1|          2|
    |ap_enable_reg_pp0_iter2  |   9|          2|    1|          2|
    |burst_reads2_blk_n       |   9|          2|    1|          2|
    |out_w1_blk_n             |   9|          2|    1|          2|
    |p_Val2_s_fu_52           |  14|          3|   16|         48|
    |produced_fu_56           |   9|          2|   32|         64|
    |valid_fu_48              |  14|          3|   32|         96|
    +-------------------------+----+-----------+-----+-----------+
    |Total                    |  82|         18|   85|        218|
    +-------------------------+----+-----------+-----+-----------+

    * Register: 
    +-------------------------+----+----+-----+-----------+
    |           Name          | FF | LUT| Bits| Const Bits|
    +-------------------------+----+----+-----+-----------+
    |ap_CS_fsm                |   1|   0|    1|          0|
    |ap_done_reg              |   1|   0|    1|          0|
    |ap_enable_reg_pp0_iter1  |   1|   0|    1|          0|
    |ap_enable_reg_pp0_iter2  |   1|   0|    1|          0|
    |icmp_ln593_reg_248       |   1|   0|    1|          0|
    |p_Val2_s_fu_52           |  16|   0|   16|          0|
    |produced_fu_56           |  32|   0|   32|          0|
    |trunc_ln368_reg_252      |   4|   0|    4|          0|
    |valid_fu_48              |  32|   0|   32|          0|
    +-------------------------+----+----+-----+-----------+
    |Total                    |  89|   0|   89|          0|
    +-------------------------+----+----+-----+-----------+



================================================================
== Interface
================================================================
* Summary: 
+-----------------------+-----+-----+------------+--------------------------------------+--------------+
|       RTL Ports       | Dir | Bits|  Protocol  |             Source Object            |    C Type    |
+-----------------------+-----+-----+------------+--------------------------------------+--------------+
|ap_clk                 |   in|    1|  ap_ctrl_hs|  packer_to_packs<1, 1, 1, ap_int<8> >|  return value|
|ap_rst                 |   in|    1|  ap_ctrl_hs|  packer_to_packs<1, 1, 1, ap_int<8> >|  return value|
|ap_start               |   in|    1|  ap_ctrl_hs|  packer_to_packs<1, 1, 1, ap_int<8> >|  return value|
|ap_done                |  out|    1|  ap_ctrl_hs|  packer_to_packs<1, 1, 1, ap_int<8> >|  return value|
|ap_idle                |  out|    1|  ap_ctrl_hs|  packer_to_packs<1, 1, 1, ap_int<8> >|  return value|
|ap_ready               |  out|    1|  ap_ctrl_hs|  packer_to_packs<1, 1, 1, ap_int<8> >|  return value|
|out_w1_din             |  out|    8|     ap_fifo|                                out_w1|       pointer|
|out_w1_num_data_valid  |   in|    7|     ap_fifo|                                out_w1|       pointer|
|out_w1_fifo_cap        |   in|    7|     ap_fifo|                                out_w1|       pointer|
|out_w1_full_n          |   in|    1|     ap_fifo|                                out_w1|       pointer|
|out_w1_write           |  out|    1|     ap_fifo|                                out_w1|       pointer|
|burst_reads2_dout      |   in|    8|     ap_fifo|                          burst_reads2|       pointer|
|burst_reads2_empty_n   |   in|    1|     ap_fifo|                          burst_reads2|       pointer|
|burst_reads2_read      |  out|    1|     ap_fifo|                          burst_reads2|       pointer|
+-----------------------+-----+-----+------------+--------------------------------------+--------------+

