

================================================================
== Vitis HLS Report for 'Relu_tiled_oc'
================================================================
* Date:           Tue Jun 23 12:41:49 2026

* Version:        2022.2 (Build 3670227 on Oct 13 2022)
* Project:        ViT_Block
* Solution:       ViT_Block (Vivado IP Flow Target)
* Product family: virtexuplus
* Target device:  xcu250-figd2104-2L-e


================================================================
== Performance Estimates
================================================================
+ Timing: 
    * Summary: 
    +--------+----------+----------+------------+
    |  Clock |  Target  | Estimated| Uncertainty|
    +--------+----------+----------+------------+
    |ap_clk  |  10.00 ns|  3.603 ns|     2.70 ns|
    +--------+----------+----------+------------+

+ Latency: 
    * Summary: 
    +---------+---------+-----------+-----------+------+------+---------+
    |  Latency (cycles) |   Latency (absolute)  |   Interval  | Pipeline|
    |   min   |   max   |    min    |    max    |  min |  max |   Type  |
    +---------+---------+-----------+-----------+------+------+---------+
    |     1090|     1090|  10.900 us|  10.900 us|  1090|  1090|       no|
    +---------+---------+-----------+-----------+------+------+---------+

    + Detail: 
        * Instance: 
        N/A

        * Loop: 
        +-------------------------------------+---------+---------+----------+-----------+-----------+------+----------+
        |                                     |  Latency (cycles) | Iteration|  Initiation Interval  | Trip |          |
        |              Loop Name              |   min   |   max   |  Latency |  achieved |   target  | Count| Pipelined|
        +-------------------------------------+---------+---------+----------+-----------+-----------+------+----------+
        |- VITIS_LOOP_502_1_VITIS_LOOP_504_3  |     1088|     1088|         2|          1|          1|  1088|       yes|
        +-------------------------------------+---------+---------+----------+-----------+-----------+------+----------+



================================================================
== Utilization Estimates
================================================================
* Summary: 
+---------------------+---------+-------+---------+---------+------+
|         Name        | BRAM_18K|  DSP  |    FF   |   LUT   | URAM |
+---------------------+---------+-------+---------+---------+------+
|DSP                  |        -|      -|        -|        -|     -|
|Expression           |        -|      -|        0|       55|     -|
|FIFO                 |        -|      -|        -|        -|     -|
|Instance             |        -|      -|        -|        -|     -|
|Memory               |        -|      -|        -|        -|     -|
|Multiplexer          |        -|      -|        -|       54|     -|
|Register             |        -|      -|       14|        -|     -|
+---------------------+---------+-------+---------+---------+------+
|Total                |        0|      0|       14|      109|     0|
+---------------------+---------+-------+---------+---------+------+
|Available SLR        |     1344|   3072|   864000|   432000|   320|
+---------------------+---------+-------+---------+---------+------+
|Utilization SLR (%)  |        0|      0|       ~0|       ~0|     0|
+---------------------+---------+-------+---------+---------+------+
|Available            |     5376|  12288|  3456000|  1728000|  1280|
+---------------------+---------+-------+---------+---------+------+
|Utilization (%)      |        0|      0|       ~0|       ~0|     0|
+---------------------+---------+-------+---------+---------+------+

+ Detail: 
    * Instance: 
    N/A

    * DSP: 
    N/A

    * Memory: 
    N/A

    * FIFO: 
    N/A

    * Expression: 
    +----------------------------------+----------+----+---+----+------------+------------+
    |           Variable Name          | Operation| DSP| FF| LUT| Bitwidth P0| Bitwidth P1|
    +----------------------------------+----------+----+---+----+------------+------------+
    |add_ln502_fu_73_p2                |         +|   0|  0|  18|          11|           1|
    |ap_condition_87                   |       and|   0|  0|   2|           1|           1|
    |icmp_ln1035_fu_88_p2              |      icmp|   0|  0|  11|           8|           1|
    |icmp_ln502_fu_67_p2               |      icmp|   0|  0|  11|          11|          11|
    |ap_block_pp0_stage0_01001         |        or|   0|  0|   2|           1|           1|
    |ap_block_state2_pp0_stage0_iter1  |        or|   0|  0|   2|           1|           1|
    |out_u_V_fu_94_p3                  |    select|   0|  0|   7|           1|           7|
    |ap_enable_pp0                     |       xor|   0|  0|   2|           1|           2|
    +----------------------------------+----------+----+---+----+------------+------------+
    |Total                             |          |   0|  0|  55|          35|          25|
    +----------------------------------+----------+----+---+----+------------+------------+

    * Multiplexer: 
    +--------------------------------------+----+-----------+-----+-----------+
    |                 Name                 | LUT| Input Size| Bits| Total Bits|
    +--------------------------------------+----+-----------+-----+-----------+
    |ap_done_int                           |   9|          2|    1|          2|
    |ap_enable_reg_pp0_iter1               |   9|          2|    1|          2|
    |ap_sig_allocacmp_indvar_flatten_load  |   9|          2|   11|         22|
    |fc11_blk_n                            |   9|          2|    1|          2|
    |indvar_flatten_fu_42                  |   9|          2|   11|         22|
    |relu2_blk_n                           |   9|          2|    1|          2|
    +--------------------------------------+----+-----------+-----+-----------+
    |Total                                 |  54|         12|   26|         52|
    +--------------------------------------+----+-----------+-----+-----------+

    * Register: 
    +-------------------------+----+----+-----+-----------+
    |           Name          | FF | LUT| Bits| Const Bits|
    +-------------------------+----+----+-----+-----------+
    |ap_CS_fsm                |   1|   0|    1|          0|
    |ap_done_reg              |   1|   0|    1|          0|
    |ap_enable_reg_pp0_iter1  |   1|   0|    1|          0|
    |indvar_flatten_fu_42     |  11|   0|   11|          0|
    +-------------------------+----+----+-----+-----------+
    |Total                    |  14|   0|   14|          0|
    +-------------------------+----+----+-----+-----------+



================================================================
== Interface
================================================================
* Summary: 
+----------------------+-----+-----+------------+---------------+--------------+
|       RTL Ports      | Dir | Bits|  Protocol  | Source Object |    C Type    |
+----------------------+-----+-----+------------+---------------+--------------+
|ap_clk                |   in|    1|  ap_ctrl_hs|  Relu_tiled_oc|  return value|
|ap_rst                |   in|    1|  ap_ctrl_hs|  Relu_tiled_oc|  return value|
|ap_start              |   in|    1|  ap_ctrl_hs|  Relu_tiled_oc|  return value|
|ap_done               |  out|    1|  ap_ctrl_hs|  Relu_tiled_oc|  return value|
|ap_continue           |   in|    1|  ap_ctrl_hs|  Relu_tiled_oc|  return value|
|ap_idle               |  out|    1|  ap_ctrl_hs|  Relu_tiled_oc|  return value|
|ap_ready              |  out|    1|  ap_ctrl_hs|  Relu_tiled_oc|  return value|
|fc11_dout             |   in|    8|     ap_fifo|           fc11|       pointer|
|fc11_num_data_valid   |   in|    7|     ap_fifo|           fc11|       pointer|
|fc11_fifo_cap         |   in|    7|     ap_fifo|           fc11|       pointer|
|fc11_empty_n          |   in|    1|     ap_fifo|           fc11|       pointer|
|fc11_read             |  out|    1|     ap_fifo|           fc11|       pointer|
|relu2_din             |  out|    8|     ap_fifo|          relu2|       pointer|
|relu2_num_data_valid  |   in|    7|     ap_fifo|          relu2|       pointer|
|relu2_fifo_cap        |   in|    7|     ap_fifo|          relu2|       pointer|
|relu2_full_n          |   in|    1|     ap_fifo|          relu2|       pointer|
|relu2_write           |  out|    1|     ap_fifo|          relu2|       pointer|
+----------------------+-----+-----+------------+---------------+--------------+

