

================================================================
== Vitis HLS Report for 'BatchNorm_tiled_0'
================================================================
* Date:           Thu Jun 18 11:11:50 2026

* Version:        2022.2 (Build 3670227 on Oct 13 2022)
* Project:        ViT_Block
* Solution:       ViT_Block (Vivado IP Flow Target)
* Product family: virtexuplus
* Target device:  xcu250-figd2104-2L-e


================================================================
== Performance Estimates
================================================================
+ Timing: 
    * Summary: 
    +--------+----------+----------+------------+
    |  Clock |  Target  | Estimated| Uncertainty|
    +--------+----------+----------+------------+
    |ap_clk  |  10.00 ns|  4.027 ns|     2.70 ns|
    +--------+----------+----------+------------+

+ Latency: 
    * Summary: 
    +---------+---------+-----------+-----------+------+------+----------+
    |  Latency (cycles) |   Latency (absolute)  |   Interval  | Pipeline |
    |   min   |   max   |    min    |    max    |  min |  max |   Type   |
    +---------+---------+-----------+-----------+------+------+----------+
    |     3269|     3269|  32.690 us|  32.690 us|  3270|  3270|  dataflow|
    +---------+---------+-----------+-----------+------+------+----------+

    + Detail: 
        * Instance: 
        +------------------------------------------------------------+-----------------------------------------------------------+---------+---------+-----------+-----------+------+------+---------+
        |                                                            |                                                           |  Latency (cycles) |   Latency (absolute)  |   Interval  | Pipeline|
        |                          Instance                          |                           Module                          |   min   |   max   |    min    |    max    |  min |  max |   Type  |
        +------------------------------------------------------------+-----------------------------------------------------------+---------+---------+-----------+-----------+------+------+---------+
        |BATCHNORM_tiled_quantized_17_192_1_16_ap_int_8_ap_int_8_U0  |BATCHNORM_tiled_quantized_17_192_1_16_ap_int_8_ap_int_8_s  |     3269|     3269|  32.690 us|  32.690 us|  3269|  3269|       no|
        +------------------------------------------------------------+-----------------------------------------------------------+---------+---------+-----------+-----------+------+------+---------+

        * Loop: 
        N/A



================================================================
== Utilization Estimates
================================================================
* Summary: 
+---------------------+---------+-------+---------+---------+------+
|         Name        | BRAM_18K|  DSP  |    FF   |   LUT   | URAM |
+---------------------+---------+-------+---------+---------+------+
|DSP                  |        -|      -|        -|        -|     -|
|Expression           |        -|      -|        -|        -|     -|
|FIFO                 |        -|      -|        -|        -|     -|
|Instance             |        2|      1|      124|      321|     -|
|Memory               |        -|      -|        -|        -|     -|
|Multiplexer          |        -|      -|        -|        9|     -|
|Register             |        -|      -|        1|        -|     -|
+---------------------+---------+-------+---------+---------+------+
|Total                |        2|      1|      125|      330|     0|
+---------------------+---------+-------+---------+---------+------+
|Available SLR        |     1344|   3072|   864000|   432000|   320|
+---------------------+---------+-------+---------+---------+------+
|Utilization SLR (%)  |       ~0|     ~0|       ~0|       ~0|     0|
+---------------------+---------+-------+---------+---------+------+
|Available            |     5376|  12288|  3456000|  1728000|  1280|
+---------------------+---------+-------+---------+---------+------+
|Utilization (%)      |       ~0|     ~0|       ~0|       ~0|     0|
+---------------------+---------+-------+---------+---------+------+

+ Detail: 
    * Instance: 
    +------------------------------------------------------------+-----------------------------------------------------------+---------+----+-----+-----+-----+
    |                          Instance                          |                           Module                          | BRAM_18K| DSP|  FF | LUT | URAM|
    +------------------------------------------------------------+-----------------------------------------------------------+---------+----+-----+-----+-----+
    |BATCHNORM_tiled_quantized_17_192_1_16_ap_int_8_ap_int_8_U0  |BATCHNORM_tiled_quantized_17_192_1_16_ap_int_8_ap_int_8_s  |        2|   1|  124|  321|    0|
    +------------------------------------------------------------+-----------------------------------------------------------+---------+----+-----+-----+-----+
    |Total                                                       |                                                           |        2|   1|  124|  321|    0|
    +------------------------------------------------------------+-----------------------------------------------------------+---------+----+-----+-----+-----+

    * DSP: 
    N/A

    * Memory: 
    N/A

    * FIFO: 
    N/A

    * Expression: 
    N/A

    * Multiplexer: 
    +------------+----+-----------+-----+-----------+
    |    Name    | LUT| Input Size| Bits| Total Bits|
    +------------+----+-----------+-----+-----------+
    |real_start  |   9|          2|    1|          2|
    +------------+----+-----------+-----+-----------+
    |Total       |   9|          2|    1|          2|
    +------------+----+-----------+-----+-----------+

    * Register: 
    +----------------+---+----+-----+-----------+
    |      Name      | FF| LUT| Bits| Const Bits|
    +----------------+---+----+-----+-----------+
    |start_once_reg  |  1|   0|    1|          0|
    +----------------+---+----+-----+-----------+
    |Total           |  1|   0|    1|          0|
    +----------------+---+----+-----+-----------+



================================================================
== Interface
================================================================
* Summary: 
+------------------+-----+-----+------------+-------------------+--------------+
|     RTL Ports    | Dir | Bits|  Protocol  |   Source Object   |    C Type    |
+------------------+-----+-----+------------+-------------------+--------------+
|ap_start          |   in|    1|  ap_ctrl_hs|  BatchNorm_tiled_0|  return value|
|start_full_n      |   in|    1|  ap_ctrl_hs|  BatchNorm_tiled_0|  return value|
|start_out         |  out|    1|  ap_ctrl_hs|  BatchNorm_tiled_0|  return value|
|start_write       |  out|    1|  ap_ctrl_hs|  BatchNorm_tiled_0|  return value|
|ap_clk            |   in|    1|  ap_ctrl_hs|  BatchNorm_tiled_0|  return value|
|ap_rst            |   in|    1|  ap_ctrl_hs|  BatchNorm_tiled_0|  return value|
|ap_done           |  out|    1|  ap_ctrl_hs|  BatchNorm_tiled_0|  return value|
|ap_ready          |  out|    1|  ap_ctrl_hs|  BatchNorm_tiled_0|  return value|
|ap_idle           |  out|    1|  ap_ctrl_hs|  BatchNorm_tiled_0|  return value|
|ap_continue       |   in|    1|  ap_ctrl_hs|  BatchNorm_tiled_0|  return value|
|x13_dout          |   in|    8|     ap_fifo|                x13|       pointer|
|x13_empty_n       |   in|    1|     ap_fifo|                x13|       pointer|
|x13_read          |  out|    1|     ap_fifo|                x13|       pointer|
|norm_out4_din     |  out|    8|     ap_fifo|          norm_out4|       pointer|
|norm_out4_full_n  |   in|    1|     ap_fifo|          norm_out4|       pointer|
|norm_out4_write   |  out|    1|     ap_fifo|          norm_out4|       pointer|
+------------------+-----+-----+------------+-------------------+--------------+

