

================================================================
== Vitis HLS Report for 'burst_read_beats_1_ap_int_8_s'
================================================================
* Date:           Thu Jun 18 11:11:50 2026

* Version:        2022.2 (Build 3670227 on Oct 13 2022)
* Project:        ViT_Block
* Solution:       ViT_Block (Vivado IP Flow Target)
* Product family: virtexuplus
* Target device:  xcu250-figd2104-2L-e


================================================================
== Performance Estimates
================================================================
+ Timing: 
    * Summary: 
    +--------+----------+----------+------------+
    |  Clock |  Target  | Estimated| Uncertainty|
    +--------+----------+----------+------------+
    |ap_clk  |  10.00 ns|  7.300 ns|     2.70 ns|
    +--------+----------+----------+------------+

+ Latency: 
    * Summary: 
    +---------+---------+-----------+-----------+-----+-----+---------+
    |  Latency (cycles) |   Latency (absolute)  |  Interval | Pipeline|
    |   min   |   max   |    min    |    max    | min | max |   Type  |
    +---------+---------+-----------+-----------+-----+-----+---------+
    |        8|        8|  80.000 ns|  80.000 ns|    8|    8|       no|
    +---------+---------+-----------+-----------+-----+-----+---------+

    + Detail: 
        * Instance: 
        N/A

        * Loop: 
        N/A



================================================================
== Utilization Estimates
================================================================
* Summary: 
+---------------------+---------+-------+---------+---------+------+
|         Name        | BRAM_18K|  DSP  |    FF   |   LUT   | URAM |
+---------------------+---------+-------+---------+---------+------+
|DSP                  |        -|      -|        -|        -|     -|
|Expression           |        -|      -|        -|        -|     -|
|FIFO                 |        -|      -|        -|        -|     -|
|Instance             |        -|      -|        -|        -|     -|
|Memory               |        -|      -|        -|        -|     -|
|Multiplexer          |        -|      -|        -|       81|     -|
|Register             |        -|      -|       17|        -|     -|
+---------------------+---------+-------+---------+---------+------+
|Total                |        0|      0|       17|       81|     0|
+---------------------+---------+-------+---------+---------+------+
|Available SLR        |     1344|   3072|   864000|   432000|   320|
+---------------------+---------+-------+---------+---------+------+
|Utilization SLR (%)  |        0|      0|       ~0|       ~0|     0|
+---------------------+---------+-------+---------+---------+------+
|Available            |     5376|  12288|  3456000|  1728000|  1280|
+---------------------+---------+-------+---------+---------+------+
|Utilization (%)      |        0|      0|       ~0|       ~0|     0|
+---------------------+---------+-------+---------+---------+------+

+ Detail: 
    * Instance: 
    N/A

    * DSP: 
    N/A

    * Memory: 
    N/A

    * FIFO: 
    N/A

    * Expression: 
    N/A

    * Multiplexer: 
    +--------------------+----+-----------+-----+-----------+
    |        Name        | LUT| Input Size| Bits| Total Bits|
    +--------------------+----+-----------+-----+-----------+
    |ap_NS_fsm           |  54|         10|    1|         10|
    |burst_reads2_blk_n  |   9|          2|    1|          2|
    |gmem1_blk_n_AR      |   9|          2|    1|          2|
    |gmem1_blk_n_R       |   9|          2|    1|          2|
    +--------------------+----+-----------+-----+-----------+
    |Total               |  81|         16|    4|         16|
    +--------------------+----+-----------+-----+-----------+

    * Register: 
    +------------------------+---+----+-----+-----------+
    |          Name          | FF| LUT| Bits| Const Bits|
    +------------------------+---+----+-----+-----------+
    |ap_CS_fsm               |  9|   0|    9|          0|
    |gmem1_addr_read_reg_76  |  8|   0|    8|          0|
    +------------------------+---+----+-----+-----------+
    |Total                   | 17|   0|   17|          0|
    +------------------------+---+----+-----+-----------+



================================================================
== Interface
================================================================
* Summary: 
+----------------------+-----+-----+------------+---------------------------------+--------------+
|       RTL Ports      | Dir | Bits|  Protocol  |          Source Object          |    C Type    |
+----------------------+-----+-----+------------+---------------------------------+--------------+
|ap_clk                |   in|    1|  ap_ctrl_hs|  burst_read_beats<1, ap_int<8> >|  return value|
|ap_rst                |   in|    1|  ap_ctrl_hs|  burst_read_beats<1, ap_int<8> >|  return value|
|ap_start              |   in|    1|  ap_ctrl_hs|  burst_read_beats<1, ap_int<8> >|  return value|
|ap_done               |  out|    1|  ap_ctrl_hs|  burst_read_beats<1, ap_int<8> >|  return value|
|ap_idle               |  out|    1|  ap_ctrl_hs|  burst_read_beats<1, ap_int<8> >|  return value|
|ap_ready              |  out|    1|  ap_ctrl_hs|  burst_read_beats<1, ap_int<8> >|  return value|
|m_axi_gmem1_AWVALID   |  out|    1|       m_axi|                            gmem1|       pointer|
|m_axi_gmem1_AWREADY   |   in|    1|       m_axi|                            gmem1|       pointer|
|m_axi_gmem1_AWADDR    |  out|   64|       m_axi|                            gmem1|       pointer|
|m_axi_gmem1_AWID      |  out|    1|       m_axi|                            gmem1|       pointer|
|m_axi_gmem1_AWLEN     |  out|   32|       m_axi|                            gmem1|       pointer|
|m_axi_gmem1_AWSIZE    |  out|    3|       m_axi|                            gmem1|       pointer|
|m_axi_gmem1_AWBURST   |  out|    2|       m_axi|                            gmem1|       pointer|
|m_axi_gmem1_AWLOCK    |  out|    2|       m_axi|                            gmem1|       pointer|
|m_axi_gmem1_AWCACHE   |  out|    4|       m_axi|                            gmem1|       pointer|
|m_axi_gmem1_AWPROT    |  out|    3|       m_axi|                            gmem1|       pointer|
|m_axi_gmem1_AWQOS     |  out|    4|       m_axi|                            gmem1|       pointer|
|m_axi_gmem1_AWREGION  |  out|    4|       m_axi|                            gmem1|       pointer|
|m_axi_gmem1_AWUSER    |  out|    1|       m_axi|                            gmem1|       pointer|
|m_axi_gmem1_WVALID    |  out|    1|       m_axi|                            gmem1|       pointer|
|m_axi_gmem1_WREADY    |   in|    1|       m_axi|                            gmem1|       pointer|
|m_axi_gmem1_WDATA     |  out|    8|       m_axi|                            gmem1|       pointer|
|m_axi_gmem1_WSTRB     |  out|    1|       m_axi|                            gmem1|       pointer|
|m_axi_gmem1_WLAST     |  out|    1|       m_axi|                            gmem1|       pointer|
|m_axi_gmem1_WID       |  out|    1|       m_axi|                            gmem1|       pointer|
|m_axi_gmem1_WUSER     |  out|    1|       m_axi|                            gmem1|       pointer|
|m_axi_gmem1_ARVALID   |  out|    1|       m_axi|                            gmem1|       pointer|
|m_axi_gmem1_ARREADY   |   in|    1|       m_axi|                            gmem1|       pointer|
|m_axi_gmem1_ARADDR    |  out|   64|       m_axi|                            gmem1|       pointer|
|m_axi_gmem1_ARID      |  out|    1|       m_axi|                            gmem1|       pointer|
|m_axi_gmem1_ARLEN     |  out|   32|       m_axi|                            gmem1|       pointer|
|m_axi_gmem1_ARSIZE    |  out|    3|       m_axi|                            gmem1|       pointer|
|m_axi_gmem1_ARBURST   |  out|    2|       m_axi|                            gmem1|       pointer|
|m_axi_gmem1_ARLOCK    |  out|    2|       m_axi|                            gmem1|       pointer|
|m_axi_gmem1_ARCACHE   |  out|    4|       m_axi|                            gmem1|       pointer|
|m_axi_gmem1_ARPROT    |  out|    3|       m_axi|                            gmem1|       pointer|
|m_axi_gmem1_ARQOS     |  out|    4|       m_axi|                            gmem1|       pointer|
|m_axi_gmem1_ARREGION  |  out|    4|       m_axi|                            gmem1|       pointer|
|m_axi_gmem1_ARUSER    |  out|    1|       m_axi|                            gmem1|       pointer|
|m_axi_gmem1_RVALID    |   in|    1|       m_axi|                            gmem1|       pointer|
|m_axi_gmem1_RREADY    |  out|    1|       m_axi|                            gmem1|       pointer|
|m_axi_gmem1_RDATA     |   in|    8|       m_axi|                            gmem1|       pointer|
|m_axi_gmem1_RLAST     |   in|    1|       m_axi|                            gmem1|       pointer|
|m_axi_gmem1_RID       |   in|    1|       m_axi|                            gmem1|       pointer|
|m_axi_gmem1_RFIFONUM  |   in|   13|       m_axi|                            gmem1|       pointer|
|m_axi_gmem1_RUSER     |   in|    1|       m_axi|                            gmem1|       pointer|
|m_axi_gmem1_RRESP     |   in|    2|       m_axi|                            gmem1|       pointer|
|m_axi_gmem1_BVALID    |   in|    1|       m_axi|                            gmem1|       pointer|
|m_axi_gmem1_BREADY    |  out|    1|       m_axi|                            gmem1|       pointer|
|m_axi_gmem1_BRESP     |   in|    2|       m_axi|                            gmem1|       pointer|
|m_axi_gmem1_BID       |   in|    1|       m_axi|                            gmem1|       pointer|
|m_axi_gmem1_BUSER     |   in|    1|       m_axi|                            gmem1|       pointer|
|W_ddr                 |   in|   64|     ap_none|                            W_ddr|        scalar|
|burst_reads2_din      |  out|    8|     ap_fifo|                     burst_reads2|       pointer|
|burst_reads2_full_n   |   in|    1|     ap_fifo|                     burst_reads2|       pointer|
|burst_reads2_write    |  out|    1|     ap_fifo|                     burst_reads2|       pointer|
+----------------------+-----+-----+------------+---------------------------------+--------------+

