

================================================================
== Vitis HLS Report for 'MM1_tiled_15'
================================================================
* Date:           Thu Jun 18 11:12:05 2026

* Version:        2022.2 (Build 3670227 on Oct 13 2022)
* Project:        ViT_Block
* Solution:       ViT_Block (Vivado IP Flow Target)
* Product family: virtexuplus
* Target device:  xcu250-figd2104-2L-e


================================================================
== Performance Estimates
================================================================
+ Timing: 
    * Summary: 
    +--------+----------+----------+------------+
    |  Clock |  Target  | Estimated| Uncertainty|
    +--------+----------+----------+------------+
    |ap_clk  |  10.00 ns|  4.723 ns|     2.70 ns|
    +--------+----------+----------+------------+

+ Latency: 
    * Summary: 
    +---------+---------+-----------+-----------+------+------+----------+
    |  Latency (cycles) |   Latency (absolute)  |   Interval  | Pipeline |
    |   min   |   max   |    min    |    max    |  min |  max |   Type   |
    +---------+---------+-----------+-----------+------+------+----------+
    |     2368|     2368|  23.680 us|  23.680 us|  2369|  2369|  dataflow|
    +---------+---------+-----------+-----------+------+------+----------+

    + Detail: 
        * Instance: 
        +----------------------------------------------------------------------+-------------------------------------------------------------------+---------+---------+-----------+-----------+------+------+---------+
        |                                                                      |                                                                   |  Latency (cycles) |   Latency (absolute)  |   Interval  | Pipeline|
        |                               Instance                               |                               Module                              |   min   |   max   |    min    |    max    |  min |  max |   Type  |
        +----------------------------------------------------------------------+-------------------------------------------------------------------+---------+---------+-----------+-----------+------+------+---------+
        |MatMul_KV_tiled_17_17_48_1_1_1_1_1_382_16_0_ap_int_8_ap_int_32_23_U0  |MatMul_KV_tiled_17_17_48_1_1_1_1_1_382_16_0_ap_int_8_ap_int_32_23  |     2368|     2368|  23.680 us|  23.680 us|  2368|  2368|       no|
        +----------------------------------------------------------------------+-------------------------------------------------------------------+---------+---------+-----------+-----------+------+------+---------+

        * Loop: 
        N/A



================================================================
== Utilization Estimates
================================================================
* Summary: 
+---------------------+---------+-------+---------+---------+------+
|         Name        | BRAM_18K|  DSP  |    FF   |   LUT   | URAM |
+---------------------+---------+-------+---------+---------+------+
|DSP                  |        -|      -|        -|        -|     -|
|Expression           |        -|      -|        -|        -|     -|
|FIFO                 |        -|      -|        -|        -|     -|
|Instance             |       16|     12|      945|     1544|     0|
|Memory               |        -|      -|        -|        -|     -|
|Multiplexer          |        -|      -|        -|        -|     -|
|Register             |        -|      -|        -|        -|     -|
+---------------------+---------+-------+---------+---------+------+
|Total                |       16|     12|      945|     1544|     0|
+---------------------+---------+-------+---------+---------+------+
|Available SLR        |     1344|   3072|   864000|   432000|   320|
+---------------------+---------+-------+---------+---------+------+
|Utilization SLR (%)  |        1|     ~0|       ~0|       ~0|     0|
+---------------------+---------+-------+---------+---------+------+
|Available            |     5376|  12288|  3456000|  1728000|  1280|
+---------------------+---------+-------+---------+---------+------+
|Utilization (%)      |       ~0|     ~0|       ~0|       ~0|     0|
+---------------------+---------+-------+---------+---------+------+

+ Detail: 
    * Instance: 
    +----------------------------------------------------------------------+-------------------------------------------------------------------+---------+----+-----+------+-----+
    |                               Instance                               |                               Module                              | BRAM_18K| DSP|  FF |  LUT | URAM|
    +----------------------------------------------------------------------+-------------------------------------------------------------------+---------+----+-----+------+-----+
    |MatMul_KV_tiled_17_17_48_1_1_1_1_1_382_16_0_ap_int_8_ap_int_32_23_U0  |MatMul_KV_tiled_17_17_48_1_1_1_1_1_382_16_0_ap_int_8_ap_int_32_23  |       16|  12|  945|  1544|    0|
    +----------------------------------------------------------------------+-------------------------------------------------------------------+---------+----+-----+------+-----+
    |Total                                                                 |                                                                   |       16|  12|  945|  1544|    0|
    +----------------------------------------------------------------------+-------------------------------------------------------------------+---------+----+-----+------+-----+

    * DSP: 
    N/A

    * Memory: 
    N/A

    * FIFO: 
    N/A

    * Expression: 
    N/A

    * Multiplexer: 
    N/A

    * Register: 
    N/A



================================================================
== Interface
================================================================
* Summary: 
+-------------------+-----+-----+------------+--------------+--------------+
|     RTL Ports     | Dir | Bits|  Protocol  | Source Object|    C Type    |
+-------------------+-----+-----+------------+--------------+--------------+
|A_sx_3_dout        |   in|    8|     ap_fifo|        A_sx_3|       pointer|
|A_sx_3_empty_n     |   in|    1|     ap_fifo|        A_sx_3|       pointer|
|A_sx_3_read        |  out|    1|     ap_fifo|        A_sx_3|       pointer|
|V_1_3_dout         |   in|    8|     ap_fifo|         V_1_3|       pointer|
|V_1_3_empty_n      |   in|    1|     ap_fifo|         V_1_3|       pointer|
|V_1_3_read         |  out|    1|     ap_fifo|         V_1_3|       pointer|
|head_out_3_din     |  out|    8|     ap_fifo|    head_out_3|       pointer|
|head_out_3_full_n  |   in|    1|     ap_fifo|    head_out_3|       pointer|
|head_out_3_write   |  out|    1|     ap_fifo|    head_out_3|       pointer|
|ap_clk             |   in|    1|  ap_ctrl_hs|  MM1_tiled.15|  return value|
|ap_rst             |   in|    1|  ap_ctrl_hs|  MM1_tiled.15|  return value|
|ap_start           |   in|    1|  ap_ctrl_hs|  MM1_tiled.15|  return value|
|ap_done            |  out|    1|  ap_ctrl_hs|  MM1_tiled.15|  return value|
|ap_ready           |  out|    1|  ap_ctrl_hs|  MM1_tiled.15|  return value|
|ap_idle            |  out|    1|  ap_ctrl_hs|  MM1_tiled.15|  return value|
|ap_continue        |   in|    1|  ap_ctrl_hs|  MM1_tiled.15|  return value|
+-------------------+-----+-----+------------+--------------+--------------+

