

================================================================
== Vitis HLS Report for 'Linear_Layer_Pipeline_VITIS_LOOP_1588_17_4'
================================================================
* Date:           Fri Jun 19 14:57:03 2026

* Version:        2022.2 (Build 3670227 on Oct 13 2022)
* Project:        ViT_Block
* Solution:       ViT_Block (Vivado IP Flow Target)
* Product family: zynquplus
* Target device:  xck26-sfvc784-2LV-c


================================================================
== Performance Estimates
================================================================
+ Timing: 
    * Summary: 
    +--------+----------+----------+------------+
    |  Clock |  Target  | Estimated| Uncertainty|
    +--------+----------+----------+------------+
    |ap_clk  |  10.00 ns|  5.610 ns|     2.70 ns|
    +--------+----------+----------+------------+

+ Latency: 
    * Summary: 
    +---------+---------+----------+----------+-----+-----+---------+
    |  Latency (cycles) |  Latency (absolute) |  Interval | Pipeline|
    |   min   |   max   |    min   |    max   | min | max |   Type  |
    +---------+---------+----------+----------+-----+-----+---------+
    |       19|       19|  0.190 us|  0.190 us|   19|   19|       no|
    +---------+---------+----------+----------+-----+-----+---------+

    + Detail: 
        * Instance: 
        N/A

        * Loop: 
        +----------------------+---------+---------+----------+-----------+-----------+------+----------+
        |                      |  Latency (cycles) | Iteration|  Initiation Interval  | Trip |          |
        |       Loop Name      |   min   |   max   |  Latency |  achieved |   target  | Count| Pipelined|
        +----------------------+---------+---------+----------+-----------+-----------+------+----------+
        |- VITIS_LOOP_1588_17  |       17|       17|         3|          1|          1|    16|       yes|
        +----------------------+---------+---------+----------+-----------+-----------+------+----------+

============================================================
+ Verbose Summary: Synthesis Manager
============================================================
InlineROM: 1
ExposeGlobal: 0
============================================================
+ Verbose Summary: CDFG Model
============================================================
IsTopModel: 0
ResetActiveHigh: 1
IsCombinational: 0
IsDatapathOnly: 0
HasWiredReturn: 1
HasMFsm: 2
HasVarLatency: 1
IsPipeline: 0
IsRtlPipelined: 0
IsInstanceOverlapped: 0
IsDontTouch: 0
HasImplIP: 0
IsGatedGlobalClock: 0

+ Individual pipeline summary: 
  * Pipeline-0: initiation interval (II) = 1, depth = 3


============================================================
+ Verbose Summary: Schedule
============================================================
* Number of FSM states : 3
* Pipeline : 1
  Pipeline-0 : II = 1, D = 3, States = { 1 2 3 }
* Dataflow Pipeline: 0

* FSM state transitions: 
1 --> 2 
2 --> 3 
3 --> 

* FSM state operations: 

State 1 <SV = 0> <Delay = 1.23>
ST_1 : Operation 6 [1/1] (0.00ns)   --->   "%n = alloca i32 1"   --->   Operation 6 'alloca' 'n' <Predicate = true> <Delay = 0.00>
ST_1 : Operation 7 [1/1] (0.00ns)   --->   "%specmemcore_ln0 = specmemcore void @_ssdm_op_SpecMemCore, i32 %C_tile_V, i64 666, i64 30, i64 18446744073709551615"   --->   Operation 7 'specmemcore' 'specmemcore_ln0' <Predicate = true> <Delay = 0.00>
ST_1 : Operation 8 [1/1] (0.00ns)   --->   "%specinterface_ln0 = specinterface void @_ssdm_op_SpecInterface, i8 %q_lin1, void @empty_9, i32 0, i32 0, void @empty_28, i32 0, i32 0, void @empty_28, void @empty_28, void @empty_28, i32 0, i32 0, i32 0, i32 0, void @empty_28, void @empty_28, i32 4294967295, i32 0"   --->   Operation 8 'specinterface' 'specinterface_ln0' <Predicate = true> <Delay = 0.00>
ST_1 : Operation 9 [1/1] (0.42ns)   --->   "%store_ln0 = store i5 0, i5 %n"   --->   Operation 9 'store' 'store_ln0' <Predicate = true> <Delay = 0.42>
ST_1 : Operation 10 [1/1] (0.00ns)   --->   "%br_ln0 = br void %VITIS_LOOP_1589_18"   --->   Operation 10 'br' 'br_ln0' <Predicate = true> <Delay = 0.00>
ST_1 : Operation 11 [1/1] (0.00ns)   --->   "%n_4 = load i5 %n" [/home/fede/PhD/transformer-hls/hls/include/linear.h:1588]   --->   Operation 11 'load' 'n_4' <Predicate = true> <Delay = 0.00>
ST_1 : Operation 12 [1/1] (0.00ns)   --->   "%specpipeline_ln0 = specpipeline void @_ssdm_op_SpecPipeline, i32 4294967295, i32 0, i32 1, i32 0, void @p_str"   --->   Operation 12 'specpipeline' 'specpipeline_ln0' <Predicate = true> <Delay = 0.00>
ST_1 : Operation 13 [1/1] (0.75ns)   --->   "%icmp_ln1588 = icmp_eq  i5 %n_4, i5 16" [/home/fede/PhD/transformer-hls/hls/include/linear.h:1588]   --->   Operation 13 'icmp' 'icmp_ln1588' <Predicate = true> <Delay = 0.75> <CoreInst = "Cmp">   --->   Core 9 'Cmp' <Latency = 0> <II = 1> <Delay = 0.75> <FuncUnit> <Opcode : 'icmp'> <InPorts = 2> <OutPorts = 1>
ST_1 : Operation 14 [1/1] (0.00ns)   --->   "%empty = speclooptripcount i32 @_ssdm_op_SpecLoopTripCount, i64 16, i64 16, i64 16"   --->   Operation 14 'speclooptripcount' 'empty' <Predicate = true> <Delay = 0.00>
ST_1 : Operation 15 [1/1] (0.78ns)   --->   "%add_ln1588 = add i5 %n_4, i5 1" [/home/fede/PhD/transformer-hls/hls/include/linear.h:1588]   --->   Operation 15 'add' 'add_ln1588' <Predicate = true> <Delay = 0.78> <CoreInst = "Adder">   --->   Core 1 'Adder' <Latency = 0> <II = 1> <Delay = 0.78> <FuncUnit> <Opcode : 'add' 'sub'> <InPorts = 2> <OutPorts = 1>
ST_1 : Operation 16 [1/1] (0.00ns)   --->   "%br_ln1588 = br i1 %icmp_ln1588, void %VITIS_LOOP_1589_18.split_ifconv, void %for.inc245.exitStub" [/home/fede/PhD/transformer-hls/hls/include/linear.h:1588]   --->   Operation 16 'br' 'br_ln1588' <Predicate = true> <Delay = 0.00>
ST_1 : Operation 17 [1/1] (0.00ns)   --->   "%n_11_cast = zext i5 %n_4" [/home/fede/PhD/transformer-hls/hls/include/linear.h:1588]   --->   Operation 17 'zext' 'n_11_cast' <Predicate = (!icmp_ln1588)> <Delay = 0.00>
ST_1 : Operation 18 [1/1] (0.00ns)   --->   "%C_tile_V_addr = getelementptr i32 %C_tile_V, i64 0, i64 %n_11_cast" [/home/fede/PhD/transformer-hls/hls/include/linear.h:1596]   --->   Operation 18 'getelementptr' 'C_tile_V_addr' <Predicate = (!icmp_ln1588)> <Delay = 0.00>
ST_1 : Operation 19 [2/2] (1.23ns)   --->   "%acc_V = load i4 %C_tile_V_addr" [/home/fede/PhD/transformer-hls/hls/include/linear.h:1596]   --->   Operation 19 'load' 'acc_V' <Predicate = (!icmp_ln1588)> <Delay = 1.23> <CoreInst = "RAM_T2P_BRAM">   --->   Core 99 'RAM_T2P_BRAM' <Latency = 1> <II = 1> <Delay = 1.23> <Storage> <Opcode : 'load' 'store'> <Ports = 2> <Width = 32> <Depth = 16> <RAM>
ST_1 : Operation 20 [1/1] (0.42ns)   --->   "%store_ln1588 = store i5 %add_ln1588, i5 %n" [/home/fede/PhD/transformer-hls/hls/include/linear.h:1588]   --->   Operation 20 'store' 'store_ln1588' <Predicate = (!icmp_ln1588)> <Delay = 0.42>

State 2 <SV = 1> <Delay = 4.65>
ST_2 : Operation 21 [1/2] (1.23ns)   --->   "%acc_V = load i4 %C_tile_V_addr" [/home/fede/PhD/transformer-hls/hls/include/linear.h:1596]   --->   Operation 21 'load' 'acc_V' <Predicate = true> <Delay = 1.23> <CoreInst = "RAM_T2P_BRAM">   --->   Core 99 'RAM_T2P_BRAM' <Latency = 1> <II = 1> <Delay = 1.23> <Storage> <Opcode : 'load' 'store'> <Ports = 2> <Width = 32> <Depth = 16> <RAM>
ST_2 : Operation 22 [1/1] (0.00ns)   --->   "%sext_ln1408 = sext i32 %acc_V" [/home/fede/PhD/transformer-hls/hls/include/linear.h:1408]   --->   Operation 22 'sext' 'sext_ln1408' <Predicate = true> <Delay = 0.00>
ST_2 : Operation 23 [1/1] (3.42ns)   --->   "%prod = mul i42 %sext_ln1408, i42 337" [/home/fede/PhD/transformer-hls/hls/include/linear.h:1408]   --->   Operation 23 'mul' 'prod' <Predicate = true> <Delay = 3.42> <CoreInst = "Multiplier">   --->   Core 3 'Multiplier' <Latency = 0> <II = 1> <Delay = 3.42> <FuncUnit> <Opcode : 'mul'> <InPorts = 2> <OutPorts = 1>
ST_2 : Operation 24 [1/1] (0.00ns)   --->   "%tmp = bitselect i1 @_ssdm_op_BitSelect.i1.i42.i32, i42 %prod, i32 41"   --->   Operation 24 'bitselect' 'tmp' <Predicate = true> <Delay = 0.00>
ST_2 : Operation 25 [1/1] (0.00ns)   --->   "%trunc_ln1417 = trunc i42 %prod" [/home/fede/PhD/transformer-hls/hls/include/linear.h:1417]   --->   Operation 25 'trunc' 'trunc_ln1417' <Predicate = true> <Delay = 0.00>
ST_2 : Operation 44 [1/1] (0.00ns)   --->   "%ret_ln0 = ret"   --->   Operation 44 'ret' 'ret_ln0' <Predicate = (icmp_ln1588)> <Delay = 0.00>

State 3 <SV = 2> <Delay = 5.60>
ST_3 : Operation 26 [1/1] (0.00ns)   --->   "%specloopname_ln1588 = specloopname void @_ssdm_op_SpecLoopName, void @empty_42" [/home/fede/PhD/transformer-hls/hls/include/linear.h:1588]   --->   Operation 26 'specloopname' 'specloopname_ln1588' <Predicate = true> <Delay = 0.00>
ST_3 : Operation 27 [1/1] (1.03ns)   --->   "%ret_V = add i40 %trunc_ln1417, i40 32768"   --->   Operation 27 'add' 'ret_V' <Predicate = (!tmp)> <Delay = 1.03> <CoreInst = "Adder">   --->   Core 1 'Adder' <Latency = 0> <II = 1> <Delay = 1.03> <FuncUnit> <Opcode : 'add' 'sub'> <InPorts = 2> <OutPorts = 1>
ST_3 : Operation 28 [1/1] (0.00ns)   --->   "%trunc_ln = partselect i24 @_ssdm_op_PartSelect.i24.i40.i32.i32, i40 %ret_V, i32 16, i32 39" [/home/fede/PhD/transformer-hls/hls/include/linear.h:1409]   --->   Operation 28 'partselect' 'trunc_ln' <Predicate = (!tmp)> <Delay = 0.00>
ST_3 : Operation 29 [1/1] (0.00ns)   --->   "%zext_ln1409 = zext i24 %trunc_ln" [/home/fede/PhD/transformer-hls/hls/include/linear.h:1409]   --->   Operation 29 'zext' 'zext_ln1409' <Predicate = (!tmp)> <Delay = 0.00>
ST_3 : Operation 30 [1/1] (1.03ns)   --->   "%ret_V_12 = sub i40 32768, i40 %trunc_ln1417"   --->   Operation 30 'sub' 'ret_V_12' <Predicate = (tmp)> <Delay = 1.03> <CoreInst = "Adder">   --->   Core 1 'Adder' <Latency = 0> <II = 1> <Delay = 1.03> <FuncUnit> <Opcode : 'add' 'sub'> <InPorts = 2> <OutPorts = 1>
ST_3 : Operation 31 [1/1] (0.00ns)   --->   "%trunc_ln8 = partselect i24 @_ssdm_op_PartSelect.i24.i40.i32.i32, i40 %ret_V_12, i32 16, i32 39" [/home/fede/PhD/transformer-hls/hls/include/linear.h:1420]   --->   Operation 31 'partselect' 'trunc_ln8' <Predicate = (tmp)> <Delay = 0.00>
ST_3 : Operation 32 [1/1] (0.00ns)   --->   "%zext_ln1420 = zext i24 %trunc_ln8" [/home/fede/PhD/transformer-hls/hls/include/linear.h:1420]   --->   Operation 32 'zext' 'zext_ln1420' <Predicate = (tmp)> <Delay = 0.00>
ST_3 : Operation 33 [1/1] (0.93ns)   --->   "%rq_V = sub i25 0, i25 %zext_ln1420" [/home/fede/PhD/transformer-hls/hls/include/linear.h:1420]   --->   Operation 33 'sub' 'rq_V' <Predicate = (tmp)> <Delay = 0.93> <CoreInst = "Adder">   --->   Core 1 'Adder' <Latency = 0> <II = 1> <Delay = 0.93> <FuncUnit> <Opcode : 'add' 'sub'> <InPorts = 2> <OutPorts = 1>
ST_3 : Operation 34 [1/1] (0.32ns)   --->   "%rq_V_11 = select i1 %tmp, i25 %rq_V, i25 %zext_ln1409"   --->   Operation 34 'select' 'rq_V_11' <Predicate = true> <Delay = 0.32> <CoreInst = "Sel">   --->   Core 73 'Sel' <Latency = 0> <II = 1> <Delay = 0.32> <FuncUnit> <Opcode : 'select'> <InPorts = 3> <OutPorts = 1>
ST_3 : Operation 35 [1/1] (0.00ns)   --->   "%tmp_12 = partselect i18 @_ssdm_op_PartSelect.i18.i25.i32.i32, i25 %rq_V_11, i32 7, i32 24"   --->   Operation 35 'partselect' 'tmp_12' <Predicate = true> <Delay = 0.00>
ST_3 : Operation 36 [1/1] (1.08ns)   --->   "%icmp_ln1035 = icmp_sgt  i18 %tmp_12, i18 0"   --->   Operation 36 'icmp' 'icmp_ln1035' <Predicate = true> <Delay = 1.08> <CoreInst = "Cmp">   --->   Core 9 'Cmp' <Latency = 0> <II = 1> <Delay = 1.08> <FuncUnit> <Opcode : 'icmp'> <InPorts = 2> <OutPorts = 1>
ST_3 : Operation 37 [1/1] (1.03ns)   --->   "%icmp_ln1027 = icmp_slt  i25 %rq_V_11, i25 33554304"   --->   Operation 37 'icmp' 'icmp_ln1027' <Predicate = true> <Delay = 1.03> <CoreInst = "Cmp">   --->   Core 9 'Cmp' <Latency = 0> <II = 1> <Delay = 1.03> <FuncUnit> <Opcode : 'icmp'> <InPorts = 2> <OutPorts = 1>
ST_3 : Operation 38 [1/1] (0.00ns) (grouped into LUT with out node q_V)   --->   "%trunc_ln1444 = trunc i25 %rq_V_11" [/home/fede/PhD/transformer-hls/hls/include/linear.h:1444]   --->   Operation 38 'trunc' 'trunc_ln1444' <Predicate = true> <Delay = 0.00>
ST_3 : Operation 39 [1/1] (0.00ns) (grouped into LUT with out node q_V)   --->   "%select_ln1444 = select i1 %icmp_ln1035, i8 127, i8 128" [/home/fede/PhD/transformer-hls/hls/include/linear.h:1444]   --->   Operation 39 'select' 'select_ln1444' <Predicate = true> <Delay = 0.00> <CoreInst = "Sel">   --->   Core 73 'Sel' <Latency = 0> <II = 1> <Delay = 0.39> <FuncUnit> <Opcode : 'select'> <InPorts = 3> <OutPorts = 1>
ST_3 : Operation 40 [1/1] (0.00ns) (grouped into LUT with out node q_V)   --->   "%or_ln1444 = or i1 %icmp_ln1035, i1 %icmp_ln1027" [/home/fede/PhD/transformer-hls/hls/include/linear.h:1444]   --->   Operation 40 'or' 'or_ln1444' <Predicate = true> <Delay = 0.00> <CoreInst = "LogicGate">   --->   Core 74 'LogicGate' <Latency = 0> <II = 1> <Delay = 0.28> <FuncUnit> <Opcode : 'and' 'or' 'xor'> <InPorts = 2> <OutPorts = 1>
ST_3 : Operation 41 [1/1] (0.39ns) (out node of the LUT)   --->   "%q_V = select i1 %or_ln1444, i8 %select_ln1444, i8 %trunc_ln1444" [/home/fede/PhD/transformer-hls/hls/include/linear.h:1444]   --->   Operation 41 'select' 'q_V' <Predicate = true> <Delay = 0.39> <CoreInst = "Sel">   --->   Core 73 'Sel' <Latency = 0> <II = 1> <Delay = 0.39> <FuncUnit> <Opcode : 'select'> <InPorts = 3> <OutPorts = 1>
ST_3 : Operation 42 [1/1] (1.83ns)   --->   "%write_ln1616 = write void @_ssdm_op_Write.ap_fifo.volatile.i8P0A, i8 %q_lin1, i8 %q_V" [/home/fede/PhD/transformer-hls/hls/include/linear.h:1616]   --->   Operation 42 'write' 'write_ln1616' <Predicate = true> <Delay = 1.83> <CoreInst = "FIFO_SRL">   --->   Core 81 'FIFO_SRL' <Latency = 0> <II = 1> <Delay = 1.83> <Storage> <Opcode : 'read' 'write' 'nbread' 'nbwrite'> <Ports = 0> <Width = 8> <Depth = 2> <FIFO>
ST_3 : Operation 43 [1/1] (0.00ns)   --->   "%br_ln1588 = br void %VITIS_LOOP_1589_18" [/home/fede/PhD/transformer-hls/hls/include/linear.h:1588]   --->   Operation 43 'br' 'br_ln1588' <Predicate = true> <Delay = 0.00>


============================================================
+ Verbose Summary: Binding
============================================================
STG Binding: 
---------------- STG Properties BEGIN ----------------
- Is combinational: 0
- Is one-state seq: 0
- Is datapath-only: 0
- Is pipelined: 0
- Is top level: 0
Port [ Return ] is wired: 1; IO mode=ap_ctrl_hs:ce=0
Port [ C_tile_V]:  wired=1; compound=1; hidden=0; nouse=0; global=0; static=0; extern=0; dir=0; type=1; pingpong=0; private_global=0; MemPort=[13]; IO mode=ap_memory:ce=0
Port [ q_lin1]:  wired=1; compound=1; hidden=0; nouse=0; global=0; static=0; extern=0; dir=1; type=3; pingpong=0; private_global=0; IO mode=ap_fifo:ce=0
---------------- STG Properties END ------------------

---------------- Datapath Model BEGIN ----------------

<LifeTime>
<method=bitvector/>
n                   (alloca           ) [ 0100]
specmemcore_ln0     (specmemcore      ) [ 0000]
specinterface_ln0   (specinterface    ) [ 0000]
store_ln0           (store            ) [ 0000]
br_ln0              (br               ) [ 0000]
n_4                 (load             ) [ 0000]
specpipeline_ln0    (specpipeline     ) [ 0000]
icmp_ln1588         (icmp             ) [ 0110]
empty               (speclooptripcount) [ 0000]
add_ln1588          (add              ) [ 0000]
br_ln1588           (br               ) [ 0000]
n_11_cast           (zext             ) [ 0000]
C_tile_V_addr       (getelementptr    ) [ 0110]
store_ln1588        (store            ) [ 0000]
acc_V               (load             ) [ 0000]
sext_ln1408         (sext             ) [ 0000]
prod                (mul              ) [ 0000]
tmp                 (bitselect        ) [ 0101]
trunc_ln1417        (trunc            ) [ 0101]
specloopname_ln1588 (specloopname     ) [ 0000]
ret_V               (add              ) [ 0000]
trunc_ln            (partselect       ) [ 0000]
zext_ln1409         (zext             ) [ 0000]
ret_V_12            (sub              ) [ 0000]
trunc_ln8           (partselect       ) [ 0000]
zext_ln1420         (zext             ) [ 0000]
rq_V                (sub              ) [ 0000]
rq_V_11             (select           ) [ 0000]
tmp_12              (partselect       ) [ 0000]
icmp_ln1035         (icmp             ) [ 0000]
icmp_ln1027         (icmp             ) [ 0000]
trunc_ln1444        (trunc            ) [ 0000]
select_ln1444       (select           ) [ 0000]
or_ln1444           (or               ) [ 0000]
q_V                 (select           ) [ 0000]
write_ln1616        (write            ) [ 0000]
br_ln1588           (br               ) [ 0000]
ret_ln0             (ret              ) [ 0000]
</LifeTime>

<model>

<comp_list>
<comp id="0" class="1000" name="C_tile_V">
<pin_list>
<pin id="1" dir="1" index="0" bw="1" slack="0"/>
</pin_list>
<bind>
<StgValue><ssdm name="C_tile_V"/><MemPortTyVec>1 3 </MemPortTyVec>
</StgValue>
</bind>
</comp>

<comp id="2" class="1000" name="q_lin1">
<pin_list>
<pin id="3" dir="1" index="0" bw="1" slack="0"/>
</pin_list>
<bind>
<StgValue><ssdm name="q_lin1"/></StgValue>
</bind>
</comp>

<comp id="4" class="1001" name="const_4">
<pin_list>
<pin id="5" dir="1" index="0" bw="1" slack="0"/>
</pin_list>
<bind>
<StgValue><ssdm name=""/></StgValue>
</bind>
</comp>

<comp id="6" class="1001" name="const_6">
<pin_list>
<pin id="7" dir="1" index="0" bw="1" slack="2147483647"/>
</pin_list>
<bind>
<StgValue><ssdm name="_ssdm_op_SpecMemCore"/></StgValue>
</bind>
</comp>

<comp id="8" class="1001" name="const_8">
<pin_list>
<pin id="9" dir="1" index="0" bw="1" slack="2147483647"/>
</pin_list>
<bind>
<StgValue><ssdm name=""/></StgValue>
</bind>
</comp>

<comp id="10" class="1001" name="const_10">
<pin_list>
<pin id="11" dir="1" index="0" bw="1" slack="2147483647"/>
</pin_list>
<bind>
<StgValue><ssdm name=""/></StgValue>
</bind>
</comp>

<comp id="12" class="1001" name="const_12">
<pin_list>
<pin id="13" dir="1" index="0" bw="1" slack="2147483647"/>
</pin_list>
<bind>
<StgValue><ssdm name=""/></StgValue>
</bind>
</comp>

<comp id="14" class="1001" name="const_14">
<pin_list>
<pin id="15" dir="1" index="0" bw="1" slack="2147483647"/>
</pin_list>
<bind>
<StgValue><ssdm name="_ssdm_op_SpecInterface"/></StgValue>
</bind>
</comp>

<comp id="16" class="1001" name="const_16">
<pin_list>
<pin id="17" dir="1" index="0" bw="1" slack="2147483647"/>
</pin_list>
<bind>
<StgValue><ssdm name="empty_9"/></StgValue>
</bind>
</comp>

<comp id="18" class="1001" name="const_18">
<pin_list>
<pin id="19" dir="1" index="0" bw="1" slack="2147483647"/>
</pin_list>
<bind>
<StgValue><ssdm name=""/></StgValue>
</bind>
</comp>

<comp id="20" class="1001" name="const_20">
<pin_list>
<pin id="21" dir="1" index="0" bw="1" slack="2147483647"/>
</pin_list>
<bind>
<StgValue><ssdm name="empty_28"/></StgValue>
</bind>
</comp>

<comp id="22" class="1001" name="const_22">
<pin_list>
<pin id="23" dir="1" index="0" bw="1" slack="2147483647"/>
</pin_list>
<bind>
<StgValue><ssdm name=""/></StgValue>
</bind>
</comp>

<comp id="24" class="1001" name="const_24">
<pin_list>
<pin id="25" dir="1" index="0" bw="1" slack="0"/>
</pin_list>
<bind>
<StgValue><ssdm name=""/></StgValue>
</bind>
</comp>

<comp id="26" class="1001" name="const_26">
<pin_list>
<pin id="27" dir="1" index="0" bw="1" slack="2147483647"/>
</pin_list>
<bind>
<StgValue><ssdm name="_ssdm_op_SpecPipeline"/></StgValue>
</bind>
</comp>

<comp id="28" class="1001" name="const_28">
<pin_list>
<pin id="29" dir="1" index="0" bw="1" slack="2147483647"/>
</pin_list>
<bind>
<StgValue><ssdm name="p_str"/></StgValue>
</bind>
</comp>

<comp id="30" class="1001" name="const_30">
<pin_list>
<pin id="31" dir="1" index="0" bw="1" slack="0"/>
</pin_list>
<bind>
<StgValue><ssdm name=""/></StgValue>
</bind>
</comp>

<comp id="32" class="1001" name="const_32">
<pin_list>
<pin id="33" dir="1" index="0" bw="1" slack="2147483647"/>
</pin_list>
<bind>
<StgValue><ssdm name="_ssdm_op_SpecLoopTripCount"/></StgValue>
</bind>
</comp>

<comp id="34" class="1001" name="const_34">
<pin_list>
<pin id="35" dir="1" index="0" bw="1" slack="2147483647"/>
</pin_list>
<bind>
<StgValue><ssdm name=""/></StgValue>
</bind>
</comp>

<comp id="36" class="1001" name="const_36">
<pin_list>
<pin id="37" dir="1" index="0" bw="1" slack="0"/>
</pin_list>
<bind>
<StgValue><ssdm name=""/></StgValue>
</bind>
</comp>

<comp id="38" class="1001" name="const_38">
<pin_list>
<pin id="39" dir="1" index="0" bw="1" slack="0"/>
</pin_list>
<bind>
<StgValue><ssdm name=""/></StgValue>
</bind>
</comp>

<comp id="40" class="1001" name="const_40">
<pin_list>
<pin id="41" dir="1" index="0" bw="1" slack="0"/>
</pin_list>
<bind>
<StgValue><ssdm name=""/></StgValue>
</bind>
</comp>

<comp id="42" class="1001" name="const_42">
<pin_list>
<pin id="43" dir="1" index="0" bw="1" slack="0"/>
</pin_list>
<bind>
<StgValue><ssdm name="_ssdm_op_BitSelect.i1.i42.i32"/></StgValue>
</bind>
</comp>

<comp id="44" class="1001" name="const_44">
<pin_list>
<pin id="45" dir="1" index="0" bw="1" slack="0"/>
</pin_list>
<bind>
<StgValue><ssdm name=""/></StgValue>
</bind>
</comp>

<comp id="46" class="1001" name="const_46">
<pin_list>
<pin id="47" dir="1" index="0" bw="1" slack="2147483647"/>
</pin_list>
<bind>
<StgValue><ssdm name="_ssdm_op_SpecLoopName"/></StgValue>
</bind>
</comp>

<comp id="48" class="1001" name="const_48">
<pin_list>
<pin id="49" dir="1" index="0" bw="1" slack="2147483647"/>
</pin_list>
<bind>
<StgValue><ssdm name="empty_42"/></StgValue>
</bind>
</comp>

<comp id="50" class="1001" name="const_50">
<pin_list>
<pin id="51" dir="1" index="0" bw="1" slack="0"/>
</pin_list>
<bind>
<StgValue><ssdm name=""/></StgValue>
</bind>
</comp>

<comp id="52" class="1001" name="const_52">
<pin_list>
<pin id="53" dir="1" index="0" bw="1" slack="0"/>
</pin_list>
<bind>
<StgValue><ssdm name="_ssdm_op_PartSelect.i24.i40.i32.i32"/></StgValue>
</bind>
</comp>

<comp id="54" class="1001" name="const_54">
<pin_list>
<pin id="55" dir="1" index="0" bw="1" slack="0"/>
</pin_list>
<bind>
<StgValue><ssdm name=""/></StgValue>
</bind>
</comp>

<comp id="56" class="1001" name="const_56">
<pin_list>
<pin id="57" dir="1" index="0" bw="1" slack="0"/>
</pin_list>
<bind>
<StgValue><ssdm name=""/></StgValue>
</bind>
</comp>

<comp id="58" class="1001" name="const_58">
<pin_list>
<pin id="59" dir="1" index="0" bw="1" slack="0"/>
</pin_list>
<bind>
<StgValue><ssdm name=""/></StgValue>
</bind>
</comp>

<comp id="60" class="1001" name="const_60">
<pin_list>
<pin id="61" dir="1" index="0" bw="1" slack="0"/>
</pin_list>
<bind>
<StgValue><ssdm name="_ssdm_op_PartSelect.i18.i25.i32.i32"/></StgValue>
</bind>
</comp>

<comp id="62" class="1001" name="const_62">
<pin_list>
<pin id="63" dir="1" index="0" bw="1" slack="0"/>
</pin_list>
<bind>
<StgValue><ssdm name=""/></StgValue>
</bind>
</comp>

<comp id="64" class="1001" name="const_64">
<pin_list>
<pin id="65" dir="1" index="0" bw="1" slack="0"/>
</pin_list>
<bind>
<StgValue><ssdm name=""/></StgValue>
</bind>
</comp>

<comp id="66" class="1001" name="const_66">
<pin_list>
<pin id="67" dir="1" index="0" bw="1" slack="0"/>
</pin_list>
<bind>
<StgValue><ssdm name=""/></StgValue>
</bind>
</comp>

<comp id="68" class="1001" name="const_68">
<pin_list>
<pin id="69" dir="1" index="0" bw="1" slack="0"/>
</pin_list>
<bind>
<StgValue><ssdm name=""/></StgValue>
</bind>
</comp>

<comp id="70" class="1001" name="const_70">
<pin_list>
<pin id="71" dir="1" index="0" bw="1" slack="0"/>
</pin_list>
<bind>
<StgValue><ssdm name=""/></StgValue>
</bind>
</comp>

<comp id="72" class="1001" name="const_72">
<pin_list>
<pin id="73" dir="1" index="0" bw="1" slack="0"/>
</pin_list>
<bind>
<StgValue><ssdm name=""/></StgValue>
</bind>
</comp>

<comp id="74" class="1001" name="const_74">
<pin_list>
<pin id="75" dir="1" index="0" bw="1" slack="0"/>
</pin_list>
<bind>
<StgValue><ssdm name="_ssdm_op_Write.ap_fifo.volatile.i8P0A"/></StgValue>
</bind>
</comp>

<comp id="76" class="1004" name="n_fu_76">
<pin_list>
<pin id="77" dir="0" index="0" bw="1" slack="0"/>
<pin id="78" dir="1" index="1" bw="5" slack="0"/>
</pin_list>
<bind>
<opcode="alloca(26) " fcode="alloca"/>
<opset="n/1 "/>
</bind>
</comp>

<comp id="80" class="1004" name="write_ln1616_write_fu_80">
<pin_list>
<pin id="81" dir="0" index="0" bw="0" slack="0"/>
<pin id="82" dir="0" index="1" bw="8" slack="0"/>
<pin id="83" dir="0" index="2" bw="8" slack="0"/>
<pin id="84" dir="1" index="3" bw="0" slack="2147483647"/>
</pin_list>
<bind>
<opcode="write(1151) " fcode="write"/>
<opset="write_ln1616/3 "/>
</bind>
</comp>

<comp id="87" class="1004" name="C_tile_V_addr_gep_fu_87">
<pin_list>
<pin id="88" dir="0" index="0" bw="32" slack="0"/>
<pin id="89" dir="0" index="1" bw="1" slack="0"/>
<pin id="90" dir="0" index="2" bw="5" slack="0"/>
<pin id="91" dir="1" index="3" bw="4" slack="0"/>
</pin_list>
<bind>
<opcode="getelementptr(29) " fcode="getelementptr"/>
<opset="C_tile_V_addr/1 "/>
</bind>
</comp>

<comp id="94" class="1004" name="grp_access_fu_94">
<pin_list>
<pin id="95" dir="0" index="0" bw="4" slack="0"/>
<pin id="96" dir="0" index="1" bw="32" slack="2147483647"/>
<pin id="97" dir="0" index="2" bw="0" slack="2147483647"/>
<pin id="98" dir="1" index="3" bw="32" slack="0"/>
</pin_list>
<bind>
<opcode="load(27) " fcode="load"/>
<opset="acc_V/1 "/>
</bind>
</comp>

<comp id="100" class="1004" name="store_ln0_store_fu_100">
<pin_list>
<pin id="101" dir="0" index="0" bw="1" slack="0"/>
<pin id="102" dir="0" index="1" bw="5" slack="0"/>
<pin id="103" dir="1" index="2" bw="0" slack="2147483647"/>
</pin_list>
<bind>
<opcode="store(28) " fcode="store"/>
<opset="store_ln0/1 "/>
</bind>
</comp>

<comp id="105" class="1004" name="n_4_load_fu_105">
<pin_list>
<pin id="106" dir="0" index="0" bw="5" slack="0"/>
<pin id="107" dir="1" index="1" bw="5" slack="0"/>
</pin_list>
<bind>
<opcode="load(27) " fcode="load"/>
<opset="n_4/1 "/>
</bind>
</comp>

<comp id="108" class="1004" name="icmp_ln1588_fu_108">
<pin_list>
<pin id="109" dir="0" index="0" bw="5" slack="0"/>
<pin id="110" dir="0" index="1" bw="5" slack="0"/>
<pin id="111" dir="1" index="2" bw="1" slack="1"/>
</pin_list>
<bind>
<opcode="icmp(45) " fcode="icmp"/>
<opset="icmp_ln1588/1 "/>
</bind>
</comp>

<comp id="114" class="1004" name="add_ln1588_fu_114">
<pin_list>
<pin id="115" dir="0" index="0" bw="5" slack="0"/>
<pin id="116" dir="0" index="1" bw="1" slack="0"/>
<pin id="117" dir="1" index="2" bw="5" slack="0"/>
</pin_list>
<bind>
<opcode="add(8) " fcode="add"/>
<opset="add_ln1588/1 "/>
</bind>
</comp>

<comp id="120" class="1004" name="n_11_cast_fu_120">
<pin_list>
<pin id="121" dir="0" index="0" bw="5" slack="0"/>
<pin id="122" dir="1" index="1" bw="64" slack="0"/>
</pin_list>
<bind>
<opcode="zext(34) " fcode="zext"/>
<opset="n_11_cast/1 "/>
</bind>
</comp>

<comp id="125" class="1004" name="store_ln1588_store_fu_125">
<pin_list>
<pin id="126" dir="0" index="0" bw="5" slack="0"/>
<pin id="127" dir="0" index="1" bw="5" slack="0"/>
<pin id="128" dir="1" index="2" bw="0" slack="2147483647"/>
</pin_list>
<bind>
<opcode="store(28) " fcode="store"/>
<opset="store_ln1588/1 "/>
</bind>
</comp>

<comp id="130" class="1004" name="sext_ln1408_fu_130">
<pin_list>
<pin id="131" dir="0" index="0" bw="32" slack="0"/>
<pin id="132" dir="1" index="1" bw="42" slack="0"/>
</pin_list>
<bind>
<opcode="sext(35) " fcode="sext"/>
<opset="sext_ln1408/2 "/>
</bind>
</comp>

<comp id="134" class="1004" name="prod_fu_134">
<pin_list>
<pin id="135" dir="0" index="0" bw="32" slack="0"/>
<pin id="136" dir="0" index="1" bw="10" slack="0"/>
<pin id="137" dir="1" index="2" bw="42" slack="0"/>
</pin_list>
<bind>
<opcode="mul(12) " fcode="mul"/>
<opset="prod/2 "/>
</bind>
</comp>

<comp id="140" class="1004" name="tmp_fu_140">
<pin_list>
<pin id="141" dir="0" index="0" bw="1" slack="0"/>
<pin id="142" dir="0" index="1" bw="42" slack="0"/>
<pin id="143" dir="0" index="2" bw="7" slack="0"/>
<pin id="144" dir="1" index="3" bw="1" slack="1"/>
</pin_list>
<bind>
<opcode="bitselect(1000) " fcode="bitselect"/>
<opset="tmp/2 "/>
</bind>
</comp>

<comp id="148" class="1004" name="trunc_ln1417_fu_148">
<pin_list>
<pin id="149" dir="0" index="0" bw="42" slack="0"/>
<pin id="150" dir="1" index="1" bw="40" slack="1"/>
</pin_list>
<bind>
<opcode="trunc(33) " fcode="trunc"/>
<opset="trunc_ln1417/2 "/>
</bind>
</comp>

<comp id="152" class="1004" name="ret_V_fu_152">
<pin_list>
<pin id="153" dir="0" index="0" bw="40" slack="1"/>
<pin id="154" dir="0" index="1" bw="17" slack="0"/>
<pin id="155" dir="1" index="2" bw="40" slack="0"/>
</pin_list>
<bind>
<opcode="add(8) " fcode="add"/>
<opset="ret_V/3 "/>
</bind>
</comp>

<comp id="157" class="1004" name="trunc_ln_fu_157">
<pin_list>
<pin id="158" dir="0" index="0" bw="24" slack="0"/>
<pin id="159" dir="0" index="1" bw="40" slack="0"/>
<pin id="160" dir="0" index="2" bw="6" slack="0"/>
<pin id="161" dir="0" index="3" bw="7" slack="0"/>
<pin id="162" dir="1" index="4" bw="24" slack="0"/>
</pin_list>
<bind>
<opcode="partselect(1002) " fcode="partselect"/>
<opset="trunc_ln/3 "/>
</bind>
</comp>

<comp id="167" class="1004" name="zext_ln1409_fu_167">
<pin_list>
<pin id="168" dir="0" index="0" bw="24" slack="0"/>
<pin id="169" dir="1" index="1" bw="25" slack="0"/>
</pin_list>
<bind>
<opcode="zext(34) " fcode="zext"/>
<opset="zext_ln1409/3 "/>
</bind>
</comp>

<comp id="171" class="1004" name="ret_V_12_fu_171">
<pin_list>
<pin id="172" dir="0" index="0" bw="17" slack="0"/>
<pin id="173" dir="0" index="1" bw="40" slack="1"/>
<pin id="174" dir="1" index="2" bw="40" slack="0"/>
</pin_list>
<bind>
<opcode="sub(10) " fcode="sub"/>
<opset="ret_V_12/3 "/>
</bind>
</comp>

<comp id="176" class="1004" name="trunc_ln8_fu_176">
<pin_list>
<pin id="177" dir="0" index="0" bw="24" slack="0"/>
<pin id="178" dir="0" index="1" bw="40" slack="0"/>
<pin id="179" dir="0" index="2" bw="6" slack="0"/>
<pin id="180" dir="0" index="3" bw="7" slack="0"/>
<pin id="181" dir="1" index="4" bw="24" slack="0"/>
</pin_list>
<bind>
<opcode="partselect(1002) " fcode="partselect"/>
<opset="trunc_ln8/3 "/>
</bind>
</comp>

<comp id="186" class="1004" name="zext_ln1420_fu_186">
<pin_list>
<pin id="187" dir="0" index="0" bw="24" slack="0"/>
<pin id="188" dir="1" index="1" bw="25" slack="0"/>
</pin_list>
<bind>
<opcode="zext(34) " fcode="zext"/>
<opset="zext_ln1420/3 "/>
</bind>
</comp>

<comp id="190" class="1004" name="rq_V_fu_190">
<pin_list>
<pin id="191" dir="0" index="0" bw="1" slack="0"/>
<pin id="192" dir="0" index="1" bw="24" slack="0"/>
<pin id="193" dir="1" index="2" bw="25" slack="0"/>
</pin_list>
<bind>
<opcode="sub(10) " fcode="sub"/>
<opset="rq_V/3 "/>
</bind>
</comp>

<comp id="196" class="1004" name="rq_V_11_fu_196">
<pin_list>
<pin id="197" dir="0" index="0" bw="1" slack="1"/>
<pin id="198" dir="0" index="1" bw="25" slack="0"/>
<pin id="199" dir="0" index="2" bw="24" slack="0"/>
<pin id="200" dir="1" index="3" bw="25" slack="0"/>
</pin_list>
<bind>
<opcode="select(49) " fcode="select"/>
<opset="rq_V_11/3 "/>
</bind>
</comp>

<comp id="203" class="1004" name="tmp_12_fu_203">
<pin_list>
<pin id="204" dir="0" index="0" bw="18" slack="0"/>
<pin id="205" dir="0" index="1" bw="25" slack="0"/>
<pin id="206" dir="0" index="2" bw="4" slack="0"/>
<pin id="207" dir="0" index="3" bw="6" slack="0"/>
<pin id="208" dir="1" index="4" bw="18" slack="0"/>
</pin_list>
<bind>
<opcode="partselect(1002) " fcode="partselect"/>
<opset="tmp_12/3 "/>
</bind>
</comp>

<comp id="213" class="1004" name="icmp_ln1035_fu_213">
<pin_list>
<pin id="214" dir="0" index="0" bw="18" slack="0"/>
<pin id="215" dir="0" index="1" bw="1" slack="0"/>
<pin id="216" dir="1" index="2" bw="1" slack="0"/>
</pin_list>
<bind>
<opcode="icmp(45) " fcode="icmp"/>
<opset="icmp_ln1035/3 "/>
</bind>
</comp>

<comp id="219" class="1004" name="icmp_ln1027_fu_219">
<pin_list>
<pin id="220" dir="0" index="0" bw="25" slack="0"/>
<pin id="221" dir="0" index="1" bw="8" slack="0"/>
<pin id="222" dir="1" index="2" bw="1" slack="0"/>
</pin_list>
<bind>
<opcode="icmp(45) " fcode="icmp"/>
<opset="icmp_ln1027/3 "/>
</bind>
</comp>

<comp id="225" class="1004" name="trunc_ln1444_fu_225">
<pin_list>
<pin id="226" dir="0" index="0" bw="25" slack="0"/>
<pin id="227" dir="1" index="1" bw="8" slack="0"/>
</pin_list>
<bind>
<opcode="trunc(33) " fcode="trunc"/>
<opset="trunc_ln1444/3 "/>
</bind>
</comp>

<comp id="229" class="1004" name="select_ln1444_fu_229">
<pin_list>
<pin id="230" dir="0" index="0" bw="1" slack="0"/>
<pin id="231" dir="0" index="1" bw="8" slack="0"/>
<pin id="232" dir="0" index="2" bw="8" slack="0"/>
<pin id="233" dir="1" index="3" bw="8" slack="0"/>
</pin_list>
<bind>
<opcode="select(49) " fcode="select"/>
<opset="select_ln1444/3 "/>
</bind>
</comp>

<comp id="237" class="1004" name="or_ln1444_fu_237">
<pin_list>
<pin id="238" dir="0" index="0" bw="1" slack="0"/>
<pin id="239" dir="0" index="1" bw="1" slack="0"/>
<pin id="240" dir="1" index="2" bw="1" slack="0"/>
</pin_list>
<bind>
<opcode="or(24) " fcode="or"/>
<opset="or_ln1444/3 "/>
</bind>
</comp>

<comp id="243" class="1004" name="q_V_fu_243">
<pin_list>
<pin id="244" dir="0" index="0" bw="1" slack="0"/>
<pin id="245" dir="0" index="1" bw="8" slack="0"/>
<pin id="246" dir="0" index="2" bw="8" slack="0"/>
<pin id="247" dir="1" index="3" bw="8" slack="0"/>
</pin_list>
<bind>
<opcode="select(49) " fcode="select"/>
<opset="q_V/3 "/>
</bind>
</comp>

<comp id="252" class="1005" name="n_reg_252">
<pin_list>
<pin id="253" dir="0" index="0" bw="5" slack="0"/>
<pin id="254" dir="1" index="1" bw="5" slack="0"/>
</pin_list>
<bind>
<opset="n "/>
</bind>
</comp>

<comp id="259" class="1005" name="icmp_ln1588_reg_259">
<pin_list>
<pin id="260" dir="0" index="0" bw="1" slack="1"/>
<pin id="261" dir="1" index="1" bw="1" slack="2147483647"/>
</pin_list>
<bind>
<opset="icmp_ln1588 "/>
</bind>
</comp>

<comp id="263" class="1005" name="C_tile_V_addr_reg_263">
<pin_list>
<pin id="264" dir="0" index="0" bw="4" slack="1"/>
<pin id="265" dir="1" index="1" bw="4" slack="1"/>
</pin_list>
<bind>
<opset="C_tile_V_addr "/>
</bind>
</comp>

<comp id="268" class="1005" name="tmp_reg_268">
<pin_list>
<pin id="269" dir="0" index="0" bw="1" slack="1"/>
<pin id="270" dir="1" index="1" bw="1" slack="1"/>
</pin_list>
<bind>
<opset="tmp "/>
</bind>
</comp>

<comp id="273" class="1005" name="trunc_ln1417_reg_273">
<pin_list>
<pin id="274" dir="0" index="0" bw="40" slack="1"/>
<pin id="275" dir="1" index="1" bw="40" slack="1"/>
</pin_list>
<bind>
<opset="trunc_ln1417 "/>
</bind>
</comp>

</comp_list>

<net_list>
<net id="79"><net_src comp="4" pin="0"/><net_sink comp="76" pin=0"/></net>

<net id="85"><net_src comp="74" pin="0"/><net_sink comp="80" pin=0"/></net>

<net id="86"><net_src comp="2" pin="0"/><net_sink comp="80" pin=1"/></net>

<net id="92"><net_src comp="0" pin="0"/><net_sink comp="87" pin=0"/></net>

<net id="93"><net_src comp="38" pin="0"/><net_sink comp="87" pin=1"/></net>

<net id="99"><net_src comp="87" pin="3"/><net_sink comp="94" pin=0"/></net>

<net id="104"><net_src comp="24" pin="0"/><net_sink comp="100" pin=0"/></net>

<net id="112"><net_src comp="105" pin="1"/><net_sink comp="108" pin=0"/></net>

<net id="113"><net_src comp="30" pin="0"/><net_sink comp="108" pin=1"/></net>

<net id="118"><net_src comp="105" pin="1"/><net_sink comp="114" pin=0"/></net>

<net id="119"><net_src comp="36" pin="0"/><net_sink comp="114" pin=1"/></net>

<net id="123"><net_src comp="105" pin="1"/><net_sink comp="120" pin=0"/></net>

<net id="124"><net_src comp="120" pin="1"/><net_sink comp="87" pin=2"/></net>

<net id="129"><net_src comp="114" pin="2"/><net_sink comp="125" pin=0"/></net>

<net id="133"><net_src comp="94" pin="3"/><net_sink comp="130" pin=0"/></net>

<net id="138"><net_src comp="130" pin="1"/><net_sink comp="134" pin=0"/></net>

<net id="139"><net_src comp="40" pin="0"/><net_sink comp="134" pin=1"/></net>

<net id="145"><net_src comp="42" pin="0"/><net_sink comp="140" pin=0"/></net>

<net id="146"><net_src comp="134" pin="2"/><net_sink comp="140" pin=1"/></net>

<net id="147"><net_src comp="44" pin="0"/><net_sink comp="140" pin=2"/></net>

<net id="151"><net_src comp="134" pin="2"/><net_sink comp="148" pin=0"/></net>

<net id="156"><net_src comp="50" pin="0"/><net_sink comp="152" pin=1"/></net>

<net id="163"><net_src comp="52" pin="0"/><net_sink comp="157" pin=0"/></net>

<net id="164"><net_src comp="152" pin="2"/><net_sink comp="157" pin=1"/></net>

<net id="165"><net_src comp="54" pin="0"/><net_sink comp="157" pin=2"/></net>

<net id="166"><net_src comp="56" pin="0"/><net_sink comp="157" pin=3"/></net>

<net id="170"><net_src comp="157" pin="4"/><net_sink comp="167" pin=0"/></net>

<net id="175"><net_src comp="50" pin="0"/><net_sink comp="171" pin=0"/></net>

<net id="182"><net_src comp="52" pin="0"/><net_sink comp="176" pin=0"/></net>

<net id="183"><net_src comp="171" pin="2"/><net_sink comp="176" pin=1"/></net>

<net id="184"><net_src comp="54" pin="0"/><net_sink comp="176" pin=2"/></net>

<net id="185"><net_src comp="56" pin="0"/><net_sink comp="176" pin=3"/></net>

<net id="189"><net_src comp="176" pin="4"/><net_sink comp="186" pin=0"/></net>

<net id="194"><net_src comp="58" pin="0"/><net_sink comp="190" pin=0"/></net>

<net id="195"><net_src comp="186" pin="1"/><net_sink comp="190" pin=1"/></net>

<net id="201"><net_src comp="190" pin="2"/><net_sink comp="196" pin=1"/></net>

<net id="202"><net_src comp="167" pin="1"/><net_sink comp="196" pin=2"/></net>

<net id="209"><net_src comp="60" pin="0"/><net_sink comp="203" pin=0"/></net>

<net id="210"><net_src comp="196" pin="3"/><net_sink comp="203" pin=1"/></net>

<net id="211"><net_src comp="62" pin="0"/><net_sink comp="203" pin=2"/></net>

<net id="212"><net_src comp="64" pin="0"/><net_sink comp="203" pin=3"/></net>

<net id="217"><net_src comp="203" pin="4"/><net_sink comp="213" pin=0"/></net>

<net id="218"><net_src comp="66" pin="0"/><net_sink comp="213" pin=1"/></net>

<net id="223"><net_src comp="196" pin="3"/><net_sink comp="219" pin=0"/></net>

<net id="224"><net_src comp="68" pin="0"/><net_sink comp="219" pin=1"/></net>

<net id="228"><net_src comp="196" pin="3"/><net_sink comp="225" pin=0"/></net>

<net id="234"><net_src comp="213" pin="2"/><net_sink comp="229" pin=0"/></net>

<net id="235"><net_src comp="70" pin="0"/><net_sink comp="229" pin=1"/></net>

<net id="236"><net_src comp="72" pin="0"/><net_sink comp="229" pin=2"/></net>

<net id="241"><net_src comp="213" pin="2"/><net_sink comp="237" pin=0"/></net>

<net id="242"><net_src comp="219" pin="2"/><net_sink comp="237" pin=1"/></net>

<net id="248"><net_src comp="237" pin="2"/><net_sink comp="243" pin=0"/></net>

<net id="249"><net_src comp="229" pin="3"/><net_sink comp="243" pin=1"/></net>

<net id="250"><net_src comp="225" pin="1"/><net_sink comp="243" pin=2"/></net>

<net id="251"><net_src comp="243" pin="3"/><net_sink comp="80" pin=2"/></net>

<net id="255"><net_src comp="76" pin="1"/><net_sink comp="252" pin=0"/></net>

<net id="256"><net_src comp="252" pin="1"/><net_sink comp="100" pin=1"/></net>

<net id="257"><net_src comp="252" pin="1"/><net_sink comp="105" pin=0"/></net>

<net id="258"><net_src comp="252" pin="1"/><net_sink comp="125" pin=1"/></net>

<net id="262"><net_src comp="108" pin="2"/><net_sink comp="259" pin=0"/></net>

<net id="266"><net_src comp="87" pin="3"/><net_sink comp="263" pin=0"/></net>

<net id="267"><net_src comp="263" pin="1"/><net_sink comp="94" pin=0"/></net>

<net id="271"><net_src comp="140" pin="3"/><net_sink comp="268" pin=0"/></net>

<net id="272"><net_src comp="268" pin="1"/><net_sink comp="196" pin=0"/></net>

<net id="276"><net_src comp="148" pin="1"/><net_sink comp="273" pin=0"/></net>

<net id="277"><net_src comp="273" pin="1"/><net_sink comp="152" pin=0"/></net>

<net id="278"><net_src comp="273" pin="1"/><net_sink comp="171" pin=1"/></net>

</net_list>

</model> 
---------------- Datapath Model END ------------------

* FSMD analyzer results:
  - Output states:
	Port: q_lin1 | {3 }
 - Input state : 
	Port: Linear_Layer_Pipeline_VITIS_LOOP_1588_17.4 : C_tile_V | {1 2 }
  - Chain level:
	State 1
		store_ln0 : 1
		n_4 : 1
		icmp_ln1588 : 2
		add_ln1588 : 2
		br_ln1588 : 3
		n_11_cast : 2
		C_tile_V_addr : 3
		acc_V : 4
		store_ln1588 : 3
	State 2
		sext_ln1408 : 1
		prod : 2
		tmp : 3
		trunc_ln1417 : 3
	State 3
		trunc_ln : 1
		zext_ln1409 : 2
		trunc_ln8 : 1
		zext_ln1420 : 2
		rq_V : 3
		rq_V_11 : 4
		tmp_12 : 5
		icmp_ln1035 : 6
		icmp_ln1027 : 5
		trunc_ln1444 : 5
		select_ln1444 : 7
		or_ln1444 : 7
		q_V : 7
		write_ln1616 : 8


============================================================
+ Verbose Summary: Datapath Resource usage 
============================================================

* Functional unit list:
|----------|--------------------------|---------|---------|---------|
| Operation|      Functional Unit     |   DSP   |    FF   |   LUT   |
|----------|--------------------------|---------|---------|---------|
|    sub   |      ret_V_12_fu_171     |    0    |    0    |    47   |
|          |        rq_V_fu_190       |    0    |    0    |    31   |
|----------|--------------------------|---------|---------|---------|
|    add   |     add_ln1588_fu_114    |    0    |    0    |    12   |
|          |       ret_V_fu_152       |    0    |    0    |    47   |
|----------|--------------------------|---------|---------|---------|
|          |      rq_V_11_fu_196      |    0    |    0    |    25   |
|  select  |   select_ln1444_fu_229   |    0    |    0    |    8    |
|          |        q_V_fu_243        |    0    |    0    |    8    |
|----------|--------------------------|---------|---------|---------|
|          |    icmp_ln1588_fu_108    |    0    |    0    |    9    |
|   icmp   |    icmp_ln1035_fu_213    |    0    |    0    |    13   |
|          |    icmp_ln1027_fu_219    |    0    |    0    |    16   |
|----------|--------------------------|---------|---------|---------|
|    mul   |        prod_fu_134       |    1    |    0    |    20   |
|----------|--------------------------|---------|---------|---------|
|    or    |     or_ln1444_fu_237     |    0    |    0    |    2    |
|----------|--------------------------|---------|---------|---------|
|   write  | write_ln1616_write_fu_80 |    0    |    0    |    0    |
|----------|--------------------------|---------|---------|---------|
|          |     n_11_cast_fu_120     |    0    |    0    |    0    |
|   zext   |    zext_ln1409_fu_167    |    0    |    0    |    0    |
|          |    zext_ln1420_fu_186    |    0    |    0    |    0    |
|----------|--------------------------|---------|---------|---------|
|   sext   |    sext_ln1408_fu_130    |    0    |    0    |    0    |
|----------|--------------------------|---------|---------|---------|
| bitselect|        tmp_fu_140        |    0    |    0    |    0    |
|----------|--------------------------|---------|---------|---------|
|   trunc  |    trunc_ln1417_fu_148   |    0    |    0    |    0    |
|          |    trunc_ln1444_fu_225   |    0    |    0    |    0    |
|----------|--------------------------|---------|---------|---------|
|          |      trunc_ln_fu_157     |    0    |    0    |    0    |
|partselect|     trunc_ln8_fu_176     |    0    |    0    |    0    |
|          |       tmp_12_fu_203      |    0    |    0    |    0    |
|----------|--------------------------|---------|---------|---------|
|   Total  |                          |    1    |    0    |   238   |
|----------|--------------------------|---------|---------|---------|

Memories:
N/A

* Register list:
+---------------------+--------+
|                     |   FF   |
+---------------------+--------+
|C_tile_V_addr_reg_263|    4   |
| icmp_ln1588_reg_259 |    1   |
|      n_reg_252      |    5   |
|     tmp_reg_268     |    1   |
| trunc_ln1417_reg_273|   40   |
+---------------------+--------+
|        Total        |   51   |
+---------------------+--------+

* Multiplexer (MUX) list: 
|------------------|------|------|------|--------||---------||---------|
|       Comp       |  Pin | Size |  BW  | S x BW ||  Delay  ||   LUT   |
|------------------|------|------|------|--------||---------||---------|
| grp_access_fu_94 |  p0  |   2  |   4  |    8   ||    9    |
|------------------|------|------|------|--------||---------||---------|
|       Total      |      |      |      |    8   ||  0.427  ||    9    |
|------------------|------|------|------|--------||---------||---------|



* Summary:
+-----------+--------+--------+--------+--------+
|           |   DSP  |  Delay |   FF   |   LUT  |
+-----------+--------+--------+--------+--------+
|  Function |    1   |    -   |    0   |   238  |
|   Memory  |    -   |    -   |    -   |    -   |
|Multiplexer|    -   |    0   |    -   |    9   |
|  Register |    -   |    -   |   51   |    -   |
+-----------+--------+--------+--------+--------+
|   Total   |    1   |    0   |   51   |   247  |
+-----------+--------+--------+--------+--------+
