

================================================================
== Vitis HLS Report for 'MatMul_KV_tiled_11_Pipeline_VITIS_LOOP_1831_6'
================================================================
* Date:           Tue Jun 23 12:33:24 2026

* Version:        2022.2 (Build 3670227 on Oct 13 2022)
* Project:        ViT_Block
* Solution:       ViT_Block (Vivado IP Flow Target)
* Product family: virtexuplus
* Target device:  xcu250-figd2104-2L-e


================================================================
== Performance Estimates
================================================================
+ Timing: 
    * Summary: 
    +--------+----------+----------+------------+
    |  Clock |  Target  | Estimated| Uncertainty|
    +--------+----------+----------+------------+
    |ap_clk  |  10.00 ns|  4.723 ns|     2.70 ns|
    +--------+----------+----------+------------+

+ Latency: 
    * Summary: 
    +---------+---------+----------+----------+-----+-----+---------+
    |  Latency (cycles) |  Latency (absolute) |  Interval | Pipeline|
    |   min   |   max   |    min   |    max   | min | max |   Type  |
    +---------+---------+----------+----------+-----+-----+---------+
    |       19|       19|  0.190 us|  0.190 us|   19|   19|       no|
    +---------+---------+----------+----------+-----+-----+---------+

    + Detail: 
        * Instance: 
        N/A

        * Loop: 
        +---------------------+---------+---------+----------+-----------+-----------+------+----------+
        |                     |  Latency (cycles) | Iteration|  Initiation Interval  | Trip |          |
        |      Loop Name      |   min   |   max   |  Latency |  achieved |   target  | Count| Pipelined|
        +---------------------+---------+---------+----------+-----------+-----------+------+----------+
        |- VITIS_LOOP_1831_6  |       17|       17|        11|          1|          1|     8|       yes|
        +---------------------+---------+---------+----------+-----------+-----------+------+----------+

============================================================
+ Verbose Summary: Synthesis Manager
============================================================
InlineROM: 1
ExposeGlobal: 0
============================================================
+ Verbose Summary: CDFG Model
============================================================
IsTopModel: 0
ResetActiveHigh: 1
IsCombinational: 0
IsDatapathOnly: 0
HasWiredReturn: 1
HasMFsm: 2
HasVarLatency: 1
IsPipeline: 0
IsRtlPipelined: 0
IsInstanceOverlapped: 0
IsDontTouch: 0
HasImplIP: 0
IsGatedGlobalClock: 0

+ Individual pipeline summary: 
  * Pipeline-0: initiation interval (II) = 1, depth = 11


============================================================
+ Verbose Summary: Schedule
============================================================
* Number of FSM states : 11
* Pipeline : 1
  Pipeline-0 : II = 1, D = 11, States = { 1 2 3 4 5 6 7 8 9 10 11 }
* Dataflow Pipeline: 0

* FSM state transitions: 
1 --> 2 
2 --> 3 
3 --> 4 
4 --> 5 
5 --> 6 
6 --> 7 
7 --> 8 
8 --> 9 
9 --> 10 
10 --> 11 
11 --> 

* FSM state operations: 

State 1 <SV = 0> <Delay = 1.33>
ST_1 : Operation 14 [1/1] (0.00ns)   --->   "%n = alloca i32 1"   --->   Operation 14 'alloca' 'n' <Predicate = true> <Delay = 0.00>
ST_1 : Operation 15 [1/1] (0.00ns)   --->   "%sext_ln186_32_read = read i8 @_ssdm_op_Read.ap_auto.i8, i8 %sext_ln186_32"   --->   Operation 15 'read' 'sext_ln186_32_read' <Predicate = true> <Delay = 0.00>
ST_1 : Operation 16 [1/1] (0.00ns)   --->   "%sext_ln186_30_read = read i8 @_ssdm_op_Read.ap_auto.i8, i8 %sext_ln186_30"   --->   Operation 16 'read' 'sext_ln186_30_read' <Predicate = true> <Delay = 0.00>
ST_1 : Operation 17 [1/1] (0.00ns)   --->   "%sext_ln186_28_read = read i8 @_ssdm_op_Read.ap_auto.i8, i8 %sext_ln186_28"   --->   Operation 17 'read' 'sext_ln186_28_read' <Predicate = true> <Delay = 0.00>
ST_1 : Operation 18 [1/1] (0.00ns)   --->   "%sext_ln186_26_read = read i8 @_ssdm_op_Read.ap_auto.i8, i8 %sext_ln186_26"   --->   Operation 18 'read' 'sext_ln186_26_read' <Predicate = true> <Delay = 0.00>
ST_1 : Operation 19 [1/1] (0.00ns)   --->   "%sext_ln186_24_read = read i8 @_ssdm_op_Read.ap_auto.i8, i8 %sext_ln186_24"   --->   Operation 19 'read' 'sext_ln186_24_read' <Predicate = true> <Delay = 0.00>
ST_1 : Operation 20 [1/1] (0.00ns)   --->   "%sext_ln186_22_read = read i8 @_ssdm_op_Read.ap_auto.i8, i8 %sext_ln186_22"   --->   Operation 20 'read' 'sext_ln186_22_read' <Predicate = true> <Delay = 0.00>
ST_1 : Operation 21 [1/1] (0.00ns)   --->   "%sext_ln186_20_read = read i8 @_ssdm_op_Read.ap_auto.i8, i8 %sext_ln186_20"   --->   Operation 21 'read' 'sext_ln186_20_read' <Predicate = true> <Delay = 0.00>
ST_1 : Operation 22 [1/1] (0.00ns)   --->   "%sext_ln186_18_read = read i8 @_ssdm_op_Read.ap_auto.i8, i8 %sext_ln186_18"   --->   Operation 22 'read' 'sext_ln186_18_read' <Predicate = true> <Delay = 0.00>
ST_1 : Operation 23 [1/1] (0.00ns)   --->   "%sext_ln186_16_read = read i8 @_ssdm_op_Read.ap_auto.i8, i8 %sext_ln186_16"   --->   Operation 23 'read' 'sext_ln186_16_read' <Predicate = true> <Delay = 0.00>
ST_1 : Operation 24 [1/1] (0.00ns)   --->   "%sext_ln186_14_read = read i8 @_ssdm_op_Read.ap_auto.i8, i8 %sext_ln186_14"   --->   Operation 24 'read' 'sext_ln186_14_read' <Predicate = true> <Delay = 0.00>
ST_1 : Operation 25 [1/1] (0.00ns)   --->   "%sext_ln186_12_read = read i8 @_ssdm_op_Read.ap_auto.i8, i8 %sext_ln186_12"   --->   Operation 25 'read' 'sext_ln186_12_read' <Predicate = true> <Delay = 0.00>
ST_1 : Operation 26 [1/1] (0.00ns)   --->   "%sext_ln186_10_read = read i8 @_ssdm_op_Read.ap_auto.i8, i8 %sext_ln186_10"   --->   Operation 26 'read' 'sext_ln186_10_read' <Predicate = true> <Delay = 0.00>
ST_1 : Operation 27 [1/1] (0.00ns)   --->   "%sext_ln186_8_read = read i8 @_ssdm_op_Read.ap_auto.i8, i8 %sext_ln186_8"   --->   Operation 27 'read' 'sext_ln186_8_read' <Predicate = true> <Delay = 0.00>
ST_1 : Operation 28 [1/1] (0.00ns)   --->   "%sext_ln186_6_read = read i8 @_ssdm_op_Read.ap_auto.i8, i8 %sext_ln186_6"   --->   Operation 28 'read' 'sext_ln186_6_read' <Predicate = true> <Delay = 0.00>
ST_1 : Operation 29 [1/1] (0.00ns)   --->   "%sext_ln186_4_read = read i8 @_ssdm_op_Read.ap_auto.i8, i8 %sext_ln186_4"   --->   Operation 29 'read' 'sext_ln186_4_read' <Predicate = true> <Delay = 0.00>
ST_1 : Operation 30 [1/1] (0.00ns)   --->   "%sext_ln186_2_read = read i8 @_ssdm_op_Read.ap_auto.i8, i8 %sext_ln186_2"   --->   Operation 30 'read' 'sext_ln186_2_read' <Predicate = true> <Delay = 0.00>
ST_1 : Operation 31 [1/1] (0.00ns)   --->   "%sext_ln186_read = read i8 @_ssdm_op_Read.ap_auto.i8, i8 %sext_ln186"   --->   Operation 31 'read' 'sext_ln186_read' <Predicate = true> <Delay = 0.00>
ST_1 : Operation 32 [1/1] (0.00ns)   --->   "%sext_ln186_32_cast = sext i8 %sext_ln186_32_read"   --->   Operation 32 'sext' 'sext_ln186_32_cast' <Predicate = true> <Delay = 0.00>
ST_1 : Operation 33 [1/1] (0.00ns)   --->   "%sext_ln186_30_cast = sext i8 %sext_ln186_30_read"   --->   Operation 33 'sext' 'sext_ln186_30_cast' <Predicate = true> <Delay = 0.00>
ST_1 : Operation 34 [1/1] (0.00ns)   --->   "%sext_ln186_28_cast = sext i8 %sext_ln186_28_read"   --->   Operation 34 'sext' 'sext_ln186_28_cast' <Predicate = true> <Delay = 0.00>
ST_1 : Operation 35 [1/1] (0.00ns)   --->   "%sext_ln186_26_cast = sext i8 %sext_ln186_26_read"   --->   Operation 35 'sext' 'sext_ln186_26_cast' <Predicate = true> <Delay = 0.00>
ST_1 : Operation 36 [1/1] (0.00ns)   --->   "%sext_ln186_24_cast = sext i8 %sext_ln186_24_read"   --->   Operation 36 'sext' 'sext_ln186_24_cast' <Predicate = true> <Delay = 0.00>
ST_1 : Operation 37 [1/1] (0.00ns)   --->   "%sext_ln186_22_cast = sext i8 %sext_ln186_22_read"   --->   Operation 37 'sext' 'sext_ln186_22_cast' <Predicate = true> <Delay = 0.00>
ST_1 : Operation 38 [1/1] (0.00ns)   --->   "%sext_ln186_20_cast = sext i8 %sext_ln186_20_read"   --->   Operation 38 'sext' 'sext_ln186_20_cast' <Predicate = true> <Delay = 0.00>
ST_1 : Operation 39 [1/1] (0.00ns)   --->   "%sext_ln186_18_cast = sext i8 %sext_ln186_18_read"   --->   Operation 39 'sext' 'sext_ln186_18_cast' <Predicate = true> <Delay = 0.00>
ST_1 : Operation 40 [1/1] (0.00ns)   --->   "%sext_ln186_16_cast = sext i8 %sext_ln186_16_read"   --->   Operation 40 'sext' 'sext_ln186_16_cast' <Predicate = true> <Delay = 0.00>
ST_1 : Operation 41 [1/1] (0.00ns)   --->   "%sext_ln186_14_cast = sext i8 %sext_ln186_14_read"   --->   Operation 41 'sext' 'sext_ln186_14_cast' <Predicate = true> <Delay = 0.00>
ST_1 : Operation 42 [1/1] (0.00ns)   --->   "%sext_ln186_12_cast = sext i8 %sext_ln186_12_read"   --->   Operation 42 'sext' 'sext_ln186_12_cast' <Predicate = true> <Delay = 0.00>
ST_1 : Operation 43 [1/1] (0.00ns)   --->   "%sext_ln186_10_cast = sext i8 %sext_ln186_10_read"   --->   Operation 43 'sext' 'sext_ln186_10_cast' <Predicate = true> <Delay = 0.00>
ST_1 : Operation 44 [1/1] (0.00ns)   --->   "%sext_ln186_8_cast = sext i8 %sext_ln186_8_read"   --->   Operation 44 'sext' 'sext_ln186_8_cast' <Predicate = true> <Delay = 0.00>
ST_1 : Operation 45 [1/1] (0.00ns)   --->   "%sext_ln186_6_cast = sext i8 %sext_ln186_6_read"   --->   Operation 45 'sext' 'sext_ln186_6_cast' <Predicate = true> <Delay = 0.00>
ST_1 : Operation 46 [1/1] (0.00ns)   --->   "%sext_ln186_4_cast = sext i8 %sext_ln186_4_read"   --->   Operation 46 'sext' 'sext_ln186_4_cast' <Predicate = true> <Delay = 0.00>
ST_1 : Operation 47 [1/1] (0.00ns)   --->   "%sext_ln186_2_cast = sext i8 %sext_ln186_2_read"   --->   Operation 47 'sext' 'sext_ln186_2_cast' <Predicate = true> <Delay = 0.00>
ST_1 : Operation 48 [1/1] (0.00ns)   --->   "%sext_ln186_cast = sext i8 %sext_ln186_read"   --->   Operation 48 'sext' 'sext_ln186_cast' <Predicate = true> <Delay = 0.00>
ST_1 : Operation 49 [1/1] (0.00ns)   --->   "%specinterface_ln0 = specinterface void @_ssdm_op_SpecInterface, i8 %head_out_1, void @empty_9, i32 0, i32 0, void @empty_28, i32 0, i32 0, void @empty_28, void @empty_28, void @empty_28, i32 0, i32 0, i32 0, i32 0, void @empty_28, void @empty_28, i32 4294967295, i32 0"   --->   Operation 49 'specinterface' 'specinterface_ln0' <Predicate = true> <Delay = 0.00>
ST_1 : Operation 50 [1/1] (0.38ns)   --->   "%store_ln0 = store i4 0, i4 %n"   --->   Operation 50 'store' 'store_ln0' <Predicate = true> <Delay = 0.38>
ST_1 : Operation 51 [1/1] (0.00ns)   --->   "%br_ln0 = br void %C_tile_init"   --->   Operation 51 'br' 'br_ln0' <Predicate = true> <Delay = 0.00>
ST_1 : Operation 52 [1/1] (0.00ns)   --->   "%n_2 = load i4 %n" [/home/fede/PhD/transformer-hls/hls/include/linear.h:1831]   --->   Operation 52 'load' 'n_2' <Predicate = true> <Delay = 0.00>
ST_1 : Operation 53 [1/1] (0.00ns)   --->   "%specpipeline_ln0 = specpipeline void @_ssdm_op_SpecPipeline, i32 4294967295, i32 0, i32 1, i32 0, void @p_str"   --->   Operation 53 'specpipeline' 'specpipeline_ln0' <Predicate = true> <Delay = 0.00>
ST_1 : Operation 54 [1/1] (0.65ns)   --->   "%icmp_ln1831 = icmp_eq  i4 %n_2, i4 8" [/home/fede/PhD/transformer-hls/hls/include/linear.h:1831]   --->   Operation 54 'icmp' 'icmp_ln1831' <Predicate = true> <Delay = 0.65> <CoreInst = "Cmp">   --->   Core 9 'Cmp' <Latency = 0> <II = 1> <Delay = 0.65> <FuncUnit> <Opcode : 'icmp'> <InPorts = 2> <OutPorts = 1>
ST_1 : Operation 55 [1/1] (0.00ns)   --->   "%empty = speclooptripcount i32 @_ssdm_op_SpecLoopTripCount, i64 8, i64 8, i64 8"   --->   Operation 55 'speclooptripcount' 'empty' <Predicate = true> <Delay = 0.00>
ST_1 : Operation 56 [1/1] (0.70ns)   --->   "%add_ln1831 = add i4 %n_2, i4 1" [/home/fede/PhD/transformer-hls/hls/include/linear.h:1831]   --->   Operation 56 'add' 'add_ln1831' <Predicate = true> <Delay = 0.70> <CoreInst = "Adder">   --->   Core 1 'Adder' <Latency = 0> <II = 1> <Delay = 0.70> <FuncUnit> <Opcode : 'add' 'sub'> <InPorts = 2> <OutPorts = 1>
ST_1 : Operation 57 [1/1] (0.00ns)   --->   "%br_ln1831 = br i1 %icmp_ln1831, void %C_tile_init.split_ifconv, void %for.inc254.exitStub" [/home/fede/PhD/transformer-hls/hls/include/linear.h:1831]   --->   Operation 57 'br' 'br_ln1831' <Predicate = true> <Delay = 0.00>
ST_1 : Operation 58 [1/1] (0.00ns)   --->   "%n_5_cast = zext i4 %n_2" [/home/fede/PhD/transformer-hls/hls/include/linear.h:1831]   --->   Operation 58 'zext' 'n_5_cast' <Predicate = (!icmp_ln1831)> <Delay = 0.00>
ST_1 : Operation 59 [1/1] (0.00ns)   --->   "%zext_ln186 = zext i4 %n_2"   --->   Operation 59 'zext' 'zext_ln186' <Predicate = (!icmp_ln1831)> <Delay = 0.00>
ST_1 : Operation 60 [1/1] (0.00ns)   --->   "%zext_ln186_34 = zext i4 %n_2"   --->   Operation 60 'zext' 'zext_ln186_34' <Predicate = (!icmp_ln1831)> <Delay = 0.00>
ST_1 : Operation 61 [1/1] (0.00ns)   --->   "%buff_B_V_addr_1 = getelementptr i8 %buff_B_V, i64 0, i64 %n_5_cast"   --->   Operation 61 'getelementptr' 'buff_B_V_addr_1' <Predicate = (!icmp_ln1831)> <Delay = 0.00>
ST_1 : Operation 62 [1/1] (0.22ns)   --->   "%xor_ln186 = xor i4 %n_2, i4 8"   --->   Operation 62 'xor' 'xor_ln186' <Predicate = (!icmp_ln1831)> <Delay = 0.22> <CoreInst = "LogicGate">   --->   Core 74 'LogicGate' <Latency = 0> <II = 1> <Delay = 0.22> <FuncUnit> <Opcode : 'and' 'or' 'xor'> <InPorts = 2> <OutPorts = 1>
ST_1 : Operation 63 [1/1] (0.00ns)   --->   "%zext_ln186_35 = zext i4 %xor_ln186"   --->   Operation 63 'zext' 'zext_ln186_35' <Predicate = (!icmp_ln1831)> <Delay = 0.00>
ST_1 : Operation 64 [1/1] (0.00ns)   --->   "%buff_B_V_addr_2 = getelementptr i8 %buff_B_V, i64 0, i64 %zext_ln186_35"   --->   Operation 64 'getelementptr' 'buff_B_V_addr_2' <Predicate = (!icmp_ln1831)> <Delay = 0.00>
ST_1 : Operation 65 [1/1] (0.00ns)   --->   "%tmp_40_cast = bitconcatenate i5 @_ssdm_op_BitConcatenate.i5.i1.i4, i1 1, i4 %n_2"   --->   Operation 65 'bitconcatenate' 'tmp_40_cast' <Predicate = (!icmp_ln1831)> <Delay = 0.00>
ST_1 : Operation 66 [1/1] (0.00ns)   --->   "%zext_ln186_36 = zext i5 %tmp_40_cast"   --->   Operation 66 'zext' 'zext_ln186_36' <Predicate = (!icmp_ln1831)> <Delay = 0.00>
ST_1 : Operation 67 [1/1] (0.00ns)   --->   "%buff_B_V_addr_3 = getelementptr i8 %buff_B_V, i64 0, i64 %zext_ln186_36"   --->   Operation 67 'getelementptr' 'buff_B_V_addr_3' <Predicate = (!icmp_ln1831)> <Delay = 0.00>
ST_1 : Operation 68 [1/1] (0.00ns)   --->   "%sext_ln186_43 = sext i4 %xor_ln186"   --->   Operation 68 'sext' 'sext_ln186_43' <Predicate = (!icmp_ln1831)> <Delay = 0.00>
ST_1 : Operation 69 [1/1] (0.00ns)   --->   "%zext_ln186_37 = zext i5 %sext_ln186_43"   --->   Operation 69 'zext' 'zext_ln186_37' <Predicate = (!icmp_ln1831)> <Delay = 0.00>
ST_1 : Operation 70 [1/1] (0.00ns)   --->   "%buff_B_V_addr_4 = getelementptr i8 %buff_B_V, i64 0, i64 %zext_ln186_37"   --->   Operation 70 'getelementptr' 'buff_B_V_addr_4' <Predicate = (!icmp_ln1831)> <Delay = 0.00>
ST_1 : Operation 71 [1/1] (0.00ns)   --->   "%tmp_41_cast = bitconcatenate i6 @_ssdm_op_BitConcatenate.i6.i2.i4, i2 2, i4 %n_2"   --->   Operation 71 'bitconcatenate' 'tmp_41_cast' <Predicate = (!icmp_ln1831)> <Delay = 0.00>
ST_1 : Operation 72 [1/1] (0.00ns)   --->   "%zext_ln186_38 = zext i6 %tmp_41_cast"   --->   Operation 72 'zext' 'zext_ln186_38' <Predicate = (!icmp_ln1831)> <Delay = 0.00>
ST_1 : Operation 73 [1/1] (0.00ns)   --->   "%buff_B_V_addr_5 = getelementptr i8 %buff_B_V, i64 0, i64 %zext_ln186_38"   --->   Operation 73 'getelementptr' 'buff_B_V_addr_5' <Predicate = (!icmp_ln1831)> <Delay = 0.00>
ST_1 : Operation 74 [1/1] (0.70ns)   --->   "%add_ln186_18 = add i6 %zext_ln186_34, i6 40"   --->   Operation 74 'add' 'add_ln186_18' <Predicate = (!icmp_ln1831)> <Delay = 0.70> <CoreInst = "Adder">   --->   Core 1 'Adder' <Latency = 0> <II = 1> <Delay = 0.70> <FuncUnit> <Opcode : 'add' 'sub'> <InPorts = 2> <OutPorts = 1>
ST_1 : Operation 75 [1/1] (0.00ns)   --->   "%zext_ln186_39 = zext i6 %add_ln186_18"   --->   Operation 75 'zext' 'zext_ln186_39' <Predicate = (!icmp_ln1831)> <Delay = 0.00>
ST_1 : Operation 76 [1/1] (0.00ns)   --->   "%buff_B_V_addr_6 = getelementptr i8 %buff_B_V, i64 0, i64 %zext_ln186_39"   --->   Operation 76 'getelementptr' 'buff_B_V_addr_6' <Predicate = (!icmp_ln1831)> <Delay = 0.00>
ST_1 : Operation 77 [1/1] (0.00ns)   --->   "%sext_ln186_44 = sext i5 %tmp_40_cast"   --->   Operation 77 'sext' 'sext_ln186_44' <Predicate = (!icmp_ln1831)> <Delay = 0.00>
ST_1 : Operation 78 [1/1] (0.00ns)   --->   "%zext_ln186_40 = zext i6 %sext_ln186_44"   --->   Operation 78 'zext' 'zext_ln186_40' <Predicate = (!icmp_ln1831)> <Delay = 0.00>
ST_1 : Operation 79 [1/1] (0.00ns)   --->   "%buff_B_V_addr_7 = getelementptr i8 %buff_B_V, i64 0, i64 %zext_ln186_40"   --->   Operation 79 'getelementptr' 'buff_B_V_addr_7' <Predicate = (!icmp_ln1831)> <Delay = 0.00>
ST_1 : Operation 80 [1/1] (0.00ns)   --->   "%sext_ln186_45 = sext i4 %xor_ln186"   --->   Operation 80 'sext' 'sext_ln186_45' <Predicate = (!icmp_ln1831)> <Delay = 0.00>
ST_1 : Operation 81 [1/1] (0.00ns)   --->   "%zext_ln186_41 = zext i6 %sext_ln186_45"   --->   Operation 81 'zext' 'zext_ln186_41' <Predicate = (!icmp_ln1831)> <Delay = 0.00>
ST_1 : Operation 82 [1/1] (0.00ns)   --->   "%buff_B_V_addr_8 = getelementptr i8 %buff_B_V, i64 0, i64 %zext_ln186_41"   --->   Operation 82 'getelementptr' 'buff_B_V_addr_8' <Predicate = (!icmp_ln1831)> <Delay = 0.00>
ST_1 : Operation 83 [1/1] (0.00ns)   --->   "%tmp_43_cast = bitconcatenate i7 @_ssdm_op_BitConcatenate.i7.i3.i4, i3 4, i4 %n_2"   --->   Operation 83 'bitconcatenate' 'tmp_43_cast' <Predicate = (!icmp_ln1831)> <Delay = 0.00>
ST_1 : Operation 84 [1/1] (0.00ns)   --->   "%zext_ln186_42 = zext i7 %tmp_43_cast"   --->   Operation 84 'zext' 'zext_ln186_42' <Predicate = (!icmp_ln1831)> <Delay = 0.00>
ST_1 : Operation 85 [1/1] (0.00ns)   --->   "%buff_B_V_addr_9 = getelementptr i8 %buff_B_V, i64 0, i64 %zext_ln186_42"   --->   Operation 85 'getelementptr' 'buff_B_V_addr_9' <Predicate = (!icmp_ln1831)> <Delay = 0.00>
ST_1 : Operation 86 [1/1] (0.70ns)   --->   "%add_ln186 = add i7 %zext_ln186, i7 72"   --->   Operation 86 'add' 'add_ln186' <Predicate = (!icmp_ln1831)> <Delay = 0.70> <CoreInst = "Adder">   --->   Core 1 'Adder' <Latency = 0> <II = 1> <Delay = 0.70> <FuncUnit> <Opcode : 'add' 'sub'> <InPorts = 2> <OutPorts = 1>
ST_1 : Operation 87 [1/1] (0.00ns)   --->   "%zext_ln186_43 = zext i7 %add_ln186"   --->   Operation 87 'zext' 'zext_ln186_43' <Predicate = (!icmp_ln1831)> <Delay = 0.00>
ST_1 : Operation 88 [1/1] (0.00ns)   --->   "%buff_B_V_addr_10 = getelementptr i8 %buff_B_V, i64 0, i64 %zext_ln186_43"   --->   Operation 88 'getelementptr' 'buff_B_V_addr_10' <Predicate = (!icmp_ln1831)> <Delay = 0.00>
ST_1 : Operation 89 [1/1] (0.00ns)   --->   "%tmp_44_cast = bitconcatenate i7 @_ssdm_op_BitConcatenate.i7.i3.i4, i3 5, i4 %n_2"   --->   Operation 89 'bitconcatenate' 'tmp_44_cast' <Predicate = (!icmp_ln1831)> <Delay = 0.00>
ST_1 : Operation 90 [1/1] (0.00ns)   --->   "%zext_ln186_44 = zext i7 %tmp_44_cast"   --->   Operation 90 'zext' 'zext_ln186_44' <Predicate = (!icmp_ln1831)> <Delay = 0.00>
ST_1 : Operation 91 [1/1] (0.00ns)   --->   "%buff_B_V_addr_11 = getelementptr i8 %buff_B_V, i64 0, i64 %zext_ln186_44"   --->   Operation 91 'getelementptr' 'buff_B_V_addr_11' <Predicate = (!icmp_ln1831)> <Delay = 0.00>
ST_1 : Operation 92 [1/1] (0.70ns)   --->   "%add_ln186_19 = add i7 %zext_ln186, i7 88"   --->   Operation 92 'add' 'add_ln186_19' <Predicate = (!icmp_ln1831)> <Delay = 0.70> <CoreInst = "Adder">   --->   Core 1 'Adder' <Latency = 0> <II = 1> <Delay = 0.70> <FuncUnit> <Opcode : 'add' 'sub'> <InPorts = 2> <OutPorts = 1>
ST_1 : Operation 93 [1/1] (0.00ns)   --->   "%zext_ln186_45 = zext i7 %add_ln186_19"   --->   Operation 93 'zext' 'zext_ln186_45' <Predicate = (!icmp_ln1831)> <Delay = 0.00>
ST_1 : Operation 94 [1/1] (0.00ns)   --->   "%buff_B_V_addr_12 = getelementptr i8 %buff_B_V, i64 0, i64 %zext_ln186_45"   --->   Operation 94 'getelementptr' 'buff_B_V_addr_12' <Predicate = (!icmp_ln1831)> <Delay = 0.00>
ST_1 : Operation 95 [1/1] (0.00ns)   --->   "%sext_ln186_46 = sext i6 %tmp_41_cast"   --->   Operation 95 'sext' 'sext_ln186_46' <Predicate = (!icmp_ln1831)> <Delay = 0.00>
ST_1 : Operation 96 [1/1] (0.00ns)   --->   "%zext_ln186_46 = zext i7 %sext_ln186_46"   --->   Operation 96 'zext' 'zext_ln186_46' <Predicate = (!icmp_ln1831)> <Delay = 0.00>
ST_1 : Operation 97 [1/1] (0.00ns)   --->   "%buff_B_V_addr_13 = getelementptr i8 %buff_B_V, i64 0, i64 %zext_ln186_46"   --->   Operation 97 'getelementptr' 'buff_B_V_addr_13' <Predicate = (!icmp_ln1831)> <Delay = 0.00>
ST_1 : Operation 98 [1/1] (0.00ns)   --->   "%sext_ln186_47 = sext i6 %add_ln186_18"   --->   Operation 98 'sext' 'sext_ln186_47' <Predicate = (!icmp_ln1831)> <Delay = 0.00>
ST_1 : Operation 99 [1/1] (0.00ns)   --->   "%zext_ln186_47 = zext i7 %sext_ln186_47"   --->   Operation 99 'zext' 'zext_ln186_47' <Predicate = (!icmp_ln1831)> <Delay = 0.00>
ST_1 : Operation 100 [1/1] (0.00ns)   --->   "%buff_B_V_addr_14 = getelementptr i8 %buff_B_V, i64 0, i64 %zext_ln186_47"   --->   Operation 100 'getelementptr' 'buff_B_V_addr_14' <Predicate = (!icmp_ln1831)> <Delay = 0.00>
ST_1 : Operation 101 [1/1] (0.00ns)   --->   "%sext_ln186_48 = sext i5 %tmp_40_cast"   --->   Operation 101 'sext' 'sext_ln186_48' <Predicate = (!icmp_ln1831)> <Delay = 0.00>
ST_1 : Operation 102 [1/1] (0.00ns)   --->   "%zext_ln186_48 = zext i7 %sext_ln186_48"   --->   Operation 102 'zext' 'zext_ln186_48' <Predicate = (!icmp_ln1831)> <Delay = 0.00>
ST_1 : Operation 103 [1/1] (0.00ns)   --->   "%buff_B_V_addr_15 = getelementptr i8 %buff_B_V, i64 0, i64 %zext_ln186_48"   --->   Operation 103 'getelementptr' 'buff_B_V_addr_15' <Predicate = (!icmp_ln1831)> <Delay = 0.00>
ST_1 : Operation 104 [1/1] (0.00ns)   --->   "%sext_ln186_49 = sext i4 %xor_ln186"   --->   Operation 104 'sext' 'sext_ln186_49' <Predicate = (!icmp_ln1831)> <Delay = 0.00>
ST_1 : Operation 105 [1/1] (0.00ns)   --->   "%zext_ln186_49 = zext i7 %sext_ln186_49"   --->   Operation 105 'zext' 'zext_ln186_49' <Predicate = (!icmp_ln1831)> <Delay = 0.00>
ST_1 : Operation 106 [1/1] (0.00ns)   --->   "%buff_B_V_addr_16 = getelementptr i8 %buff_B_V, i64 0, i64 %zext_ln186_49"   --->   Operation 106 'getelementptr' 'buff_B_V_addr_16' <Predicate = (!icmp_ln1831)> <Delay = 0.00>
ST_1 : Operation 107 [1/1] (0.00ns)   --->   "%tmp_47_cast = bitconcatenate i8 @_ssdm_op_BitConcatenate.i8.i4.i4, i4 8, i4 %n_2"   --->   Operation 107 'bitconcatenate' 'tmp_47_cast' <Predicate = (!icmp_ln1831)> <Delay = 0.00>
ST_1 : Operation 108 [1/1] (0.00ns)   --->   "%zext_ln186_50 = zext i8 %tmp_47_cast"   --->   Operation 108 'zext' 'zext_ln186_50' <Predicate = (!icmp_ln1831)> <Delay = 0.00>
ST_1 : Operation 109 [1/1] (0.00ns)   --->   "%buff_B_V_addr = getelementptr i8 %buff_B_V, i64 0, i64 %zext_ln186_50"   --->   Operation 109 'getelementptr' 'buff_B_V_addr' <Predicate = (!icmp_ln1831)> <Delay = 0.00>
ST_1 : Operation 110 [2/2] (0.62ns)   --->   "%buff_B_V_load = load i8 %buff_B_V_addr_1"   --->   Operation 110 'load' 'buff_B_V_load' <Predicate = (!icmp_ln1831)> <Delay = 0.62> <CoreInst = "RAM_1WnR">   --->   Core 84 'RAM_1WnR' <Latency = 1> <II = 1> <Delay = 0.62> <Storage> <Opcode : 'load' 'store'> <Ports = 17> <Width = 8> <Depth = 136> <RAM>
ST_1 : Operation 111 [2/2] (0.62ns)   --->   "%buff_B_V_load_1 = load i8 %buff_B_V_addr_2"   --->   Operation 111 'load' 'buff_B_V_load_1' <Predicate = (!icmp_ln1831)> <Delay = 0.62> <CoreInst = "RAM_1WnR">   --->   Core 84 'RAM_1WnR' <Latency = 1> <II = 1> <Delay = 0.62> <Storage> <Opcode : 'load' 'store'> <Ports = 17> <Width = 8> <Depth = 136> <RAM>
ST_1 : Operation 112 [2/2] (0.62ns)   --->   "%buff_B_V_load_2 = load i8 %buff_B_V_addr_3"   --->   Operation 112 'load' 'buff_B_V_load_2' <Predicate = (!icmp_ln1831)> <Delay = 0.62> <CoreInst = "RAM_1WnR">   --->   Core 84 'RAM_1WnR' <Latency = 1> <II = 1> <Delay = 0.62> <Storage> <Opcode : 'load' 'store'> <Ports = 17> <Width = 8> <Depth = 136> <RAM>
ST_1 : Operation 113 [2/2] (0.62ns)   --->   "%buff_B_V_load_3 = load i8 %buff_B_V_addr_4"   --->   Operation 113 'load' 'buff_B_V_load_3' <Predicate = (!icmp_ln1831)> <Delay = 0.62> <CoreInst = "RAM_1WnR">   --->   Core 84 'RAM_1WnR' <Latency = 1> <II = 1> <Delay = 0.62> <Storage> <Opcode : 'load' 'store'> <Ports = 17> <Width = 8> <Depth = 136> <RAM>
ST_1 : Operation 114 [2/2] (0.62ns)   --->   "%buff_B_V_load_4 = load i8 %buff_B_V_addr_5"   --->   Operation 114 'load' 'buff_B_V_load_4' <Predicate = (!icmp_ln1831)> <Delay = 0.62> <CoreInst = "RAM_1WnR">   --->   Core 84 'RAM_1WnR' <Latency = 1> <II = 1> <Delay = 0.62> <Storage> <Opcode : 'load' 'store'> <Ports = 17> <Width = 8> <Depth = 136> <RAM>
ST_1 : Operation 115 [2/2] (0.62ns)   --->   "%buff_B_V_load_5 = load i8 %buff_B_V_addr_6"   --->   Operation 115 'load' 'buff_B_V_load_5' <Predicate = (!icmp_ln1831)> <Delay = 0.62> <CoreInst = "RAM_1WnR">   --->   Core 84 'RAM_1WnR' <Latency = 1> <II = 1> <Delay = 0.62> <Storage> <Opcode : 'load' 'store'> <Ports = 17> <Width = 8> <Depth = 136> <RAM>
ST_1 : Operation 116 [2/2] (0.62ns)   --->   "%buff_B_V_load_6 = load i8 %buff_B_V_addr_7"   --->   Operation 116 'load' 'buff_B_V_load_6' <Predicate = (!icmp_ln1831)> <Delay = 0.62> <CoreInst = "RAM_1WnR">   --->   Core 84 'RAM_1WnR' <Latency = 1> <II = 1> <Delay = 0.62> <Storage> <Opcode : 'load' 'store'> <Ports = 17> <Width = 8> <Depth = 136> <RAM>
ST_1 : Operation 117 [2/2] (0.62ns)   --->   "%buff_B_V_load_7 = load i8 %buff_B_V_addr_8"   --->   Operation 117 'load' 'buff_B_V_load_7' <Predicate = (!icmp_ln1831)> <Delay = 0.62> <CoreInst = "RAM_1WnR">   --->   Core 84 'RAM_1WnR' <Latency = 1> <II = 1> <Delay = 0.62> <Storage> <Opcode : 'load' 'store'> <Ports = 17> <Width = 8> <Depth = 136> <RAM>
ST_1 : Operation 118 [2/2] (0.62ns)   --->   "%buff_B_V_load_8 = load i8 %buff_B_V_addr_9"   --->   Operation 118 'load' 'buff_B_V_load_8' <Predicate = (!icmp_ln1831)> <Delay = 0.62> <CoreInst = "RAM_1WnR">   --->   Core 84 'RAM_1WnR' <Latency = 1> <II = 1> <Delay = 0.62> <Storage> <Opcode : 'load' 'store'> <Ports = 17> <Width = 8> <Depth = 136> <RAM>
ST_1 : Operation 119 [2/2] (0.62ns)   --->   "%buff_B_V_load_9 = load i8 %buff_B_V_addr_10"   --->   Operation 119 'load' 'buff_B_V_load_9' <Predicate = (!icmp_ln1831)> <Delay = 0.62> <CoreInst = "RAM_1WnR">   --->   Core 84 'RAM_1WnR' <Latency = 1> <II = 1> <Delay = 0.62> <Storage> <Opcode : 'load' 'store'> <Ports = 17> <Width = 8> <Depth = 136> <RAM>
ST_1 : Operation 120 [2/2] (0.62ns)   --->   "%buff_B_V_load_10 = load i8 %buff_B_V_addr_11"   --->   Operation 120 'load' 'buff_B_V_load_10' <Predicate = (!icmp_ln1831)> <Delay = 0.62> <CoreInst = "RAM_1WnR">   --->   Core 84 'RAM_1WnR' <Latency = 1> <II = 1> <Delay = 0.62> <Storage> <Opcode : 'load' 'store'> <Ports = 17> <Width = 8> <Depth = 136> <RAM>
ST_1 : Operation 121 [2/2] (0.62ns)   --->   "%buff_B_V_load_11 = load i8 %buff_B_V_addr_12"   --->   Operation 121 'load' 'buff_B_V_load_11' <Predicate = (!icmp_ln1831)> <Delay = 0.62> <CoreInst = "RAM_1WnR">   --->   Core 84 'RAM_1WnR' <Latency = 1> <II = 1> <Delay = 0.62> <Storage> <Opcode : 'load' 'store'> <Ports = 17> <Width = 8> <Depth = 136> <RAM>
ST_1 : Operation 122 [2/2] (0.62ns)   --->   "%buff_B_V_load_12 = load i8 %buff_B_V_addr_13"   --->   Operation 122 'load' 'buff_B_V_load_12' <Predicate = (!icmp_ln1831)> <Delay = 0.62> <CoreInst = "RAM_1WnR">   --->   Core 84 'RAM_1WnR' <Latency = 1> <II = 1> <Delay = 0.62> <Storage> <Opcode : 'load' 'store'> <Ports = 17> <Width = 8> <Depth = 136> <RAM>
ST_1 : Operation 123 [2/2] (0.62ns)   --->   "%buff_B_V_load_13 = load i8 %buff_B_V_addr_14"   --->   Operation 123 'load' 'buff_B_V_load_13' <Predicate = (!icmp_ln1831)> <Delay = 0.62> <CoreInst = "RAM_1WnR">   --->   Core 84 'RAM_1WnR' <Latency = 1> <II = 1> <Delay = 0.62> <Storage> <Opcode : 'load' 'store'> <Ports = 17> <Width = 8> <Depth = 136> <RAM>
ST_1 : Operation 124 [2/2] (0.62ns)   --->   "%buff_B_V_load_14 = load i8 %buff_B_V_addr_15"   --->   Operation 124 'load' 'buff_B_V_load_14' <Predicate = (!icmp_ln1831)> <Delay = 0.62> <CoreInst = "RAM_1WnR">   --->   Core 84 'RAM_1WnR' <Latency = 1> <II = 1> <Delay = 0.62> <Storage> <Opcode : 'load' 'store'> <Ports = 17> <Width = 8> <Depth = 136> <RAM>
ST_1 : Operation 125 [2/2] (0.62ns)   --->   "%buff_B_V_load_15 = load i8 %buff_B_V_addr_16"   --->   Operation 125 'load' 'buff_B_V_load_15' <Predicate = (!icmp_ln1831)> <Delay = 0.62> <CoreInst = "RAM_1WnR">   --->   Core 84 'RAM_1WnR' <Latency = 1> <II = 1> <Delay = 0.62> <Storage> <Opcode : 'load' 'store'> <Ports = 17> <Width = 8> <Depth = 136> <RAM>
ST_1 : Operation 126 [2/2] (0.62ns)   --->   "%buff_B_V_load_16 = load i8 %buff_B_V_addr"   --->   Operation 126 'load' 'buff_B_V_load_16' <Predicate = (!icmp_ln1831)> <Delay = 0.62> <CoreInst = "RAM_1WnR">   --->   Core 84 'RAM_1WnR' <Latency = 1> <II = 1> <Delay = 0.62> <Storage> <Opcode : 'load' 'store'> <Ports = 17> <Width = 8> <Depth = 136> <RAM>
ST_1 : Operation 127 [1/1] (0.38ns)   --->   "%store_ln1831 = store i4 %add_ln1831, i4 %n" [/home/fede/PhD/transformer-hls/hls/include/linear.h:1831]   --->   Operation 127 'store' 'store_ln1831' <Predicate = (!icmp_ln1831)> <Delay = 0.38>

State 2 <SV = 1> <Delay = 1.62>
ST_2 : Operation 128 [1/2] (0.62ns)   --->   "%buff_B_V_load = load i8 %buff_B_V_addr_1"   --->   Operation 128 'load' 'buff_B_V_load' <Predicate = true> <Delay = 0.62> <CoreInst = "RAM_1WnR">   --->   Core 84 'RAM_1WnR' <Latency = 1> <II = 1> <Delay = 0.62> <Storage> <Opcode : 'load' 'store'> <Ports = 17> <Width = 8> <Depth = 136> <RAM>
ST_2 : Operation 129 [1/2] (0.62ns)   --->   "%buff_B_V_load_1 = load i8 %buff_B_V_addr_2"   --->   Operation 129 'load' 'buff_B_V_load_1' <Predicate = true> <Delay = 0.62> <CoreInst = "RAM_1WnR">   --->   Core 84 'RAM_1WnR' <Latency = 1> <II = 1> <Delay = 0.62> <Storage> <Opcode : 'load' 'store'> <Ports = 17> <Width = 8> <Depth = 136> <RAM>
ST_2 : Operation 130 [1/2] (0.62ns)   --->   "%buff_B_V_load_2 = load i8 %buff_B_V_addr_3"   --->   Operation 130 'load' 'buff_B_V_load_2' <Predicate = true> <Delay = 0.62> <CoreInst = "RAM_1WnR">   --->   Core 84 'RAM_1WnR' <Latency = 1> <II = 1> <Delay = 0.62> <Storage> <Opcode : 'load' 'store'> <Ports = 17> <Width = 8> <Depth = 136> <RAM>
ST_2 : Operation 131 [1/1] (0.00ns)   --->   "%sext_ln186_5 = sext i8 %buff_B_V_load_2"   --->   Operation 131 'sext' 'sext_ln186_5' <Predicate = true> <Delay = 0.00>
ST_2 : Operation 132 [3/3] (0.99ns) (grouped into DSP with root node add_ln840)   --->   "%mul_ln1494_16 = mul i16 %sext_ln186_5, i16 %sext_ln186_4_cast"   --->   Operation 132 'mul' 'mul_ln1494_16' <Predicate = true> <Delay = 0.99> <CoreInst = "DSP48">   --->   Core 127 'DSP48' <Latency = 3> <II = 1> <Delay = 0.53> <IPBlock> <Opcode : 'mul' 'add' 'sub' 'select'> <InPorts = 0> <OutPorts = 1> <Sync> <CReg>
ST_2 : Operation 133 [1/2] (0.62ns)   --->   "%buff_B_V_load_3 = load i8 %buff_B_V_addr_4"   --->   Operation 133 'load' 'buff_B_V_load_3' <Predicate = true> <Delay = 0.62> <CoreInst = "RAM_1WnR">   --->   Core 84 'RAM_1WnR' <Latency = 1> <II = 1> <Delay = 0.62> <Storage> <Opcode : 'load' 'store'> <Ports = 17> <Width = 8> <Depth = 136> <RAM>
ST_2 : Operation 134 [1/2] (0.62ns)   --->   "%buff_B_V_load_4 = load i8 %buff_B_V_addr_5"   --->   Operation 134 'load' 'buff_B_V_load_4' <Predicate = true> <Delay = 0.62> <CoreInst = "RAM_1WnR">   --->   Core 84 'RAM_1WnR' <Latency = 1> <II = 1> <Delay = 0.62> <Storage> <Opcode : 'load' 'store'> <Ports = 17> <Width = 8> <Depth = 136> <RAM>
ST_2 : Operation 135 [1/2] (0.62ns)   --->   "%buff_B_V_load_5 = load i8 %buff_B_V_addr_6"   --->   Operation 135 'load' 'buff_B_V_load_5' <Predicate = true> <Delay = 0.62> <CoreInst = "RAM_1WnR">   --->   Core 84 'RAM_1WnR' <Latency = 1> <II = 1> <Delay = 0.62> <Storage> <Opcode : 'load' 'store'> <Ports = 17> <Width = 8> <Depth = 136> <RAM>
ST_2 : Operation 136 [1/2] (0.62ns)   --->   "%buff_B_V_load_6 = load i8 %buff_B_V_addr_7"   --->   Operation 136 'load' 'buff_B_V_load_6' <Predicate = true> <Delay = 0.62> <CoreInst = "RAM_1WnR">   --->   Core 84 'RAM_1WnR' <Latency = 1> <II = 1> <Delay = 0.62> <Storage> <Opcode : 'load' 'store'> <Ports = 17> <Width = 8> <Depth = 136> <RAM>
ST_2 : Operation 137 [1/1] (0.00ns)   --->   "%sext_ln186_13 = sext i8 %buff_B_V_load_6"   --->   Operation 137 'sext' 'sext_ln186_13' <Predicate = true> <Delay = 0.00>
ST_2 : Operation 138 [3/3] (0.99ns) (grouped into DSP with root node add_ln840_30)   --->   "%mul_ln1494_20 = mul i16 %sext_ln186_13, i16 %sext_ln186_12_cast"   --->   Operation 138 'mul' 'mul_ln1494_20' <Predicate = true> <Delay = 0.99> <CoreInst = "DSP48">   --->   Core 127 'DSP48' <Latency = 3> <II = 1> <Delay = 0.53> <IPBlock> <Opcode : 'mul' 'add' 'sub' 'select'> <InPorts = 0> <OutPorts = 1> <Sync> <CReg>
ST_2 : Operation 139 [1/2] (0.62ns)   --->   "%buff_B_V_load_7 = load i8 %buff_B_V_addr_8"   --->   Operation 139 'load' 'buff_B_V_load_7' <Predicate = true> <Delay = 0.62> <CoreInst = "RAM_1WnR">   --->   Core 84 'RAM_1WnR' <Latency = 1> <II = 1> <Delay = 0.62> <Storage> <Opcode : 'load' 'store'> <Ports = 17> <Width = 8> <Depth = 136> <RAM>
ST_2 : Operation 140 [1/2] (0.62ns)   --->   "%buff_B_V_load_8 = load i8 %buff_B_V_addr_9"   --->   Operation 140 'load' 'buff_B_V_load_8' <Predicate = true> <Delay = 0.62> <CoreInst = "RAM_1WnR">   --->   Core 84 'RAM_1WnR' <Latency = 1> <II = 1> <Delay = 0.62> <Storage> <Opcode : 'load' 'store'> <Ports = 17> <Width = 8> <Depth = 136> <RAM>
ST_2 : Operation 141 [1/2] (0.62ns)   --->   "%buff_B_V_load_9 = load i8 %buff_B_V_addr_10"   --->   Operation 141 'load' 'buff_B_V_load_9' <Predicate = true> <Delay = 0.62> <CoreInst = "RAM_1WnR">   --->   Core 84 'RAM_1WnR' <Latency = 1> <II = 1> <Delay = 0.62> <Storage> <Opcode : 'load' 'store'> <Ports = 17> <Width = 8> <Depth = 136> <RAM>
ST_2 : Operation 142 [1/1] (0.00ns)   --->   "%sext_ln186_19 = sext i8 %buff_B_V_load_9"   --->   Operation 142 'sext' 'sext_ln186_19' <Predicate = true> <Delay = 0.00>
ST_2 : Operation 143 [3/3] (0.99ns) (grouped into DSP with root node add_ln840_34)   --->   "%mul_ln1494_23 = mul i16 %sext_ln186_19, i16 %sext_ln186_18_cast"   --->   Operation 143 'mul' 'mul_ln1494_23' <Predicate = true> <Delay = 0.99> <CoreInst = "DSP48">   --->   Core 127 'DSP48' <Latency = 3> <II = 1> <Delay = 0.53> <IPBlock> <Opcode : 'mul' 'add' 'sub' 'select'> <InPorts = 0> <OutPorts = 1> <Sync> <CReg>
ST_2 : Operation 144 [1/2] (0.62ns)   --->   "%buff_B_V_load_10 = load i8 %buff_B_V_addr_11"   --->   Operation 144 'load' 'buff_B_V_load_10' <Predicate = true> <Delay = 0.62> <CoreInst = "RAM_1WnR">   --->   Core 84 'RAM_1WnR' <Latency = 1> <II = 1> <Delay = 0.62> <Storage> <Opcode : 'load' 'store'> <Ports = 17> <Width = 8> <Depth = 136> <RAM>
ST_2 : Operation 145 [1/2] (0.62ns)   --->   "%buff_B_V_load_11 = load i8 %buff_B_V_addr_12"   --->   Operation 145 'load' 'buff_B_V_load_11' <Predicate = true> <Delay = 0.62> <CoreInst = "RAM_1WnR">   --->   Core 84 'RAM_1WnR' <Latency = 1> <II = 1> <Delay = 0.62> <Storage> <Opcode : 'load' 'store'> <Ports = 17> <Width = 8> <Depth = 136> <RAM>
ST_2 : Operation 146 [1/1] (0.00ns)   --->   "%sext_ln186_23 = sext i8 %buff_B_V_load_11"   --->   Operation 146 'sext' 'sext_ln186_23' <Predicate = true> <Delay = 0.00>
ST_2 : Operation 147 [3/3] (0.99ns) (grouped into DSP with root node add_ln840_36)   --->   "%mul_ln1494_25 = mul i16 %sext_ln186_23, i16 %sext_ln186_22_cast"   --->   Operation 147 'mul' 'mul_ln1494_25' <Predicate = true> <Delay = 0.99> <CoreInst = "DSP48">   --->   Core 127 'DSP48' <Latency = 3> <II = 1> <Delay = 0.53> <IPBlock> <Opcode : 'mul' 'add' 'sub' 'select'> <InPorts = 0> <OutPorts = 1> <Sync> <CReg>
ST_2 : Operation 148 [1/2] (0.62ns)   --->   "%buff_B_V_load_12 = load i8 %buff_B_V_addr_13"   --->   Operation 148 'load' 'buff_B_V_load_12' <Predicate = true> <Delay = 0.62> <CoreInst = "RAM_1WnR">   --->   Core 84 'RAM_1WnR' <Latency = 1> <II = 1> <Delay = 0.62> <Storage> <Opcode : 'load' 'store'> <Ports = 17> <Width = 8> <Depth = 136> <RAM>
ST_2 : Operation 149 [1/2] (0.62ns)   --->   "%buff_B_V_load_13 = load i8 %buff_B_V_addr_14"   --->   Operation 149 'load' 'buff_B_V_load_13' <Predicate = true> <Delay = 0.62> <CoreInst = "RAM_1WnR">   --->   Core 84 'RAM_1WnR' <Latency = 1> <II = 1> <Delay = 0.62> <Storage> <Opcode : 'load' 'store'> <Ports = 17> <Width = 8> <Depth = 136> <RAM>
ST_2 : Operation 150 [1/2] (0.62ns)   --->   "%buff_B_V_load_14 = load i8 %buff_B_V_addr_15"   --->   Operation 150 'load' 'buff_B_V_load_14' <Predicate = true> <Delay = 0.62> <CoreInst = "RAM_1WnR">   --->   Core 84 'RAM_1WnR' <Latency = 1> <II = 1> <Delay = 0.62> <Storage> <Opcode : 'load' 'store'> <Ports = 17> <Width = 8> <Depth = 136> <RAM>
ST_2 : Operation 151 [1/1] (0.00ns)   --->   "%sext_ln186_29 = sext i8 %buff_B_V_load_14"   --->   Operation 151 'sext' 'sext_ln186_29' <Predicate = true> <Delay = 0.00>
ST_2 : Operation 152 [3/3] (0.99ns) (grouped into DSP with root node add_ln840_37)   --->   "%mul_ln1494_28 = mul i16 %sext_ln186_29, i16 %sext_ln186_28_cast"   --->   Operation 152 'mul' 'mul_ln1494_28' <Predicate = true> <Delay = 0.99> <CoreInst = "DSP48">   --->   Core 127 'DSP48' <Latency = 3> <II = 1> <Delay = 0.53> <IPBlock> <Opcode : 'mul' 'add' 'sub' 'select'> <InPorts = 0> <OutPorts = 1> <Sync> <CReg>
ST_2 : Operation 153 [1/2] (0.62ns)   --->   "%buff_B_V_load_15 = load i8 %buff_B_V_addr_16"   --->   Operation 153 'load' 'buff_B_V_load_15' <Predicate = true> <Delay = 0.62> <CoreInst = "RAM_1WnR">   --->   Core 84 'RAM_1WnR' <Latency = 1> <II = 1> <Delay = 0.62> <Storage> <Opcode : 'load' 'store'> <Ports = 17> <Width = 8> <Depth = 136> <RAM>
ST_2 : Operation 154 [1/2] (0.62ns)   --->   "%buff_B_V_load_16 = load i8 %buff_B_V_addr"   --->   Operation 154 'load' 'buff_B_V_load_16' <Predicate = true> <Delay = 0.62> <CoreInst = "RAM_1WnR">   --->   Core 84 'RAM_1WnR' <Latency = 1> <II = 1> <Delay = 0.62> <Storage> <Opcode : 'load' 'store'> <Ports = 17> <Width = 8> <Depth = 136> <RAM>
ST_2 : Operation 155 [1/1] (0.00ns)   --->   "%sext_ln186_33 = sext i8 %buff_B_V_load_16"   --->   Operation 155 'sext' 'sext_ln186_33' <Predicate = true> <Delay = 0.00>
ST_2 : Operation 156 [3/3] (0.99ns) (grouped into DSP with root node add_ln840_41)   --->   "%mul_ln1494_30 = mul i16 %sext_ln186_33, i16 %sext_ln186_32_cast"   --->   Operation 156 'mul' 'mul_ln1494_30' <Predicate = true> <Delay = 0.99> <CoreInst = "DSP48">   --->   Core 127 'DSP48' <Latency = 3> <II = 1> <Delay = 0.53> <IPBlock> <Opcode : 'mul' 'add' 'sub' 'select'> <InPorts = 0> <OutPorts = 1> <Sync> <CReg>

State 3 <SV = 2> <Delay = 0.99>
ST_3 : Operation 157 [1/1] (0.00ns)   --->   "%sext_ln186_3 = sext i8 %buff_B_V_load_1"   --->   Operation 157 'sext' 'sext_ln186_3' <Predicate = true> <Delay = 0.00>
ST_3 : Operation 158 [3/3] (0.99ns) (grouped into DSP with root node add_ln840_28)   --->   "%mul_ln1494_15 = mul i16 %sext_ln186_3, i16 %sext_ln186_2_cast"   --->   Operation 158 'mul' 'mul_ln1494_15' <Predicate = true> <Delay = 0.99> <CoreInst = "DSP48">   --->   Core 127 'DSP48' <Latency = 3> <II = 1> <Delay = 0.53> <IPBlock> <Opcode : 'mul' 'add' 'sub' 'select'> <InPorts = 0> <OutPorts = 1> <Sync> <CReg>
ST_3 : Operation 159 [2/3] (0.99ns) (grouped into DSP with root node add_ln840)   --->   "%mul_ln1494_16 = mul i16 %sext_ln186_5, i16 %sext_ln186_4_cast"   --->   Operation 159 'mul' 'mul_ln1494_16' <Predicate = true> <Delay = 0.99> <CoreInst = "DSP48">   --->   Core 127 'DSP48' <Latency = 3> <II = 1> <Delay = 0.53> <IPBlock> <Opcode : 'mul' 'add' 'sub' 'select'> <InPorts = 0> <OutPorts = 1> <Sync> <CReg>
ST_3 : Operation 160 [1/1] (0.00ns)   --->   "%sext_ln186_9 = sext i8 %buff_B_V_load_4"   --->   Operation 160 'sext' 'sext_ln186_9' <Predicate = true> <Delay = 0.00>
ST_3 : Operation 161 [3/3] (0.99ns) (grouped into DSP with root node add_ln840_31)   --->   "%mul_ln1494_18 = mul i16 %sext_ln186_9, i16 %sext_ln186_8_cast"   --->   Operation 161 'mul' 'mul_ln1494_18' <Predicate = true> <Delay = 0.99> <CoreInst = "DSP48">   --->   Core 127 'DSP48' <Latency = 3> <II = 1> <Delay = 0.53> <IPBlock> <Opcode : 'mul' 'add' 'sub' 'select'> <InPorts = 0> <OutPorts = 1> <Sync> <CReg>
ST_3 : Operation 162 [2/3] (0.99ns) (grouped into DSP with root node add_ln840_30)   --->   "%mul_ln1494_20 = mul i16 %sext_ln186_13, i16 %sext_ln186_12_cast"   --->   Operation 162 'mul' 'mul_ln1494_20' <Predicate = true> <Delay = 0.99> <CoreInst = "DSP48">   --->   Core 127 'DSP48' <Latency = 3> <II = 1> <Delay = 0.53> <IPBlock> <Opcode : 'mul' 'add' 'sub' 'select'> <InPorts = 0> <OutPorts = 1> <Sync> <CReg>
ST_3 : Operation 163 [2/3] (0.99ns) (grouped into DSP with root node add_ln840_34)   --->   "%mul_ln1494_23 = mul i16 %sext_ln186_19, i16 %sext_ln186_18_cast"   --->   Operation 163 'mul' 'mul_ln1494_23' <Predicate = true> <Delay = 0.99> <CoreInst = "DSP48">   --->   Core 127 'DSP48' <Latency = 3> <II = 1> <Delay = 0.53> <IPBlock> <Opcode : 'mul' 'add' 'sub' 'select'> <InPorts = 0> <OutPorts = 1> <Sync> <CReg>
ST_3 : Operation 164 [2/3] (0.99ns) (grouped into DSP with root node add_ln840_36)   --->   "%mul_ln1494_25 = mul i16 %sext_ln186_23, i16 %sext_ln186_22_cast"   --->   Operation 164 'mul' 'mul_ln1494_25' <Predicate = true> <Delay = 0.99> <CoreInst = "DSP48">   --->   Core 127 'DSP48' <Latency = 3> <II = 1> <Delay = 0.53> <IPBlock> <Opcode : 'mul' 'add' 'sub' 'select'> <InPorts = 0> <OutPorts = 1> <Sync> <CReg>
ST_3 : Operation 165 [1/1] (0.00ns)   --->   "%sext_ln186_25 = sext i8 %buff_B_V_load_12"   --->   Operation 165 'sext' 'sext_ln186_25' <Predicate = true> <Delay = 0.00>
ST_3 : Operation 166 [3/3] (0.99ns) (grouped into DSP with root node add_ln840_38)   --->   "%mul_ln1494_26 = mul i16 %sext_ln186_25, i16 %sext_ln186_24_cast"   --->   Operation 166 'mul' 'mul_ln1494_26' <Predicate = true> <Delay = 0.99> <CoreInst = "DSP48">   --->   Core 127 'DSP48' <Latency = 3> <II = 1> <Delay = 0.53> <IPBlock> <Opcode : 'mul' 'add' 'sub' 'select'> <InPorts = 0> <OutPorts = 1> <Sync> <CReg>
ST_3 : Operation 167 [2/3] (0.99ns) (grouped into DSP with root node add_ln840_37)   --->   "%mul_ln1494_28 = mul i16 %sext_ln186_29, i16 %sext_ln186_28_cast"   --->   Operation 167 'mul' 'mul_ln1494_28' <Predicate = true> <Delay = 0.99> <CoreInst = "DSP48">   --->   Core 127 'DSP48' <Latency = 3> <II = 1> <Delay = 0.53> <IPBlock> <Opcode : 'mul' 'add' 'sub' 'select'> <InPorts = 0> <OutPorts = 1> <Sync> <CReg>
ST_3 : Operation 168 [2/3] (0.99ns) (grouped into DSP with root node add_ln840_41)   --->   "%mul_ln1494_30 = mul i16 %sext_ln186_33, i16 %sext_ln186_32_cast"   --->   Operation 168 'mul' 'mul_ln1494_30' <Predicate = true> <Delay = 0.99> <CoreInst = "DSP48">   --->   Core 127 'DSP48' <Latency = 3> <II = 1> <Delay = 0.53> <IPBlock> <Opcode : 'mul' 'add' 'sub' 'select'> <InPorts = 0> <OutPorts = 1> <Sync> <CReg>

State 4 <SV = 3> <Delay = 2.19>
ST_4 : Operation 169 [1/1] (0.00ns)   --->   "%sext_ln186_1 = sext i8 %buff_B_V_load"   --->   Operation 169 'sext' 'sext_ln186_1' <Predicate = true> <Delay = 0.00>
ST_4 : Operation 170 [1/1] (1.55ns)   --->   "%mul_ln1494 = mul i16 %sext_ln186_1, i16 %sext_ln186_cast"   --->   Operation 170 'mul' 'mul_ln1494' <Predicate = true> <Delay = 1.55> <CoreInst = "Multiplier">   --->   Core 3 'Multiplier' <Latency = 0> <II = 1> <Delay = 1.55> <FuncUnit> <Opcode : 'mul'> <InPorts = 2> <OutPorts = 1>
ST_4 : Operation 171 [1/1] (0.00ns)   --->   "%mul_ln1494_cast = sext i16 %mul_ln1494"   --->   Operation 171 'sext' 'mul_ln1494_cast' <Predicate = true> <Delay = 0.00>
ST_4 : Operation 172 [2/3] (0.99ns) (grouped into DSP with root node add_ln840_28)   --->   "%mul_ln1494_15 = mul i16 %sext_ln186_3, i16 %sext_ln186_2_cast"   --->   Operation 172 'mul' 'mul_ln1494_15' <Predicate = true> <Delay = 0.99> <CoreInst = "DSP48">   --->   Core 127 'DSP48' <Latency = 3> <II = 1> <Delay = 0.53> <IPBlock> <Opcode : 'mul' 'add' 'sub' 'select'> <InPorts = 0> <OutPorts = 1> <Sync> <CReg>
ST_4 : Operation 173 [1/3] (0.00ns) (grouped into DSP with root node add_ln840)   --->   "%mul_ln1494_16 = mul i16 %sext_ln186_5, i16 %sext_ln186_4_cast"   --->   Operation 173 'mul' 'mul_ln1494_16' <Predicate = true> <Delay = 0.00> <CoreInst = "DSP48">   --->   Core 127 'DSP48' <Latency = 3> <II = 1> <Delay = 0.53> <IPBlock> <Opcode : 'mul' 'add' 'sub' 'select'> <InPorts = 0> <OutPorts = 1> <Sync> <CReg>
ST_4 : Operation 174 [1/1] (0.00ns) (grouped into DSP with root node add_ln840)   --->   "%sext_ln840_11 = sext i16 %mul_ln1494_16"   --->   Operation 174 'sext' 'sext_ln840_11' <Predicate = true> <Delay = 0.00>
ST_4 : Operation 175 [2/2] (0.64ns) (root node of the DSP)   --->   "%add_ln840 = add i17 %mul_ln1494_cast, i17 %sext_ln840_11"   --->   Operation 175 'add' 'add_ln840' <Predicate = true> <Delay = 0.64> <CoreInst = "DSP48">   --->   Core 127 'DSP48' <Latency = 3> <II = 1> <Delay = 0.53> <IPBlock> <Opcode : 'mul' 'add' 'sub' 'select'> <InPorts = 0> <OutPorts = 1> <Sync> <CReg>
ST_4 : Operation 176 [1/1] (0.00ns)   --->   "%sext_ln186_7 = sext i8 %buff_B_V_load_3"   --->   Operation 176 'sext' 'sext_ln186_7' <Predicate = true> <Delay = 0.00>
ST_4 : Operation 177 [3/3] (0.99ns) (grouped into DSP with root node add_ln840_29)   --->   "%mul_ln1494_17 = mul i16 %sext_ln186_7, i16 %sext_ln186_6_cast"   --->   Operation 177 'mul' 'mul_ln1494_17' <Predicate = true> <Delay = 0.99> <CoreInst = "DSP48">   --->   Core 127 'DSP48' <Latency = 3> <II = 1> <Delay = 0.53> <IPBlock> <Opcode : 'mul' 'add' 'sub' 'select'> <InPorts = 0> <OutPorts = 1> <Sync> <CReg>
ST_4 : Operation 178 [2/3] (0.99ns) (grouped into DSP with root node add_ln840_31)   --->   "%mul_ln1494_18 = mul i16 %sext_ln186_9, i16 %sext_ln186_8_cast"   --->   Operation 178 'mul' 'mul_ln1494_18' <Predicate = true> <Delay = 0.99> <CoreInst = "DSP48">   --->   Core 127 'DSP48' <Latency = 3> <II = 1> <Delay = 0.53> <IPBlock> <Opcode : 'mul' 'add' 'sub' 'select'> <InPorts = 0> <OutPorts = 1> <Sync> <CReg>
ST_4 : Operation 179 [1/1] (0.00ns)   --->   "%sext_ln186_11 = sext i8 %buff_B_V_load_5"   --->   Operation 179 'sext' 'sext_ln186_11' <Predicate = true> <Delay = 0.00>
ST_4 : Operation 180 [1/1] (1.55ns)   --->   "%mul_ln1494_19 = mul i16 %sext_ln186_11, i16 %sext_ln186_10_cast"   --->   Operation 180 'mul' 'mul_ln1494_19' <Predicate = true> <Delay = 1.55> <CoreInst = "Multiplier">   --->   Core 3 'Multiplier' <Latency = 0> <II = 1> <Delay = 1.55> <FuncUnit> <Opcode : 'mul'> <InPorts = 2> <OutPorts = 1>
ST_4 : Operation 181 [1/1] (0.00ns)   --->   "%sext_ln186_35 = sext i16 %mul_ln1494_19"   --->   Operation 181 'sext' 'sext_ln186_35' <Predicate = true> <Delay = 0.00>
ST_4 : Operation 182 [1/3] (0.00ns) (grouped into DSP with root node add_ln840_30)   --->   "%mul_ln1494_20 = mul i16 %sext_ln186_13, i16 %sext_ln186_12_cast"   --->   Operation 182 'mul' 'mul_ln1494_20' <Predicate = true> <Delay = 0.00> <CoreInst = "DSP48">   --->   Core 127 'DSP48' <Latency = 3> <II = 1> <Delay = 0.53> <IPBlock> <Opcode : 'mul' 'add' 'sub' 'select'> <InPorts = 0> <OutPorts = 1> <Sync> <CReg>
ST_4 : Operation 183 [1/1] (0.00ns) (grouped into DSP with root node add_ln840_30)   --->   "%sext_ln840_13 = sext i16 %mul_ln1494_20"   --->   Operation 183 'sext' 'sext_ln840_13' <Predicate = true> <Delay = 0.00>
ST_4 : Operation 184 [2/2] (0.64ns) (root node of the DSP)   --->   "%add_ln840_30 = add i17 %sext_ln186_35, i17 %sext_ln840_13"   --->   Operation 184 'add' 'add_ln840_30' <Predicate = true> <Delay = 0.64> <CoreInst = "DSP48">   --->   Core 127 'DSP48' <Latency = 3> <II = 1> <Delay = 0.53> <IPBlock> <Opcode : 'mul' 'add' 'sub' 'select'> <InPorts = 0> <OutPorts = 1> <Sync> <CReg>
ST_4 : Operation 185 [1/1] (0.00ns)   --->   "%sext_ln186_17 = sext i8 %buff_B_V_load_8"   --->   Operation 185 'sext' 'sext_ln186_17' <Predicate = true> <Delay = 0.00>
ST_4 : Operation 186 [1/1] (1.55ns)   --->   "%mul_ln1494_22 = mul i16 %sext_ln186_17, i16 %sext_ln186_16_cast"   --->   Operation 186 'mul' 'mul_ln1494_22' <Predicate = true> <Delay = 1.55> <CoreInst = "Multiplier">   --->   Core 3 'Multiplier' <Latency = 0> <II = 1> <Delay = 1.55> <FuncUnit> <Opcode : 'mul'> <InPorts = 2> <OutPorts = 1>
ST_4 : Operation 187 [1/1] (0.00ns)   --->   "%sext_ln186_36 = sext i16 %mul_ln1494_22"   --->   Operation 187 'sext' 'sext_ln186_36' <Predicate = true> <Delay = 0.00>
ST_4 : Operation 188 [1/3] (0.00ns) (grouped into DSP with root node add_ln840_34)   --->   "%mul_ln1494_23 = mul i16 %sext_ln186_19, i16 %sext_ln186_18_cast"   --->   Operation 188 'mul' 'mul_ln1494_23' <Predicate = true> <Delay = 0.00> <CoreInst = "DSP48">   --->   Core 127 'DSP48' <Latency = 3> <II = 1> <Delay = 0.53> <IPBlock> <Opcode : 'mul' 'add' 'sub' 'select'> <InPorts = 0> <OutPorts = 1> <Sync> <CReg>
ST_4 : Operation 189 [1/1] (0.00ns) (grouped into DSP with root node add_ln840_34)   --->   "%sext_ln186_37 = sext i16 %mul_ln1494_23"   --->   Operation 189 'sext' 'sext_ln186_37' <Predicate = true> <Delay = 0.00>
ST_4 : Operation 190 [1/1] (0.00ns)   --->   "%sext_ln186_21 = sext i8 %buff_B_V_load_10"   --->   Operation 190 'sext' 'sext_ln186_21' <Predicate = true> <Delay = 0.00>
ST_4 : Operation 191 [1/1] (1.55ns)   --->   "%mul_ln1494_24 = mul i16 %sext_ln186_21, i16 %sext_ln186_20_cast"   --->   Operation 191 'mul' 'mul_ln1494_24' <Predicate = true> <Delay = 1.55> <CoreInst = "Multiplier">   --->   Core 3 'Multiplier' <Latency = 0> <II = 1> <Delay = 1.55> <FuncUnit> <Opcode : 'mul'> <InPorts = 2> <OutPorts = 1>
ST_4 : Operation 192 [1/1] (0.00ns)   --->   "%sext_ln186_38 = sext i16 %mul_ln1494_24"   --->   Operation 192 'sext' 'sext_ln186_38' <Predicate = true> <Delay = 0.00>
ST_4 : Operation 193 [1/3] (0.00ns) (grouped into DSP with root node add_ln840_36)   --->   "%mul_ln1494_25 = mul i16 %sext_ln186_23, i16 %sext_ln186_22_cast"   --->   Operation 193 'mul' 'mul_ln1494_25' <Predicate = true> <Delay = 0.00> <CoreInst = "DSP48">   --->   Core 127 'DSP48' <Latency = 3> <II = 1> <Delay = 0.53> <IPBlock> <Opcode : 'mul' 'add' 'sub' 'select'> <InPorts = 0> <OutPorts = 1> <Sync> <CReg>
ST_4 : Operation 194 [1/1] (0.00ns) (grouped into DSP with root node add_ln840_36)   --->   "%sext_ln186_39 = sext i16 %mul_ln1494_25"   --->   Operation 194 'sext' 'sext_ln186_39' <Predicate = true> <Delay = 0.00>
ST_4 : Operation 195 [2/3] (0.99ns) (grouped into DSP with root node add_ln840_38)   --->   "%mul_ln1494_26 = mul i16 %sext_ln186_25, i16 %sext_ln186_24_cast"   --->   Operation 195 'mul' 'mul_ln1494_26' <Predicate = true> <Delay = 0.99> <CoreInst = "DSP48">   --->   Core 127 'DSP48' <Latency = 3> <II = 1> <Delay = 0.53> <IPBlock> <Opcode : 'mul' 'add' 'sub' 'select'> <InPorts = 0> <OutPorts = 1> <Sync> <CReg>
ST_4 : Operation 196 [1/1] (0.00ns)   --->   "%sext_ln186_27 = sext i8 %buff_B_V_load_13"   --->   Operation 196 'sext' 'sext_ln186_27' <Predicate = true> <Delay = 0.00>
ST_4 : Operation 197 [1/1] (1.55ns)   --->   "%mul_ln1494_27 = mul i16 %sext_ln186_27, i16 %sext_ln186_26_cast"   --->   Operation 197 'mul' 'mul_ln1494_27' <Predicate = true> <Delay = 1.55> <CoreInst = "Multiplier">   --->   Core 3 'Multiplier' <Latency = 0> <II = 1> <Delay = 1.55> <FuncUnit> <Opcode : 'mul'> <InPorts = 2> <OutPorts = 1>
ST_4 : Operation 198 [1/1] (0.00ns)   --->   "%sext_ln186_41 = sext i16 %mul_ln1494_27"   --->   Operation 198 'sext' 'sext_ln186_41' <Predicate = true> <Delay = 0.00>
ST_4 : Operation 199 [1/3] (0.00ns) (grouped into DSP with root node add_ln840_37)   --->   "%mul_ln1494_28 = mul i16 %sext_ln186_29, i16 %sext_ln186_28_cast"   --->   Operation 199 'mul' 'mul_ln1494_28' <Predicate = true> <Delay = 0.00> <CoreInst = "DSP48">   --->   Core 127 'DSP48' <Latency = 3> <II = 1> <Delay = 0.53> <IPBlock> <Opcode : 'mul' 'add' 'sub' 'select'> <InPorts = 0> <OutPorts = 1> <Sync> <CReg>
ST_4 : Operation 200 [1/1] (0.00ns) (grouped into DSP with root node add_ln840_37)   --->   "%sext_ln840_16 = sext i16 %mul_ln1494_28"   --->   Operation 200 'sext' 'sext_ln840_16' <Predicate = true> <Delay = 0.00>
ST_4 : Operation 201 [2/2] (0.64ns) (root node of the DSP)   --->   "%add_ln840_34 = add i17 %sext_ln186_36, i17 %sext_ln186_37"   --->   Operation 201 'add' 'add_ln840_34' <Predicate = true> <Delay = 0.64> <CoreInst = "DSP48">   --->   Core 127 'DSP48' <Latency = 3> <II = 1> <Delay = 0.53> <IPBlock> <Opcode : 'mul' 'add' 'sub' 'select'> <InPorts = 0> <OutPorts = 1> <Sync> <CReg>
ST_4 : Operation 202 [2/2] (0.64ns) (root node of the DSP)   --->   "%add_ln840_36 = add i17 %sext_ln186_38, i17 %sext_ln186_39"   --->   Operation 202 'add' 'add_ln840_36' <Predicate = true> <Delay = 0.64> <CoreInst = "DSP48">   --->   Core 127 'DSP48' <Latency = 3> <II = 1> <Delay = 0.53> <IPBlock> <Opcode : 'mul' 'add' 'sub' 'select'> <InPorts = 0> <OutPorts = 1> <Sync> <CReg>
ST_4 : Operation 203 [2/2] (0.64ns) (root node of the DSP)   --->   "%add_ln840_37 = add i17 %sext_ln186_41, i17 %sext_ln840_16"   --->   Operation 203 'add' 'add_ln840_37' <Predicate = true> <Delay = 0.64> <CoreInst = "DSP48">   --->   Core 127 'DSP48' <Latency = 3> <II = 1> <Delay = 0.53> <IPBlock> <Opcode : 'mul' 'add' 'sub' 'select'> <InPorts = 0> <OutPorts = 1> <Sync> <CReg>
ST_4 : Operation 204 [1/1] (0.00ns)   --->   "%sext_ln186_31 = sext i8 %buff_B_V_load_15"   --->   Operation 204 'sext' 'sext_ln186_31' <Predicate = true> <Delay = 0.00>
ST_4 : Operation 205 [1/1] (1.55ns)   --->   "%mul_ln1494_29 = mul i16 %sext_ln186_31, i16 %sext_ln186_30_cast"   --->   Operation 205 'mul' 'mul_ln1494_29' <Predicate = true> <Delay = 1.55> <CoreInst = "Multiplier">   --->   Core 3 'Multiplier' <Latency = 0> <II = 1> <Delay = 1.55> <FuncUnit> <Opcode : 'mul'> <InPorts = 2> <OutPorts = 1>
ST_4 : Operation 206 [1/1] (0.00ns)   --->   "%sext_ln186_42 = sext i16 %mul_ln1494_29"   --->   Operation 206 'sext' 'sext_ln186_42' <Predicate = true> <Delay = 0.00>
ST_4 : Operation 207 [1/3] (0.00ns) (grouped into DSP with root node add_ln840_41)   --->   "%mul_ln1494_30 = mul i16 %sext_ln186_33, i16 %sext_ln186_32_cast"   --->   Operation 207 'mul' 'mul_ln1494_30' <Predicate = true> <Delay = 0.00> <CoreInst = "DSP48">   --->   Core 127 'DSP48' <Latency = 3> <II = 1> <Delay = 0.53> <IPBlock> <Opcode : 'mul' 'add' 'sub' 'select'> <InPorts = 0> <OutPorts = 1> <Sync> <CReg>
ST_4 : Operation 208 [1/1] (0.00ns) (grouped into DSP with root node add_ln840_41)   --->   "%sext_ln840_21 = sext i16 %mul_ln1494_30"   --->   Operation 208 'sext' 'sext_ln840_21' <Predicate = true> <Delay = 0.00>
ST_4 : Operation 209 [2/2] (0.64ns) (root node of the DSP)   --->   "%add_ln840_41 = add i17 %sext_ln186_42, i17 %sext_ln840_21"   --->   Operation 209 'add' 'add_ln840_41' <Predicate = true> <Delay = 0.64> <CoreInst = "DSP48">   --->   Core 127 'DSP48' <Latency = 3> <II = 1> <Delay = 0.53> <IPBlock> <Opcode : 'mul' 'add' 'sub' 'select'> <InPorts = 0> <OutPorts = 1> <Sync> <CReg>

State 5 <SV = 4> <Delay = 1.29>
ST_5 : Operation 210 [1/3] (0.00ns) (grouped into DSP with root node add_ln840_28)   --->   "%mul_ln1494_15 = mul i16 %sext_ln186_3, i16 %sext_ln186_2_cast"   --->   Operation 210 'mul' 'mul_ln1494_15' <Predicate = true> <Delay = 0.00> <CoreInst = "DSP48">   --->   Core 127 'DSP48' <Latency = 3> <II = 1> <Delay = 0.53> <IPBlock> <Opcode : 'mul' 'add' 'sub' 'select'> <InPorts = 0> <OutPorts = 1> <Sync> <CReg>
ST_5 : Operation 211 [1/1] (0.00ns) (grouped into DSP with root node add_ln840_28)   --->   "%sext_ln840 = sext i16 %mul_ln1494_15"   --->   Operation 211 'sext' 'sext_ln840' <Predicate = true> <Delay = 0.00>
ST_5 : Operation 212 [1/2] (0.64ns) (root node of the DSP)   --->   "%add_ln840 = add i17 %mul_ln1494_cast, i17 %sext_ln840_11"   --->   Operation 212 'add' 'add_ln840' <Predicate = true> <Delay = 0.64> <CoreInst = "DSP48">   --->   Core 127 'DSP48' <Latency = 3> <II = 1> <Delay = 0.53> <IPBlock> <Opcode : 'mul' 'add' 'sub' 'select'> <InPorts = 0> <OutPorts = 1> <Sync> <CReg>
ST_5 : Operation 213 [2/2] (0.64ns) (root node of the DSP)   --->   "%add_ln840_28 = add i17 %add_ln840, i17 %sext_ln840"   --->   Operation 213 'add' 'add_ln840_28' <Predicate = true> <Delay = 0.64> <CoreInst = "DSP48">   --->   Core 127 'DSP48' <Latency = 3> <II = 1> <Delay = 0.53> <IPBlock> <Opcode : 'mul' 'add' 'sub' 'select'> <InPorts = 0> <OutPorts = 1> <Sync> <CReg>
ST_5 : Operation 214 [2/3] (0.99ns) (grouped into DSP with root node add_ln840_29)   --->   "%mul_ln1494_17 = mul i16 %sext_ln186_7, i16 %sext_ln186_6_cast"   --->   Operation 214 'mul' 'mul_ln1494_17' <Predicate = true> <Delay = 0.99> <CoreInst = "DSP48">   --->   Core 127 'DSP48' <Latency = 3> <II = 1> <Delay = 0.53> <IPBlock> <Opcode : 'mul' 'add' 'sub' 'select'> <InPorts = 0> <OutPorts = 1> <Sync> <CReg>
ST_5 : Operation 215 [1/3] (0.00ns) (grouped into DSP with root node add_ln840_31)   --->   "%mul_ln1494_18 = mul i16 %sext_ln186_9, i16 %sext_ln186_8_cast"   --->   Operation 215 'mul' 'mul_ln1494_18' <Predicate = true> <Delay = 0.00> <CoreInst = "DSP48">   --->   Core 127 'DSP48' <Latency = 3> <II = 1> <Delay = 0.53> <IPBlock> <Opcode : 'mul' 'add' 'sub' 'select'> <InPorts = 0> <OutPorts = 1> <Sync> <CReg>
ST_5 : Operation 216 [1/1] (0.00ns) (grouped into DSP with root node add_ln840_31)   --->   "%sext_ln186_34 = sext i16 %mul_ln1494_18"   --->   Operation 216 'sext' 'sext_ln186_34' <Predicate = true> <Delay = 0.00>
ST_5 : Operation 217 [1/2] (0.64ns) (root node of the DSP)   --->   "%add_ln840_30 = add i17 %sext_ln186_35, i17 %sext_ln840_13"   --->   Operation 217 'add' 'add_ln840_30' <Predicate = true> <Delay = 0.64> <CoreInst = "DSP48">   --->   Core 127 'DSP48' <Latency = 3> <II = 1> <Delay = 0.53> <IPBlock> <Opcode : 'mul' 'add' 'sub' 'select'> <InPorts = 0> <OutPorts = 1> <Sync> <CReg>
ST_5 : Operation 218 [2/2] (0.64ns) (root node of the DSP)   --->   "%add_ln840_31 = add i17 %add_ln840_30, i17 %sext_ln186_34"   --->   Operation 218 'add' 'add_ln840_31' <Predicate = true> <Delay = 0.64> <CoreInst = "DSP48">   --->   Core 127 'DSP48' <Latency = 3> <II = 1> <Delay = 0.53> <IPBlock> <Opcode : 'mul' 'add' 'sub' 'select'> <InPorts = 0> <OutPorts = 1> <Sync> <CReg>
ST_5 : Operation 219 [1/1] (0.00ns)   --->   "%sext_ln186_15 = sext i8 %buff_B_V_load_7"   --->   Operation 219 'sext' 'sext_ln186_15' <Predicate = true> <Delay = 0.00>
ST_5 : Operation 220 [3/3] (0.99ns) (grouped into DSP with root node add_ln840_33)   --->   "%mul_ln1494_21 = mul i16 %sext_ln186_15, i16 %sext_ln186_14_cast"   --->   Operation 220 'mul' 'mul_ln1494_21' <Predicate = true> <Delay = 0.99> <CoreInst = "DSP48">   --->   Core 127 'DSP48' <Latency = 3> <II = 1> <Delay = 0.53> <IPBlock> <Opcode : 'mul' 'add' 'sub' 'select'> <InPorts = 0> <OutPorts = 1> <Sync> <CReg>
ST_5 : Operation 221 [1/3] (0.00ns) (grouped into DSP with root node add_ln840_38)   --->   "%mul_ln1494_26 = mul i16 %sext_ln186_25, i16 %sext_ln186_24_cast"   --->   Operation 221 'mul' 'mul_ln1494_26' <Predicate = true> <Delay = 0.00> <CoreInst = "DSP48">   --->   Core 127 'DSP48' <Latency = 3> <II = 1> <Delay = 0.53> <IPBlock> <Opcode : 'mul' 'add' 'sub' 'select'> <InPorts = 0> <OutPorts = 1> <Sync> <CReg>
ST_5 : Operation 222 [1/1] (0.00ns) (grouped into DSP with root node add_ln840_38)   --->   "%sext_ln186_40 = sext i16 %mul_ln1494_26"   --->   Operation 222 'sext' 'sext_ln186_40' <Predicate = true> <Delay = 0.00>
ST_5 : Operation 223 [1/2] (0.64ns) (root node of the DSP)   --->   "%add_ln840_34 = add i17 %sext_ln186_36, i17 %sext_ln186_37"   --->   Operation 223 'add' 'add_ln840_34' <Predicate = true> <Delay = 0.64> <CoreInst = "DSP48">   --->   Core 127 'DSP48' <Latency = 3> <II = 1> <Delay = 0.53> <IPBlock> <Opcode : 'mul' 'add' 'sub' 'select'> <InPorts = 0> <OutPorts = 1> <Sync> <CReg>
ST_5 : Operation 224 [1/2] (0.64ns) (root node of the DSP)   --->   "%add_ln840_36 = add i17 %sext_ln186_38, i17 %sext_ln186_39"   --->   Operation 224 'add' 'add_ln840_36' <Predicate = true> <Delay = 0.64> <CoreInst = "DSP48">   --->   Core 127 'DSP48' <Latency = 3> <II = 1> <Delay = 0.53> <IPBlock> <Opcode : 'mul' 'add' 'sub' 'select'> <InPorts = 0> <OutPorts = 1> <Sync> <CReg>
ST_5 : Operation 225 [1/2] (0.64ns) (root node of the DSP)   --->   "%add_ln840_37 = add i17 %sext_ln186_41, i17 %sext_ln840_16"   --->   Operation 225 'add' 'add_ln840_37' <Predicate = true> <Delay = 0.64> <CoreInst = "DSP48">   --->   Core 127 'DSP48' <Latency = 3> <II = 1> <Delay = 0.53> <IPBlock> <Opcode : 'mul' 'add' 'sub' 'select'> <InPorts = 0> <OutPorts = 1> <Sync> <CReg>
ST_5 : Operation 226 [2/2] (0.64ns) (root node of the DSP)   --->   "%add_ln840_38 = add i17 %add_ln840_37, i17 %sext_ln186_40"   --->   Operation 226 'add' 'add_ln840_38' <Predicate = true> <Delay = 0.64> <CoreInst = "DSP48">   --->   Core 127 'DSP48' <Latency = 3> <II = 1> <Delay = 0.53> <IPBlock> <Opcode : 'mul' 'add' 'sub' 'select'> <InPorts = 0> <OutPorts = 1> <Sync> <CReg>
ST_5 : Operation 227 [1/2] (0.64ns) (root node of the DSP)   --->   "%add_ln840_41 = add i17 %sext_ln186_42, i17 %sext_ln840_21"   --->   Operation 227 'add' 'add_ln840_41' <Predicate = true> <Delay = 0.64> <CoreInst = "DSP48">   --->   Core 127 'DSP48' <Latency = 3> <II = 1> <Delay = 0.53> <IPBlock> <Opcode : 'mul' 'add' 'sub' 'select'> <InPorts = 0> <OutPorts = 1> <Sync> <CReg>

State 6 <SV = 5> <Delay = 1.43>
ST_6 : Operation 228 [1/2] (0.64ns) (root node of the DSP)   --->   "%add_ln840_28 = add i17 %add_ln840, i17 %sext_ln840"   --->   Operation 228 'add' 'add_ln840_28' <Predicate = true> <Delay = 0.64> <CoreInst = "DSP48">   --->   Core 127 'DSP48' <Latency = 3> <II = 1> <Delay = 0.53> <IPBlock> <Opcode : 'mul' 'add' 'sub' 'select'> <InPorts = 0> <OutPorts = 1> <Sync> <CReg>
ST_6 : Operation 229 [1/1] (0.00ns)   --->   "%add_ln840_28_cast = sext i17 %add_ln840_28"   --->   Operation 229 'sext' 'add_ln840_28_cast' <Predicate = true> <Delay = 0.00>
ST_6 : Operation 230 [1/3] (0.00ns) (grouped into DSP with root node add_ln840_29)   --->   "%mul_ln1494_17 = mul i16 %sext_ln186_7, i16 %sext_ln186_6_cast"   --->   Operation 230 'mul' 'mul_ln1494_17' <Predicate = true> <Delay = 0.00> <CoreInst = "DSP48">   --->   Core 127 'DSP48' <Latency = 3> <II = 1> <Delay = 0.53> <IPBlock> <Opcode : 'mul' 'add' 'sub' 'select'> <InPorts = 0> <OutPorts = 1> <Sync> <CReg>
ST_6 : Operation 231 [1/1] (0.00ns) (grouped into DSP with root node add_ln840_29)   --->   "%sext_ln840_12 = sext i16 %mul_ln1494_17"   --->   Operation 231 'sext' 'sext_ln840_12' <Predicate = true> <Delay = 0.00>
ST_6 : Operation 232 [2/2] (0.64ns) (root node of the DSP)   --->   "%add_ln840_29 = add i18 %add_ln840_28_cast, i18 %sext_ln840_12"   --->   Operation 232 'add' 'add_ln840_29' <Predicate = true> <Delay = 0.64> <CoreInst = "DSP48">   --->   Core 127 'DSP48' <Latency = 3> <II = 1> <Delay = 0.53> <IPBlock> <Opcode : 'mul' 'add' 'sub' 'select'> <InPorts = 0> <OutPorts = 1> <Sync> <CReg>
ST_6 : Operation 233 [1/2] (0.64ns) (root node of the DSP)   --->   "%add_ln840_31 = add i17 %add_ln840_30, i17 %sext_ln186_34"   --->   Operation 233 'add' 'add_ln840_31' <Predicate = true> <Delay = 0.64> <CoreInst = "DSP48">   --->   Core 127 'DSP48' <Latency = 3> <II = 1> <Delay = 0.53> <IPBlock> <Opcode : 'mul' 'add' 'sub' 'select'> <InPorts = 0> <OutPorts = 1> <Sync> <CReg>
ST_6 : Operation 234 [2/3] (0.99ns) (grouped into DSP with root node add_ln840_33)   --->   "%mul_ln1494_21 = mul i16 %sext_ln186_15, i16 %sext_ln186_14_cast"   --->   Operation 234 'mul' 'mul_ln1494_21' <Predicate = true> <Delay = 0.99> <CoreInst = "DSP48">   --->   Core 127 'DSP48' <Latency = 3> <II = 1> <Delay = 0.53> <IPBlock> <Opcode : 'mul' 'add' 'sub' 'select'> <InPorts = 0> <OutPorts = 1> <Sync> <CReg>
ST_6 : Operation 235 [1/1] (0.00ns)   --->   "%sext_ln840_18 = sext i17 %add_ln840_36"   --->   Operation 235 'sext' 'sext_ln840_18' <Predicate = true> <Delay = 0.00>
ST_6 : Operation 236 [1/2] (0.64ns) (root node of the DSP)   --->   "%add_ln840_38 = add i17 %add_ln840_37, i17 %sext_ln186_40"   --->   Operation 236 'add' 'add_ln840_38' <Predicate = true> <Delay = 0.64> <CoreInst = "DSP48">   --->   Core 127 'DSP48' <Latency = 3> <II = 1> <Delay = 0.53> <IPBlock> <Opcode : 'mul' 'add' 'sub' 'select'> <InPorts = 0> <OutPorts = 1> <Sync> <CReg>
ST_6 : Operation 237 [1/1] (0.00ns)   --->   "%sext_ln840_19 = sext i17 %add_ln840_38"   --->   Operation 237 'sext' 'sext_ln840_19' <Predicate = true> <Delay = 0.00>
ST_6 : Operation 238 [1/1] (0.79ns)   --->   "%add_ln840_39 = add i18 %sext_ln840_19, i18 %sext_ln840_18"   --->   Operation 238 'add' 'add_ln840_39' <Predicate = true> <Delay = 0.79> <CoreInst = "Adder">   --->   Core 1 'Adder' <Latency = 0> <II = 1> <Delay = 0.79> <FuncUnit> <Opcode : 'add' 'sub'> <InPorts = 2> <OutPorts = 1>

State 7 <SV = 6> <Delay = 2.08>
ST_7 : Operation 239 [1/2] (0.64ns) (root node of the DSP)   --->   "%add_ln840_29 = add i18 %add_ln840_28_cast, i18 %sext_ln840_12"   --->   Operation 239 'add' 'add_ln840_29' <Predicate = true> <Delay = 0.64> <CoreInst = "DSP48">   --->   Core 127 'DSP48' <Latency = 3> <II = 1> <Delay = 0.53> <IPBlock> <Opcode : 'mul' 'add' 'sub' 'select'> <InPorts = 0> <OutPorts = 1> <Sync> <CReg>
ST_7 : Operation 240 [1/1] (0.00ns)   --->   "%sext_ln840_14 = sext i17 %add_ln840_31"   --->   Operation 240 'sext' 'sext_ln840_14' <Predicate = true> <Delay = 0.00>
ST_7 : Operation 241 [1/1] (0.79ns)   --->   "%add_ln840_32 = add i18 %sext_ln840_14, i18 %add_ln840_29"   --->   Operation 241 'add' 'add_ln840_32' <Predicate = true> <Delay = 0.79> <CoreInst = "Adder">   --->   Core 1 'Adder' <Latency = 0> <II = 1> <Delay = 0.79> <FuncUnit> <Opcode : 'add' 'sub'> <InPorts = 2> <OutPorts = 1>
ST_7 : Operation 242 [1/1] (0.00ns)   --->   "%add_ln840_32_cast = sext i18 %add_ln840_32"   --->   Operation 242 'sext' 'add_ln840_32_cast' <Predicate = true> <Delay = 0.00>
ST_7 : Operation 243 [1/3] (0.00ns) (grouped into DSP with root node add_ln840_33)   --->   "%mul_ln1494_21 = mul i16 %sext_ln186_15, i16 %sext_ln186_14_cast"   --->   Operation 243 'mul' 'mul_ln1494_21' <Predicate = true> <Delay = 0.00> <CoreInst = "DSP48">   --->   Core 127 'DSP48' <Latency = 3> <II = 1> <Delay = 0.53> <IPBlock> <Opcode : 'mul' 'add' 'sub' 'select'> <InPorts = 0> <OutPorts = 1> <Sync> <CReg>
ST_7 : Operation 244 [1/1] (0.00ns) (grouped into DSP with root node add_ln840_33)   --->   "%sext_ln840_15 = sext i16 %mul_ln1494_21"   --->   Operation 244 'sext' 'sext_ln840_15' <Predicate = true> <Delay = 0.00>
ST_7 : Operation 245 [2/2] (0.64ns) (root node of the DSP)   --->   "%add_ln840_33 = add i19 %add_ln840_32_cast, i19 %sext_ln840_15"   --->   Operation 245 'add' 'add_ln840_33' <Predicate = true> <Delay = 0.64> <CoreInst = "DSP48">   --->   Core 127 'DSP48' <Latency = 3> <II = 1> <Delay = 0.53> <IPBlock> <Opcode : 'mul' 'add' 'sub' 'select'> <InPorts = 0> <OutPorts = 1> <Sync> <CReg>

State 8 <SV = 7> <Delay = 4.72>
ST_8 : Operation 246 [1/2] (0.64ns) (root node of the DSP)   --->   "%add_ln840_33 = add i19 %add_ln840_32_cast, i19 %sext_ln840_15"   --->   Operation 246 'add' 'add_ln840_33' <Predicate = true> <Delay = 0.64> <CoreInst = "DSP48">   --->   Core 127 'DSP48' <Latency = 3> <II = 1> <Delay = 0.53> <IPBlock> <Opcode : 'mul' 'add' 'sub' 'select'> <InPorts = 0> <OutPorts = 1> <Sync> <CReg>
ST_8 : Operation 247 [1/1] (0.00ns)   --->   "%sext_ln840_17 = sext i17 %add_ln840_34"   --->   Operation 247 'sext' 'sext_ln840_17' <Predicate = true> <Delay = 0.00>
ST_8 : Operation 248 [1/1] (0.00ns) (grouped into TernaryAdder)   --->   "%add_ln840_35 = add i19 %sext_ln840_17, i19 %add_ln840_33"   --->   Operation 248 'add' 'add_ln840_35' <Predicate = true> <Delay = 0.00> <CoreInst = "TAddSub">   --->   Core 10 'TAddSub' <Latency = 0> <II = 1> <Delay = 0.34> <IPBlock> <Opcode : 'add' 'sub'> <InPorts = 3> <OutPorts = 1> <Sync> <CReg>
ST_8 : Operation 249 [1/1] (0.00ns)   --->   "%sext_ln840_20 = sext i18 %add_ln840_39"   --->   Operation 249 'sext' 'sext_ln840_20' <Predicate = true> <Delay = 0.00>
ST_8 : Operation 250 [1/1] (0.68ns) (root node of TernaryAdder)   --->   "%add_ln840_40 = add i19 %sext_ln840_20, i19 %add_ln840_35"   --->   Operation 250 'add' 'add_ln840_40' <Predicate = true> <Delay = 0.68> <CoreInst = "TAddSub">   --->   Core 10 'TAddSub' <Latency = 0> <II = 1> <Delay = 0.34> <IPBlock> <Opcode : 'add' 'sub'> <InPorts = 3> <OutPorts = 1> <Sync> <CReg>
ST_8 : Operation 251 [1/1] (0.00ns)   --->   "%add_ln840_40_cast = sext i19 %add_ln840_40"   --->   Operation 251 'sext' 'add_ln840_40_cast' <Predicate = true> <Delay = 0.00>
ST_8 : Operation 252 [1/1] (0.00ns)   --->   "%sext_ln840_22 = sext i17 %add_ln840_41"   --->   Operation 252 'sext' 'sext_ln840_22' <Predicate = true> <Delay = 0.00>
ST_8 : Operation 253 [1/1] (2.39ns) (grouped into DSP with root node prod)   --->   "%add_ln840_42 = add i20 %sext_ln840_22, i20 %add_ln840_40_cast"   --->   Operation 253 'add' 'add_ln840_42' <Predicate = true> <Delay = 2.39> <CoreInst = "DSP48">   --->   Core 127 'DSP48' <Latency = 3> <II = 1> <Delay = 0.53> <IPBlock> <Opcode : 'mul' 'add' 'sub' 'select'> <InPorts = 0> <OutPorts = 1> <Sync> <CReg>
ST_8 : Operation 254 [1/1] (0.00ns) (grouped into DSP with root node prod)   --->   "%sext_ln1408 = sext i20 %add_ln840_42" [/home/fede/PhD/transformer-hls/hls/include/linear.h:1408]   --->   Operation 254 'sext' 'sext_ln1408' <Predicate = true> <Delay = 0.00>
ST_8 : Operation 255 [4/4] (0.99ns) (root node of the DSP)   --->   "%prod = mul i30 %sext_ln1408, i30 339" [/home/fede/PhD/transformer-hls/hls/include/linear.h:1408]   --->   Operation 255 'mul' 'prod' <Predicate = true> <Delay = 0.99> <CoreInst = "DSP48">   --->   Core 127 'DSP48' <Latency = 3> <II = 1> <Delay = 0.53> <IPBlock> <Opcode : 'mul' 'add' 'sub' 'select'> <InPorts = 0> <OutPorts = 1> <Sync> <CReg>

State 9 <SV = 8> <Delay = 0.99>
ST_9 : Operation 256 [3/4] (0.99ns) (root node of the DSP)   --->   "%prod = mul i30 %sext_ln1408, i30 339" [/home/fede/PhD/transformer-hls/hls/include/linear.h:1408]   --->   Operation 256 'mul' 'prod' <Predicate = true> <Delay = 0.99> <CoreInst = "DSP48">   --->   Core 127 'DSP48' <Latency = 3> <II = 1> <Delay = 0.53> <IPBlock> <Opcode : 'mul' 'add' 'sub' 'select'> <InPorts = 0> <OutPorts = 1> <Sync> <CReg>

State 10 <SV = 9> <Delay = 0.99>
ST_10 : Operation 257 [2/4] (0.99ns) (root node of the DSP)   --->   "%prod = mul i30 %sext_ln1408, i30 339" [/home/fede/PhD/transformer-hls/hls/include/linear.h:1408]   --->   Operation 257 'mul' 'prod' <Predicate = true> <Delay = 0.99> <CoreInst = "DSP48">   --->   Core 127 'DSP48' <Latency = 3> <II = 1> <Delay = 0.53> <IPBlock> <Opcode : 'mul' 'add' 'sub' 'select'> <InPorts = 0> <OutPorts = 1> <Sync> <CReg>
ST_10 : Operation 279 [1/1] (0.00ns)   --->   "%ret_ln0 = ret"   --->   Operation 279 'ret' 'ret_ln0' <Predicate = (icmp_ln1831)> <Delay = 0.00>

State 11 <SV = 10> <Delay = 4.18>
ST_11 : Operation 258 [1/1] (0.00ns)   --->   "%specloopname_ln1831 = specloopname void @_ssdm_op_SpecLoopName, void @empty_11" [/home/fede/PhD/transformer-hls/hls/include/linear.h:1831]   --->   Operation 258 'specloopname' 'specloopname_ln1831' <Predicate = true> <Delay = 0.00>
ST_11 : Operation 259 [1/4] (0.00ns) (root node of the DSP)   --->   "%prod = mul i30 %sext_ln1408, i30 339" [/home/fede/PhD/transformer-hls/hls/include/linear.h:1408]   --->   Operation 259 'mul' 'prod' <Predicate = true> <Delay = 0.00> <CoreInst = "DSP48">   --->   Core 127 'DSP48' <Latency = 3> <II = 1> <Delay = 0.53> <IPBlock> <Opcode : 'mul' 'add' 'sub' 'select'> <InPorts = 0> <OutPorts = 1> <Sync> <CReg>
ST_11 : Operation 260 [1/1] (0.00ns)   --->   "%tmp = bitselect i1 @_ssdm_op_BitSelect.i1.i30.i32, i30 %prod, i32 29"   --->   Operation 260 'bitselect' 'tmp' <Predicate = true> <Delay = 0.00>
ST_11 : Operation 261 [1/1] (0.00ns)   --->   "%trunc_ln1417 = trunc i30 %prod" [/home/fede/PhD/transformer-hls/hls/include/linear.h:1417]   --->   Operation 261 'trunc' 'trunc_ln1417' <Predicate = true> <Delay = 0.00>
ST_11 : Operation 262 [1/1] (0.85ns)   --->   "%ret_V = add i27 %trunc_ln1417, i27 32768"   --->   Operation 262 'add' 'ret_V' <Predicate = true> <Delay = 0.85> <CoreInst = "Adder">   --->   Core 1 'Adder' <Latency = 0> <II = 1> <Delay = 0.85> <FuncUnit> <Opcode : 'add' 'sub'> <InPorts = 2> <OutPorts = 1>
ST_11 : Operation 263 [1/1] (0.00ns)   --->   "%trunc_ln = partselect i11 @_ssdm_op_PartSelect.i11.i27.i32.i32, i27 %ret_V, i32 16, i32 26" [/home/fede/PhD/transformer-hls/hls/include/linear.h:1409]   --->   Operation 263 'partselect' 'trunc_ln' <Predicate = true> <Delay = 0.00>
ST_11 : Operation 264 [1/1] (0.00ns)   --->   "%zext_ln1409 = zext i11 %trunc_ln" [/home/fede/PhD/transformer-hls/hls/include/linear.h:1409]   --->   Operation 264 'zext' 'zext_ln1409' <Predicate = true> <Delay = 0.00>
ST_11 : Operation 265 [1/1] (0.85ns)   --->   "%ret_V_10 = sub i27 32768, i27 %trunc_ln1417"   --->   Operation 265 'sub' 'ret_V_10' <Predicate = true> <Delay = 0.85> <CoreInst = "Adder">   --->   Core 1 'Adder' <Latency = 0> <II = 1> <Delay = 0.85> <FuncUnit> <Opcode : 'add' 'sub'> <InPorts = 2> <OutPorts = 1>
ST_11 : Operation 266 [1/1] (0.00ns)   --->   "%trunc_ln6 = partselect i11 @_ssdm_op_PartSelect.i11.i27.i32.i32, i27 %ret_V_10, i32 16, i32 26" [/home/fede/PhD/transformer-hls/hls/include/linear.h:1420]   --->   Operation 266 'partselect' 'trunc_ln6' <Predicate = true> <Delay = 0.00>
ST_11 : Operation 267 [1/1] (0.00ns)   --->   "%zext_ln1420 = zext i11 %trunc_ln6" [/home/fede/PhD/transformer-hls/hls/include/linear.h:1420]   --->   Operation 267 'zext' 'zext_ln1420' <Predicate = true> <Delay = 0.00>
ST_11 : Operation 268 [1/1] (0.73ns)   --->   "%rq_V = sub i12 0, i12 %zext_ln1420" [/home/fede/PhD/transformer-hls/hls/include/linear.h:1420]   --->   Operation 268 'sub' 'rq_V' <Predicate = true> <Delay = 0.73> <CoreInst = "Adder">   --->   Core 1 'Adder' <Latency = 0> <II = 1> <Delay = 0.73> <FuncUnit> <Opcode : 'add' 'sub'> <InPorts = 2> <OutPorts = 1>
ST_11 : Operation 269 [1/1] (0.29ns)   --->   "%rq_V_9 = select i1 %tmp, i12 %rq_V, i12 %zext_ln1409"   --->   Operation 269 'select' 'rq_V_9' <Predicate = true> <Delay = 0.29> <CoreInst = "Sel">   --->   Core 73 'Sel' <Latency = 0> <II = 1> <Delay = 0.29> <FuncUnit> <Opcode : 'select'> <InPorts = 3> <OutPorts = 1>
ST_11 : Operation 270 [1/1] (0.00ns)   --->   "%tmp_10 = partselect i5 @_ssdm_op_PartSelect.i5.i12.i32.i32, i12 %rq_V_9, i32 7, i32 11"   --->   Operation 270 'partselect' 'tmp_10' <Predicate = true> <Delay = 0.00>
ST_11 : Operation 271 [1/1] (0.63ns)   --->   "%icmp_ln1035 = icmp_sgt  i5 %tmp_10, i5 0"   --->   Operation 271 'icmp' 'icmp_ln1035' <Predicate = true> <Delay = 0.63> <CoreInst = "Cmp">   --->   Core 9 'Cmp' <Latency = 0> <II = 1> <Delay = 0.63> <FuncUnit> <Opcode : 'icmp'> <InPorts = 2> <OutPorts = 1>
ST_11 : Operation 272 [1/1] (0.62ns)   --->   "%icmp_ln1027 = icmp_slt  i12 %rq_V_9, i12 3968"   --->   Operation 272 'icmp' 'icmp_ln1027' <Predicate = true> <Delay = 0.62> <CoreInst = "Cmp">   --->   Core 9 'Cmp' <Latency = 0> <II = 1> <Delay = 0.62> <FuncUnit> <Opcode : 'icmp'> <InPorts = 2> <OutPorts = 1>
ST_11 : Operation 273 [1/1] (0.00ns) (grouped into LUT with out node q_V)   --->   "%trunc_ln1444 = trunc i12 %rq_V_9" [/home/fede/PhD/transformer-hls/hls/include/linear.h:1444]   --->   Operation 273 'trunc' 'trunc_ln1444' <Predicate = true> <Delay = 0.00>
ST_11 : Operation 274 [1/1] (0.00ns) (grouped into LUT with out node q_V)   --->   "%select_ln1444 = select i1 %icmp_ln1035, i8 127, i8 128" [/home/fede/PhD/transformer-hls/hls/include/linear.h:1444]   --->   Operation 274 'select' 'select_ln1444' <Predicate = true> <Delay = 0.00> <CoreInst = "Sel">   --->   Core 73 'Sel' <Latency = 0> <II = 1> <Delay = 0.30> <FuncUnit> <Opcode : 'select'> <InPorts = 3> <OutPorts = 1>
ST_11 : Operation 275 [1/1] (0.00ns) (grouped into LUT with out node q_V)   --->   "%or_ln1444 = or i1 %icmp_ln1035, i1 %icmp_ln1027" [/home/fede/PhD/transformer-hls/hls/include/linear.h:1444]   --->   Operation 275 'or' 'or_ln1444' <Predicate = true> <Delay = 0.00> <CoreInst = "LogicGate">   --->   Core 74 'LogicGate' <Latency = 0> <II = 1> <Delay = 0.12> <FuncUnit> <Opcode : 'and' 'or' 'xor'> <InPorts = 2> <OutPorts = 1>
ST_11 : Operation 276 [1/1] (0.30ns) (out node of the LUT)   --->   "%q_V = select i1 %or_ln1444, i8 %select_ln1444, i8 %trunc_ln1444" [/home/fede/PhD/transformer-hls/hls/include/linear.h:1444]   --->   Operation 276 'select' 'q_V' <Predicate = true> <Delay = 0.30> <CoreInst = "Sel">   --->   Core 73 'Sel' <Latency = 0> <II = 1> <Delay = 0.30> <FuncUnit> <Opcode : 'select'> <InPorts = 3> <OutPorts = 1>
ST_11 : Operation 277 [1/1] (1.36ns)   --->   "%write_ln1890 = write void @_ssdm_op_Write.ap_fifo.volatile.i8P0A, i8 %head_out_1, i8 %q_V" [/home/fede/PhD/transformer-hls/hls/include/linear.h:1890]   --->   Operation 277 'write' 'write_ln1890' <Predicate = true> <Delay = 1.36> <CoreInst = "FIFO_SRL">   --->   Core 81 'FIFO_SRL' <Latency = 0> <II = 1> <Delay = 1.36> <Storage> <Opcode : 'read' 'write' 'nbread' 'nbwrite'> <Ports = 0> <Width = 8> <Depth = 2> <FIFO>
ST_11 : Operation 278 [1/1] (0.00ns)   --->   "%br_ln1831 = br void %C_tile_init" [/home/fede/PhD/transformer-hls/hls/include/linear.h:1831]   --->   Operation 278 'br' 'br_ln1831' <Predicate = true> <Delay = 0.00>


============================================================
+ Verbose Summary: Timing violations
============================================================
Target clock period: 10ns, clock uncertainty: 2.7ns.

 <State 1>: 1.33ns
The critical path consists of the following:
	'alloca' operation ('n') [20]  (0 ns)
	'load' operation ('n', /home/fede/PhD/transformer-hls/hls/include/linear.h:1831) on local variable 'n' [59]  (0 ns)
	'add' operation ('add_ln186_18') [82]  (0.706 ns)
	'getelementptr' operation ('buff_B_V_addr_6') [84]  (0 ns)
	'load' operation ('buff_B_V_load_5') on array 'buff_B_V' [142]  (0.626 ns)

 <State 2>: 1.62ns
The critical path consists of the following:
	'load' operation ('buff_B_V_load_2') on array 'buff_B_V' [127]  (0.626 ns)
	'mul' operation of DSP[131] ('mul_ln1494_16') [129]  (0.996 ns)

 <State 3>: 0.996ns
The critical path consists of the following:
	'mul' operation of DSP[132] ('mul_ln1494_15') [125]  (0.996 ns)

 <State 4>: 2.2ns
The critical path consists of the following:
	'mul' operation ('mul_ln1494') [121]  (1.55 ns)
	'add' operation of DSP[131] ('add_ln840') [131]  (0.645 ns)

 <State 5>: 1.29ns
The critical path consists of the following:
	'add' operation of DSP[131] ('add_ln840') [131]  (0.645 ns)
	'add' operation of DSP[132] ('add_ln840_28') [132]  (0.645 ns)

 <State 6>: 1.44ns
The critical path consists of the following:
	'add' operation of DSP[195] ('add_ln840_38') [195]  (0.645 ns)
	'add' operation ('add_ln840_39') [197]  (0.791 ns)

 <State 7>: 2.09ns
The critical path consists of the following:
	'add' operation of DSP[150] ('add_ln840_29') [150]  (0.645 ns)
	'add' operation ('add_ln840_32') [154]  (0.797 ns)
	'add' operation of DSP[188] ('add_ln840_33') [188]  (0.645 ns)

 <State 8>: 4.72ns
The critical path consists of the following:
	'add' operation of DSP[188] ('add_ln840_33') [188]  (0.645 ns)
	'add' operation ('add_ln840_35') [191]  (0 ns)
	'add' operation ('add_ln840_40') [199]  (0.685 ns)
	'add' operation of DSP[213] ('add_ln840_42') [211]  (2.4 ns)
	'mul' operation of DSP[213] ('prod', /home/fede/PhD/transformer-hls/hls/include/linear.h:1408) [213]  (0.996 ns)

 <State 9>: 0.996ns
The critical path consists of the following:
	'mul' operation of DSP[213] ('prod', /home/fede/PhD/transformer-hls/hls/include/linear.h:1408) [213]  (0.996 ns)

 <State 10>: 0.996ns
The critical path consists of the following:
	'mul' operation of DSP[213] ('prod', /home/fede/PhD/transformer-hls/hls/include/linear.h:1408) [213]  (0.996 ns)

 <State 11>: 4.19ns
The critical path consists of the following:
	'mul' operation of DSP[213] ('prod', /home/fede/PhD/transformer-hls/hls/include/linear.h:1408) [213]  (0 ns)
	'sub' operation ('ret.V') [219]  (0.85 ns)
	'sub' operation ('rq.V', /home/fede/PhD/transformer-hls/hls/include/linear.h:1420) [222]  (0.735 ns)
	'select' operation ('rq.V') [223]  (0.299 ns)
	'icmp' operation ('icmp_ln1035') [225]  (0.637 ns)
	'or' operation ('or_ln1444', /home/fede/PhD/transformer-hls/hls/include/linear.h:1444) [229]  (0 ns)
	'select' operation ('q.V', /home/fede/PhD/transformer-hls/hls/include/linear.h:1444) [230]  (0.303 ns)
	fifo write operation ('write_ln1890', /home/fede/PhD/transformer-hls/hls/include/linear.h:1890) on port 'head_out_1' (/home/fede/PhD/transformer-hls/hls/include/linear.h:1890) [231]  (1.36 ns)


============================================================
+ Verbose Summary: Binding
============================================================
N/A
* FSMD analyzer results:
  - Output states:
 - Input state : 
  - Chain level:
	State 1
	State 2
	State 3
	State 4
	State 5
	State 6
	State 7
	State 8
	State 9
	State 10
	State 11


============================================================
+ Verbose Summary: Datapath Resource usage 
============================================================
N/A
