

================================================================
== Vitis HLS Report for 'MatMul_QK_tiled_10_Pipeline_VITIS_LOOP_1656_1_VITIS_LOOP_1657_2'
================================================================
* Date:           Fri Jun 19 14:57:24 2026

* Version:        2022.2 (Build 3670227 on Oct 13 2022)
* Project:        ViT_Block
* Solution:       ViT_Block (Vivado IP Flow Target)
* Product family: zynquplus
* Target device:  xck26-sfvc784-2LV-c


================================================================
== Performance Estimates
================================================================
+ Timing: 
    * Summary: 
    +--------+----------+----------+------------+
    |  Clock |  Target  | Estimated| Uncertainty|
    +--------+----------+----------+------------+
    |ap_clk  |  10.00 ns|  3.205 ns|     2.70 ns|
    +--------+----------+----------+------------+

+ Latency: 
    * Summary: 
    +---------+---------+----------+----------+-----+-----+---------+
    |  Latency (cycles) |  Latency (absolute) |  Interval | Pipeline|
    |   min   |   max   |    min   |    max   | min | max |   Type  |
    +---------+---------+----------+----------+-----+-----+---------+
    |      138|      138|  1.380 us|  1.380 us|  138|  138|       no|
    +---------+---------+----------+----------+-----+-----+---------+

    + Detail: 
        * Instance: 
        N/A

        * Loop: 
        +---------------------------------------+---------+---------+----------+-----------+-----------+------+----------+
        |                                       |  Latency (cycles) | Iteration|  Initiation Interval  | Trip |          |
        |               Loop Name               |   min   |   max   |  Latency |  achieved |   target  | Count| Pipelined|
        +---------------------------------------+---------+---------+----------+-----------+-----------+------+----------+
        |- VITIS_LOOP_1656_1_VITIS_LOOP_1657_2  |      136|      136|         2|          1|          1|   136|       yes|
        +---------------------------------------+---------+---------+----------+-----------+-----------+------+----------+



================================================================
== Utilization Estimates
================================================================
* Summary: 
+-----------------+---------+------+--------+--------+-----+
|       Name      | BRAM_18K|  DSP |   FF   |   LUT  | URAM|
+-----------------+---------+------+--------+--------+-----+
|DSP              |        -|     -|       -|       -|    -|
|Expression       |        -|     -|       0|      87|    -|
|FIFO             |        -|     -|       -|       -|    -|
|Instance         |        -|     -|       -|       -|    -|
|Memory           |        -|     -|       -|       -|    -|
|Multiplexer      |        -|     -|       -|      63|    -|
|Register         |        -|     -|      20|       -|    -|
+-----------------+---------+------+--------+--------+-----+
|Total            |        0|     0|      20|     150|    0|
+-----------------+---------+------+--------+--------+-----+
|Available        |      288|  1248|  234240|  117120|   64|
+-----------------+---------+------+--------+--------+-----+
|Utilization (%)  |        0|     0|      ~0|      ~0|    0|
+-----------------+---------+------+--------+--------+-----+

+ Detail: 
    * Instance: 
    N/A

    * DSP: 
    N/A

    * Memory: 
    N/A

    * FIFO: 
    N/A

    * Expression: 
    +---------------------------+----------+----+---+----+------------+------------+
    |       Variable Name       | Operation| DSP| FF| LUT| Bitwidth P0| Bitwidth P1|
    +---------------------------+----------+----+---+----+------------+------------+
    |add_ln1656_1_fu_108_p2     |         +|   0|  0|  15|           8|           1|
    |add_ln1656_fu_125_p2       |         +|   0|  0|  12|           5|           1|
    |add_ln1657_fu_176_p2       |         +|   0|  0|  12|           4|           1|
    |add_ln1670_fu_165_p2       |         +|   0|  0|  15|           8|           8|
    |ap_block_pp0_stage0_11001  |       and|   0|  0|   2|           1|           1|
    |icmp_ln1656_fu_102_p2      |      icmp|   0|  0|  11|           8|           8|
    |icmp_ln1657_fu_131_p2      |      icmp|   0|  0|   9|           4|           5|
    |select_ln1656_1_fu_145_p3  |    select|   0|  0|   5|           1|           5|
    |select_ln1656_fu_137_p3    |    select|   0|  0|   4|           1|           1|
    |ap_enable_pp0              |       xor|   0|  0|   2|           1|           2|
    +---------------------------+----------+----+---+----+------------+------------+
    |Total                      |          |   0|  0|  87|          41|          33|
    +---------------------------+----------+----+---+----+------------+------------+

    * Multiplexer: 
    +--------------------------------------+----+-----------+-----+-----------+
    |                 Name                 | LUT| Input Size| Bits| Total Bits|
    +--------------------------------------+----+-----------+-----+-----------+
    |K_1_1_blk_n                           |   9|          2|    1|          2|
    |ap_done_int                           |   9|          2|    1|          2|
    |ap_enable_reg_pp0_iter1               |   9|          2|    1|          2|
    |ap_sig_allocacmp_indvar_flatten_load  |   9|          2|    8|         16|
    |indvar_flatten_fu_60                  |   9|          2|    8|         16|
    |k_fu_52                               |   9|          2|    4|          8|
    |n_fu_56                               |   9|          2|    5|         10|
    +--------------------------------------+----+-----------+-----+-----------+
    |Total                                 |  63|         14|   28|         56|
    +--------------------------------------+----+-----------+-----+-----------+

    * Register: 
    +-------------------------+---+----+-----+-----------+
    |           Name          | FF| LUT| Bits| Const Bits|
    +-------------------------+---+----+-----+-----------+
    |ap_CS_fsm                |  1|   0|    1|          0|
    |ap_done_reg              |  1|   0|    1|          0|
    |ap_enable_reg_pp0_iter1  |  1|   0|    1|          0|
    |indvar_flatten_fu_60     |  8|   0|    8|          0|
    |k_fu_52                  |  4|   0|    4|          0|
    |n_fu_56                  |  5|   0|    5|          0|
    +-------------------------+---+----+-----+-----------+
    |Total                    | 20|   0|   20|          0|
    +-------------------------+---+----+-----+-----------+



================================================================
== Interface
================================================================
* Summary: 
+----------------------+-----+-----+------------+-----------------------------------------------------------------+--------------+
|       RTL Ports      | Dir | Bits|  Protocol  |                          Source Object                          |    C Type    |
+----------------------+-----+-----+------------+-----------------------------------------------------------------+--------------+
|ap_clk                |   in|    1|  ap_ctrl_hs|  MatMul_QK_tiled.10_Pipeline_VITIS_LOOP_1656_1_VITIS_LOOP_1657_2|  return value|
|ap_rst                |   in|    1|  ap_ctrl_hs|  MatMul_QK_tiled.10_Pipeline_VITIS_LOOP_1656_1_VITIS_LOOP_1657_2|  return value|
|ap_start              |   in|    1|  ap_ctrl_hs|  MatMul_QK_tiled.10_Pipeline_VITIS_LOOP_1656_1_VITIS_LOOP_1657_2|  return value|
|ap_done               |  out|    1|  ap_ctrl_hs|  MatMul_QK_tiled.10_Pipeline_VITIS_LOOP_1656_1_VITIS_LOOP_1657_2|  return value|
|ap_idle               |  out|    1|  ap_ctrl_hs|  MatMul_QK_tiled.10_Pipeline_VITIS_LOOP_1656_1_VITIS_LOOP_1657_2|  return value|
|ap_ready              |  out|    1|  ap_ctrl_hs|  MatMul_QK_tiled.10_Pipeline_VITIS_LOOP_1656_1_VITIS_LOOP_1657_2|  return value|
|K_1_1_dout            |   in|    8|     ap_fifo|                                                            K_1_1|       pointer|
|K_1_1_num_data_valid  |   in|    2|     ap_fifo|                                                            K_1_1|       pointer|
|K_1_1_fifo_cap        |   in|    2|     ap_fifo|                                                            K_1_1|       pointer|
|K_1_1_empty_n         |   in|    1|     ap_fifo|                                                            K_1_1|       pointer|
|K_1_1_read            |  out|    1|     ap_fifo|                                                            K_1_1|       pointer|
|buff_K_V_address0     |  out|    8|   ap_memory|                                                         buff_K_V|         array|
|buff_K_V_ce0          |  out|    1|   ap_memory|                                                         buff_K_V|         array|
|buff_K_V_we0          |  out|    1|   ap_memory|                                                         buff_K_V|         array|
|buff_K_V_d0           |  out|    8|   ap_memory|                                                         buff_K_V|         array|
+----------------------+-----+-----+------------+-----------------------------------------------------------------+--------------+

============================================================
+ Verbose Summary: Synthesis Manager
============================================================
InlineROM: 1
ExposeGlobal: 0
============================================================
+ Verbose Summary: CDFG Model
============================================================
IsTopModel: 0
ResetActiveHigh: 1
IsCombinational: 2
IsDatapathOnly: 2
HasWiredReturn: 1
HasMFsm: 2
HasVarLatency: 1
IsPipeline: 0
IsRtlPipelined: 0
IsInstanceOverlapped: 0
IsDontTouch: 0
HasImplIP: 0
IsGatedGlobalClock: 0

+ Individual pipeline summary: 
  * Pipeline-0: initiation interval (II) = 1, depth = 2


============================================================
+ Verbose Summary: Schedule
============================================================
* Number of FSM states : 2
* Pipeline : 1
  Pipeline-0 : II = 1, D = 2, States = { 1 2 }
* Dataflow Pipeline: 0

* FSM state transitions: 
1 --> 2 
2 --> 

* FSM state operations: 

State 1 <SV = 0> <Delay = 1.27>
ST_1 : Operation 5 [1/1] (0.00ns)   --->   "%k = alloca i32 1"   --->   Operation 5 'alloca' 'k' <Predicate = true> <Delay = 0.00>
ST_1 : Operation 6 [1/1] (0.00ns)   --->   "%n = alloca i32 1"   --->   Operation 6 'alloca' 'n' <Predicate = true> <Delay = 0.00>
ST_1 : Operation 7 [1/1] (0.00ns)   --->   "%indvar_flatten = alloca i32 1"   --->   Operation 7 'alloca' 'indvar_flatten' <Predicate = true> <Delay = 0.00>
ST_1 : Operation 8 [1/1] (0.00ns)   --->   "%specinterface_ln0 = specinterface void @_ssdm_op_SpecInterface, i8 %K_1_1, void @empty_9, i32 0, i32 0, void @empty_28, i32 0, i32 0, void @empty_28, void @empty_28, void @empty_28, i32 0, i32 0, i32 0, i32 0, void @empty_28, void @empty_28, i32 4294967295, i32 0"   --->   Operation 8 'specinterface' 'specinterface_ln0' <Predicate = true> <Delay = 0.00>
ST_1 : Operation 9 [1/1] (0.42ns)   --->   "%store_ln0 = store i8 0, i8 %indvar_flatten"   --->   Operation 9 'store' 'store_ln0' <Predicate = true> <Delay = 0.42>
ST_1 : Operation 10 [1/1] (0.42ns)   --->   "%store_ln0 = store i5 0, i5 %n"   --->   Operation 10 'store' 'store_ln0' <Predicate = true> <Delay = 0.42>
ST_1 : Operation 11 [1/1] (0.42ns)   --->   "%store_ln0 = store i4 0, i4 %k"   --->   Operation 11 'store' 'store_ln0' <Predicate = true> <Delay = 0.42>
ST_1 : Operation 12 [1/1] (0.00ns)   --->   "%br_ln0 = br void %for.inc"   --->   Operation 12 'br' 'br_ln0' <Predicate = true> <Delay = 0.00>
ST_1 : Operation 13 [1/1] (0.00ns)   --->   "%indvar_flatten_load = load i8 %indvar_flatten" [/home/fede/PhD/transformer-hls/hls/include/linear.h:1656]   --->   Operation 13 'load' 'indvar_flatten_load' <Predicate = true> <Delay = 0.00>
ST_1 : Operation 14 [1/1] (0.84ns)   --->   "%icmp_ln1656 = icmp_eq  i8 %indvar_flatten_load, i8 136" [/home/fede/PhD/transformer-hls/hls/include/linear.h:1656]   --->   Operation 14 'icmp' 'icmp_ln1656' <Predicate = true> <Delay = 0.84> <CoreInst = "Cmp">   --->   Core 9 'Cmp' <Latency = 0> <II = 1> <Delay = 0.84> <FuncUnit> <Opcode : 'icmp'> <InPorts = 2> <OutPorts = 1>
ST_1 : Operation 15 [1/1] (0.76ns)   --->   "%add_ln1656_1 = add i8 %indvar_flatten_load, i8 1" [/home/fede/PhD/transformer-hls/hls/include/linear.h:1656]   --->   Operation 15 'add' 'add_ln1656_1' <Predicate = true> <Delay = 0.76> <CoreInst = "Adder">   --->   Core 1 'Adder' <Latency = 0> <II = 1> <Delay = 0.76> <FuncUnit> <Opcode : 'add' 'sub'> <InPorts = 2> <OutPorts = 1>
ST_1 : Operation 16 [1/1] (0.00ns)   --->   "%br_ln1656 = br i1 %icmp_ln1656, void %for.inc50, void %VITIS_LOOP_1681_5.preheader.exitStub" [/home/fede/PhD/transformer-hls/hls/include/linear.h:1656]   --->   Operation 16 'br' 'br_ln1656' <Predicate = true> <Delay = 0.00>
ST_1 : Operation 17 [1/1] (0.42ns)   --->   "%store_ln1657 = store i8 %add_ln1656_1, i8 %indvar_flatten" [/home/fede/PhD/transformer-hls/hls/include/linear.h:1657]   --->   Operation 17 'store' 'store_ln1657' <Predicate = (!icmp_ln1656)> <Delay = 0.42>
ST_1 : Operation 39 [1/1] (0.00ns)   --->   "%ret_ln0 = ret"   --->   Operation 39 'ret' 'ret_ln0' <Predicate = (icmp_ln1656)> <Delay = 0.00>

State 2 <SV = 1> <Delay = 3.20>
ST_2 : Operation 18 [1/1] (0.00ns)   --->   "%k_load = load i4 %k" [/home/fede/PhD/transformer-hls/hls/include/linear.h:1657]   --->   Operation 18 'load' 'k_load' <Predicate = true> <Delay = 0.00>
ST_2 : Operation 19 [1/1] (0.00ns)   --->   "%n_load = load i5 %n" [/home/fede/PhD/transformer-hls/hls/include/linear.h:1656]   --->   Operation 19 'load' 'n_load' <Predicate = true> <Delay = 0.00>
ST_2 : Operation 20 [1/1] (0.78ns)   --->   "%add_ln1656 = add i5 %n_load, i5 1" [/home/fede/PhD/transformer-hls/hls/include/linear.h:1656]   --->   Operation 20 'add' 'add_ln1656' <Predicate = true> <Delay = 0.78> <CoreInst = "Adder">   --->   Core 1 'Adder' <Latency = 0> <II = 1> <Delay = 0.78> <FuncUnit> <Opcode : 'add' 'sub'> <InPorts = 2> <OutPorts = 1>
ST_2 : Operation 21 [1/1] (0.00ns)   --->   "%specloopname_ln0 = specloopname void @_ssdm_op_SpecLoopName, void @VITIS_LOOP_1656_1_VITIS_LOOP_1657_2_str"   --->   Operation 21 'specloopname' 'specloopname_ln0' <Predicate = true> <Delay = 0.00>
ST_2 : Operation 22 [1/1] (0.00ns)   --->   "%empty = speclooptripcount i32 @_ssdm_op_SpecLoopTripCount, i64 136, i64 136, i64 136"   --->   Operation 22 'speclooptripcount' 'empty' <Predicate = true> <Delay = 0.00>
ST_2 : Operation 23 [1/1] (0.72ns)   --->   "%icmp_ln1657 = icmp_eq  i4 %k_load, i4 8" [/home/fede/PhD/transformer-hls/hls/include/linear.h:1657]   --->   Operation 23 'icmp' 'icmp_ln1657' <Predicate = true> <Delay = 0.72> <CoreInst = "Cmp">   --->   Core 9 'Cmp' <Latency = 0> <II = 1> <Delay = 0.75> <FuncUnit> <Opcode : 'icmp'> <InPorts = 2> <OutPorts = 1>
ST_2 : Operation 24 [1/1] (0.39ns)   --->   "%select_ln1656 = select i1 %icmp_ln1657, i4 0, i4 %k_load" [/home/fede/PhD/transformer-hls/hls/include/linear.h:1656]   --->   Operation 24 'select' 'select_ln1656' <Predicate = true> <Delay = 0.39> <CoreInst = "Sel">   --->   Core 73 'Sel' <Latency = 0> <II = 1> <Delay = 0.39> <FuncUnit> <Opcode : 'select'> <InPorts = 3> <OutPorts = 1>
ST_2 : Operation 25 [1/1] (0.41ns)   --->   "%select_ln1656_1 = select i1 %icmp_ln1657, i5 %add_ln1656, i5 %n_load" [/home/fede/PhD/transformer-hls/hls/include/linear.h:1656]   --->   Operation 25 'select' 'select_ln1656_1' <Predicate = true> <Delay = 0.41> <CoreInst = "Sel">   --->   Core 73 'Sel' <Latency = 0> <II = 1> <Delay = 0.41> <FuncUnit> <Opcode : 'select'> <InPorts = 3> <OutPorts = 1>
ST_2 : Operation 26 [1/1] (0.00ns)   --->   "%tmp = bitconcatenate i8 @_ssdm_op_BitConcatenate.i8.i5.i3, i5 %select_ln1656_1, i3 0" [/home/fede/PhD/transformer-hls/hls/include/linear.h:1670]   --->   Operation 26 'bitconcatenate' 'tmp' <Predicate = true> <Delay = 0.00>
ST_2 : Operation 27 [1/1] (0.00ns)   --->   "%zext_ln1670 = zext i4 %select_ln1656" [/home/fede/PhD/transformer-hls/hls/include/linear.h:1670]   --->   Operation 27 'zext' 'zext_ln1670' <Predicate = true> <Delay = 0.00>
ST_2 : Operation 28 [1/1] (0.76ns)   --->   "%add_ln1670 = add i8 %tmp, i8 %zext_ln1670" [/home/fede/PhD/transformer-hls/hls/include/linear.h:1670]   --->   Operation 28 'add' 'add_ln1670' <Predicate = true> <Delay = 0.76> <CoreInst = "Adder">   --->   Core 1 'Adder' <Latency = 0> <II = 1> <Delay = 0.76> <FuncUnit> <Opcode : 'add' 'sub'> <InPorts = 2> <OutPorts = 1>
ST_2 : Operation 29 [1/1] (0.00ns)   --->   "%zext_ln1670_2 = zext i8 %add_ln1670" [/home/fede/PhD/transformer-hls/hls/include/linear.h:1670]   --->   Operation 29 'zext' 'zext_ln1670_2' <Predicate = true> <Delay = 0.00>
ST_2 : Operation 30 [1/1] (0.00ns)   --->   "%buff_K_V_addr = getelementptr i8 %buff_K_V, i64 0, i64 %zext_ln1670_2" [/home/fede/PhD/transformer-hls/hls/include/linear.h:1670]   --->   Operation 30 'getelementptr' 'buff_K_V_addr' <Predicate = true> <Delay = 0.00>
ST_2 : Operation 31 [1/1] (0.00ns)   --->   "%specpipeline_ln1658 = specpipeline void @_ssdm_op_SpecPipeline, i32 1, i32 0, i32 0, i32 0, void @empty_28" [/home/fede/PhD/transformer-hls/hls/include/linear.h:1658]   --->   Operation 31 'specpipeline' 'specpipeline_ln1658' <Predicate = true> <Delay = 0.00>
ST_2 : Operation 32 [1/1] (0.00ns)   --->   "%specloopname_ln1657 = specloopname void @_ssdm_op_SpecLoopName, void @empty_32" [/home/fede/PhD/transformer-hls/hls/include/linear.h:1657]   --->   Operation 32 'specloopname' 'specloopname_ln1657' <Predicate = true> <Delay = 0.00>
ST_2 : Operation 33 [1/1] (1.83ns)   --->   "%val_K_V = read i8 @_ssdm_op_Read.ap_fifo.volatile.i8P0A, i8 %K_1_1" [/home/fede/PhD/transformer-hls/hls/include/linear.h:1659]   --->   Operation 33 'read' 'val_K_V' <Predicate = true> <Delay = 1.83> <CoreInst = "FIFO_SRL">   --->   Core 81 'FIFO_SRL' <Latency = 0> <II = 1> <Delay = 1.83> <Storage> <Opcode : 'read' 'write' 'nbread' 'nbwrite'> <Ports = 0> <Width = 8> <Depth = 2> <FIFO>
ST_2 : Operation 34 [1/1] (1.23ns)   --->   "%store_ln1670 = store i8 %val_K_V, i8 %buff_K_V_addr" [/home/fede/PhD/transformer-hls/hls/include/linear.h:1670]   --->   Operation 34 'store' 'store_ln1670' <Predicate = true> <Delay = 1.23> <CoreInst = "RAM_1WnR">   --->   Core 84 'RAM_1WnR' <Latency = 1> <II = 1> <Delay = 1.23> <Storage> <Opcode : 'load' 'store'> <Ports = 17> <Width = 8> <Depth = 136> <RAM>
ST_2 : Operation 35 [1/1] (0.79ns)   --->   "%add_ln1657 = add i4 %select_ln1656, i4 1" [/home/fede/PhD/transformer-hls/hls/include/linear.h:1657]   --->   Operation 35 'add' 'add_ln1657' <Predicate = true> <Delay = 0.79> <CoreInst = "Adder">   --->   Core 1 'Adder' <Latency = 0> <II = 1> <Delay = 0.79> <FuncUnit> <Opcode : 'add' 'sub'> <InPorts = 2> <OutPorts = 1>
ST_2 : Operation 36 [1/1] (0.42ns)   --->   "%store_ln1657 = store i5 %select_ln1656_1, i5 %n" [/home/fede/PhD/transformer-hls/hls/include/linear.h:1657]   --->   Operation 36 'store' 'store_ln1657' <Predicate = true> <Delay = 0.42>
ST_2 : Operation 37 [1/1] (0.42ns)   --->   "%store_ln1657 = store i4 %add_ln1657, i4 %k" [/home/fede/PhD/transformer-hls/hls/include/linear.h:1657]   --->   Operation 37 'store' 'store_ln1657' <Predicate = true> <Delay = 0.42>
ST_2 : Operation 38 [1/1] (0.00ns)   --->   "%br_ln1657 = br void %for.inc" [/home/fede/PhD/transformer-hls/hls/include/linear.h:1657]   --->   Operation 38 'br' 'br_ln1657' <Predicate = true> <Delay = 0.00>


============================================================
+ Verbose Summary: Binding
============================================================
STG Binding: 
---------------- STG Properties BEGIN ----------------
- Is combinational: 0
- Is one-state seq: 0
- Is datapath-only: 0
- Is pipelined: 0
- Is top level: 0
Port [ Return ] is wired: 1; IO mode=ap_ctrl_hs:ce=0
Port [ buff_K_V]:  wired=1; compound=1; hidden=0; nouse=0; global=0; static=0; extern=0; dir=1; type=1; pingpong=0; private_global=0; MemPort=[03333333333333333]; IO mode=ap_memory:ce=0
Port [ K_1_1]:  wired=1; compound=1; hidden=0; nouse=0; global=0; static=0; extern=0; dir=0; type=3; pingpong=0; private_global=0; IO mode=ap_fifo:ce=0
---------------- STG Properties END ------------------

---------------- Datapath Model BEGIN ----------------

<LifeTime>
<method=bitvector/>
k                   (alloca           ) [ 011]
n                   (alloca           ) [ 011]
indvar_flatten      (alloca           ) [ 010]
specinterface_ln0   (specinterface    ) [ 000]
store_ln0           (store            ) [ 000]
store_ln0           (store            ) [ 000]
store_ln0           (store            ) [ 000]
br_ln0              (br               ) [ 000]
indvar_flatten_load (load             ) [ 000]
icmp_ln1656         (icmp             ) [ 010]
add_ln1656_1        (add              ) [ 000]
br_ln1656           (br               ) [ 000]
store_ln1657        (store            ) [ 000]
k_load              (load             ) [ 000]
n_load              (load             ) [ 000]
add_ln1656          (add              ) [ 000]
specloopname_ln0    (specloopname     ) [ 000]
empty               (speclooptripcount) [ 000]
icmp_ln1657         (icmp             ) [ 000]
select_ln1656       (select           ) [ 000]
select_ln1656_1     (select           ) [ 000]
tmp                 (bitconcatenate   ) [ 000]
zext_ln1670         (zext             ) [ 000]
add_ln1670          (add              ) [ 000]
zext_ln1670_2       (zext             ) [ 000]
buff_K_V_addr       (getelementptr    ) [ 000]
specpipeline_ln1658 (specpipeline     ) [ 000]
specloopname_ln1657 (specloopname     ) [ 000]
val_K_V             (read             ) [ 000]
store_ln1670        (store            ) [ 000]
add_ln1657          (add              ) [ 000]
store_ln1657        (store            ) [ 000]
store_ln1657        (store            ) [ 000]
br_ln1657           (br               ) [ 000]
ret_ln0             (ret              ) [ 000]
</LifeTime>

<model>

<comp_list>
<comp id="0" class="1000" name="buff_K_V">
<pin_list>
<pin id="1" dir="1" index="0" bw="1" slack="0"/>
</pin_list>
<bind>
<StgValue><ssdm name="buff_K_V"/><MemPortTyVec>0 3 3 3 3 3 3 3 3 3 3 3 3 3 3 3 3 </MemPortTyVec>
</StgValue>
</bind>
</comp>

<comp id="2" class="1000" name="K_1_1">
<pin_list>
<pin id="3" dir="1" index="0" bw="1" slack="0"/>
</pin_list>
<bind>
<StgValue><ssdm name="K_1_1"/></StgValue>
</bind>
</comp>

<comp id="4" class="1001" name="const_4">
<pin_list>
<pin id="5" dir="1" index="0" bw="1" slack="0"/>
</pin_list>
<bind>
<StgValue><ssdm name=""/></StgValue>
</bind>
</comp>

<comp id="6" class="1001" name="const_6">
<pin_list>
<pin id="7" dir="1" index="0" bw="1" slack="2147483647"/>
</pin_list>
<bind>
<StgValue><ssdm name="_ssdm_op_SpecInterface"/></StgValue>
</bind>
</comp>

<comp id="8" class="1001" name="const_8">
<pin_list>
<pin id="9" dir="1" index="0" bw="1" slack="2147483647"/>
</pin_list>
<bind>
<StgValue><ssdm name="empty_9"/></StgValue>
</bind>
</comp>

<comp id="10" class="1001" name="const_10">
<pin_list>
<pin id="11" dir="1" index="0" bw="1" slack="2147483647"/>
</pin_list>
<bind>
<StgValue><ssdm name=""/></StgValue>
</bind>
</comp>

<comp id="12" class="1001" name="const_12">
<pin_list>
<pin id="13" dir="1" index="0" bw="1" slack="2147483647"/>
</pin_list>
<bind>
<StgValue><ssdm name="empty_28"/></StgValue>
</bind>
</comp>

<comp id="14" class="1001" name="const_14">
<pin_list>
<pin id="15" dir="1" index="0" bw="1" slack="2147483647"/>
</pin_list>
<bind>
<StgValue><ssdm name=""/></StgValue>
</bind>
</comp>

<comp id="16" class="1001" name="const_16">
<pin_list>
<pin id="17" dir="1" index="0" bw="1" slack="0"/>
</pin_list>
<bind>
<StgValue><ssdm name=""/></StgValue>
</bind>
</comp>

<comp id="18" class="1001" name="const_18">
<pin_list>
<pin id="19" dir="1" index="0" bw="1" slack="0"/>
</pin_list>
<bind>
<StgValue><ssdm name=""/></StgValue>
</bind>
</comp>

<comp id="20" class="1001" name="const_20">
<pin_list>
<pin id="21" dir="1" index="0" bw="1" slack="0"/>
</pin_list>
<bind>
<StgValue><ssdm name=""/></StgValue>
</bind>
</comp>

<comp id="22" class="1001" name="const_22">
<pin_list>
<pin id="23" dir="1" index="0" bw="1" slack="0"/>
</pin_list>
<bind>
<StgValue><ssdm name=""/></StgValue>
</bind>
</comp>

<comp id="24" class="1001" name="const_24">
<pin_list>
<pin id="25" dir="1" index="0" bw="1" slack="0"/>
</pin_list>
<bind>
<StgValue><ssdm name=""/></StgValue>
</bind>
</comp>

<comp id="26" class="1001" name="const_26">
<pin_list>
<pin id="27" dir="1" index="0" bw="1" slack="0"/>
</pin_list>
<bind>
<StgValue><ssdm name=""/></StgValue>
</bind>
</comp>

<comp id="28" class="1001" name="const_28">
<pin_list>
<pin id="29" dir="1" index="0" bw="1" slack="2147483647"/>
</pin_list>
<bind>
<StgValue><ssdm name="_ssdm_op_SpecLoopName"/></StgValue>
</bind>
</comp>

<comp id="30" class="1001" name="const_30">
<pin_list>
<pin id="31" dir="1" index="0" bw="1" slack="2147483647"/>
</pin_list>
<bind>
<StgValue><ssdm name="VITIS_LOOP_1656_1_VITIS_LOOP_1657_2_str"/></StgValue>
</bind>
</comp>

<comp id="32" class="1001" name="const_32">
<pin_list>
<pin id="33" dir="1" index="0" bw="1" slack="2147483647"/>
</pin_list>
<bind>
<StgValue><ssdm name="_ssdm_op_SpecLoopTripCount"/></StgValue>
</bind>
</comp>

<comp id="34" class="1001" name="const_34">
<pin_list>
<pin id="35" dir="1" index="0" bw="1" slack="2147483647"/>
</pin_list>
<bind>
<StgValue><ssdm name=""/></StgValue>
</bind>
</comp>

<comp id="36" class="1001" name="const_36">
<pin_list>
<pin id="37" dir="1" index="0" bw="1" slack="0"/>
</pin_list>
<bind>
<StgValue><ssdm name=""/></StgValue>
</bind>
</comp>

<comp id="38" class="1001" name="const_38">
<pin_list>
<pin id="39" dir="1" index="0" bw="1" slack="0"/>
</pin_list>
<bind>
<StgValue><ssdm name="_ssdm_op_BitConcatenate.i8.i5.i3"/></StgValue>
</bind>
</comp>

<comp id="40" class="1001" name="const_40">
<pin_list>
<pin id="41" dir="1" index="0" bw="1" slack="0"/>
</pin_list>
<bind>
<StgValue><ssdm name=""/></StgValue>
</bind>
</comp>

<comp id="42" class="1001" name="const_42">
<pin_list>
<pin id="43" dir="1" index="0" bw="1" slack="0"/>
</pin_list>
<bind>
<StgValue><ssdm name=""/></StgValue>
</bind>
</comp>

<comp id="44" class="1001" name="const_44">
<pin_list>
<pin id="45" dir="1" index="0" bw="1" slack="2147483647"/>
</pin_list>
<bind>
<StgValue><ssdm name="_ssdm_op_SpecPipeline"/></StgValue>
</bind>
</comp>

<comp id="46" class="1001" name="const_46">
<pin_list>
<pin id="47" dir="1" index="0" bw="1" slack="2147483647"/>
</pin_list>
<bind>
<StgValue><ssdm name="empty_32"/></StgValue>
</bind>
</comp>

<comp id="48" class="1001" name="const_48">
<pin_list>
<pin id="49" dir="1" index="0" bw="1" slack="0"/>
</pin_list>
<bind>
<StgValue><ssdm name="_ssdm_op_Read.ap_fifo.volatile.i8P0A"/></StgValue>
</bind>
</comp>

<comp id="50" class="1001" name="const_50">
<pin_list>
<pin id="51" dir="1" index="0" bw="1" slack="0"/>
</pin_list>
<bind>
<StgValue><ssdm name=""/></StgValue>
</bind>
</comp>

<comp id="52" class="1004" name="k_fu_52">
<pin_list>
<pin id="53" dir="0" index="0" bw="1" slack="0"/>
<pin id="54" dir="1" index="1" bw="4" slack="0"/>
</pin_list>
<bind>
<opcode="alloca(26) " fcode="alloca"/>
<opset="k/1 "/>
</bind>
</comp>

<comp id="56" class="1004" name="n_fu_56">
<pin_list>
<pin id="57" dir="0" index="0" bw="1" slack="0"/>
<pin id="58" dir="1" index="1" bw="5" slack="0"/>
</pin_list>
<bind>
<opcode="alloca(26) " fcode="alloca"/>
<opset="n/1 "/>
</bind>
</comp>

<comp id="60" class="1004" name="indvar_flatten_fu_60">
<pin_list>
<pin id="61" dir="0" index="0" bw="1" slack="0"/>
<pin id="62" dir="1" index="1" bw="8" slack="0"/>
</pin_list>
<bind>
<opcode="alloca(26) " fcode="alloca"/>
<opset="indvar_flatten/1 "/>
</bind>
</comp>

<comp id="64" class="1004" name="val_K_V_read_fu_64">
<pin_list>
<pin id="65" dir="0" index="0" bw="8" slack="0"/>
<pin id="66" dir="0" index="1" bw="8" slack="0"/>
<pin id="67" dir="1" index="2" bw="8" slack="0"/>
</pin_list>
<bind>
<opcode="read(1150) " fcode="read"/>
<opset="val_K_V/2 "/>
</bind>
</comp>

<comp id="70" class="1004" name="buff_K_V_addr_gep_fu_70">
<pin_list>
<pin id="71" dir="0" index="0" bw="8" slack="0"/>
<pin id="72" dir="0" index="1" bw="1" slack="0"/>
<pin id="73" dir="0" index="2" bw="8" slack="0"/>
<pin id="74" dir="1" index="3" bw="8" slack="0"/>
</pin_list>
<bind>
<opcode="getelementptr(29) " fcode="getelementptr"/>
<opset="buff_K_V_addr/2 "/>
</bind>
</comp>

<comp id="77" class="1004" name="store_ln1670_access_fu_77">
<pin_list>
<pin id="78" dir="0" index="0" bw="8" slack="0"/>
<pin id="79" dir="0" index="1" bw="8" slack="0"/>
<pin id="80" dir="0" index="2" bw="0" slack="2147483647"/>
<pin id="81" dir="1" index="3" bw="8" slack="2147483647"/>
</pin_list>
<bind>
<opcode="store(28) " fcode="store"/>
<opset="store_ln1670/2 "/>
</bind>
</comp>

<comp id="84" class="1004" name="store_ln0_store_fu_84">
<pin_list>
<pin id="85" dir="0" index="0" bw="1" slack="0"/>
<pin id="86" dir="0" index="1" bw="8" slack="0"/>
<pin id="87" dir="1" index="2" bw="0" slack="2147483647"/>
</pin_list>
<bind>
<opcode="store(28) " fcode="store"/>
<opset="store_ln0/1 "/>
</bind>
</comp>

<comp id="89" class="1004" name="store_ln0_store_fu_89">
<pin_list>
<pin id="90" dir="0" index="0" bw="1" slack="0"/>
<pin id="91" dir="0" index="1" bw="5" slack="0"/>
<pin id="92" dir="1" index="2" bw="0" slack="2147483647"/>
</pin_list>
<bind>
<opcode="store(28) " fcode="store"/>
<opset="store_ln0/1 "/>
</bind>
</comp>

<comp id="94" class="1004" name="store_ln0_store_fu_94">
<pin_list>
<pin id="95" dir="0" index="0" bw="1" slack="0"/>
<pin id="96" dir="0" index="1" bw="4" slack="0"/>
<pin id="97" dir="1" index="2" bw="0" slack="2147483647"/>
</pin_list>
<bind>
<opcode="store(28) " fcode="store"/>
<opset="store_ln0/1 "/>
</bind>
</comp>

<comp id="99" class="1004" name="indvar_flatten_load_load_fu_99">
<pin_list>
<pin id="100" dir="0" index="0" bw="8" slack="0"/>
<pin id="101" dir="1" index="1" bw="8" slack="0"/>
</pin_list>
<bind>
<opcode="load(27) " fcode="load"/>
<opset="indvar_flatten_load/1 "/>
</bind>
</comp>

<comp id="102" class="1004" name="icmp_ln1656_fu_102">
<pin_list>
<pin id="103" dir="0" index="0" bw="8" slack="0"/>
<pin id="104" dir="0" index="1" bw="8" slack="0"/>
<pin id="105" dir="1" index="2" bw="1" slack="2147483647"/>
</pin_list>
<bind>
<opcode="icmp(45) " fcode="icmp"/>
<opset="icmp_ln1656/1 "/>
</bind>
</comp>

<comp id="108" class="1004" name="add_ln1656_1_fu_108">
<pin_list>
<pin id="109" dir="0" index="0" bw="8" slack="0"/>
<pin id="110" dir="0" index="1" bw="1" slack="0"/>
<pin id="111" dir="1" index="2" bw="8" slack="0"/>
</pin_list>
<bind>
<opcode="add(8) " fcode="add"/>
<opset="add_ln1656_1/1 "/>
</bind>
</comp>

<comp id="114" class="1004" name="store_ln1657_store_fu_114">
<pin_list>
<pin id="115" dir="0" index="0" bw="8" slack="0"/>
<pin id="116" dir="0" index="1" bw="8" slack="0"/>
<pin id="117" dir="1" index="2" bw="0" slack="2147483647"/>
</pin_list>
<bind>
<opcode="store(28) " fcode="store"/>
<opset="store_ln1657/1 "/>
</bind>
</comp>

<comp id="119" class="1004" name="k_load_load_fu_119">
<pin_list>
<pin id="120" dir="0" index="0" bw="4" slack="1"/>
<pin id="121" dir="1" index="1" bw="4" slack="0"/>
</pin_list>
<bind>
<opcode="load(27) " fcode="load"/>
<opset="k_load/2 "/>
</bind>
</comp>

<comp id="122" class="1004" name="n_load_load_fu_122">
<pin_list>
<pin id="123" dir="0" index="0" bw="5" slack="1"/>
<pin id="124" dir="1" index="1" bw="5" slack="0"/>
</pin_list>
<bind>
<opcode="load(27) " fcode="load"/>
<opset="n_load/2 "/>
</bind>
</comp>

<comp id="125" class="1004" name="add_ln1656_fu_125">
<pin_list>
<pin id="126" dir="0" index="0" bw="5" slack="0"/>
<pin id="127" dir="0" index="1" bw="1" slack="0"/>
<pin id="128" dir="1" index="2" bw="5" slack="0"/>
</pin_list>
<bind>
<opcode="add(8) " fcode="add"/>
<opset="add_ln1656/2 "/>
</bind>
</comp>

<comp id="131" class="1004" name="icmp_ln1657_fu_131">
<pin_list>
<pin id="132" dir="0" index="0" bw="4" slack="0"/>
<pin id="133" dir="0" index="1" bw="4" slack="0"/>
<pin id="134" dir="1" index="2" bw="1" slack="0"/>
</pin_list>
<bind>
<opcode="icmp(45) " fcode="icmp"/>
<opset="icmp_ln1657/2 "/>
</bind>
</comp>

<comp id="137" class="1004" name="select_ln1656_fu_137">
<pin_list>
<pin id="138" dir="0" index="0" bw="1" slack="0"/>
<pin id="139" dir="0" index="1" bw="4" slack="0"/>
<pin id="140" dir="0" index="2" bw="4" slack="0"/>
<pin id="141" dir="1" index="3" bw="4" slack="0"/>
</pin_list>
<bind>
<opcode="select(49) " fcode="select"/>
<opset="select_ln1656/2 "/>
</bind>
</comp>

<comp id="145" class="1004" name="select_ln1656_1_fu_145">
<pin_list>
<pin id="146" dir="0" index="0" bw="1" slack="0"/>
<pin id="147" dir="0" index="1" bw="5" slack="0"/>
<pin id="148" dir="0" index="2" bw="5" slack="0"/>
<pin id="149" dir="1" index="3" bw="5" slack="0"/>
</pin_list>
<bind>
<opcode="select(49) " fcode="select"/>
<opset="select_ln1656_1/2 "/>
</bind>
</comp>

<comp id="153" class="1004" name="tmp_fu_153">
<pin_list>
<pin id="154" dir="0" index="0" bw="8" slack="0"/>
<pin id="155" dir="0" index="1" bw="5" slack="0"/>
<pin id="156" dir="0" index="2" bw="1" slack="0"/>
<pin id="157" dir="1" index="3" bw="8" slack="0"/>
</pin_list>
<bind>
<opcode="bitconcatenate(1004) " fcode="bitconcatenate"/>
<opset="tmp/2 "/>
</bind>
</comp>

<comp id="161" class="1004" name="zext_ln1670_fu_161">
<pin_list>
<pin id="162" dir="0" index="0" bw="4" slack="0"/>
<pin id="163" dir="1" index="1" bw="8" slack="0"/>
</pin_list>
<bind>
<opcode="zext(34) " fcode="zext"/>
<opset="zext_ln1670/2 "/>
</bind>
</comp>

<comp id="165" class="1004" name="add_ln1670_fu_165">
<pin_list>
<pin id="166" dir="0" index="0" bw="8" slack="0"/>
<pin id="167" dir="0" index="1" bw="4" slack="0"/>
<pin id="168" dir="1" index="2" bw="8" slack="0"/>
</pin_list>
<bind>
<opcode="add(8) " fcode="add"/>
<opset="add_ln1670/2 "/>
</bind>
</comp>

<comp id="171" class="1004" name="zext_ln1670_2_fu_171">
<pin_list>
<pin id="172" dir="0" index="0" bw="8" slack="0"/>
<pin id="173" dir="1" index="1" bw="64" slack="0"/>
</pin_list>
<bind>
<opcode="zext(34) " fcode="zext"/>
<opset="zext_ln1670_2/2 "/>
</bind>
</comp>

<comp id="176" class="1004" name="add_ln1657_fu_176">
<pin_list>
<pin id="177" dir="0" index="0" bw="4" slack="0"/>
<pin id="178" dir="0" index="1" bw="1" slack="0"/>
<pin id="179" dir="1" index="2" bw="4" slack="0"/>
</pin_list>
<bind>
<opcode="add(8) " fcode="add"/>
<opset="add_ln1657/2 "/>
</bind>
</comp>

<comp id="182" class="1004" name="store_ln1657_store_fu_182">
<pin_list>
<pin id="183" dir="0" index="0" bw="5" slack="0"/>
<pin id="184" dir="0" index="1" bw="5" slack="1"/>
<pin id="185" dir="1" index="2" bw="0" slack="2147483647"/>
</pin_list>
<bind>
<opcode="store(28) " fcode="store"/>
<opset="store_ln1657/2 "/>
</bind>
</comp>

<comp id="187" class="1004" name="store_ln1657_store_fu_187">
<pin_list>
<pin id="188" dir="0" index="0" bw="4" slack="0"/>
<pin id="189" dir="0" index="1" bw="4" slack="1"/>
<pin id="190" dir="1" index="2" bw="0" slack="2147483647"/>
</pin_list>
<bind>
<opcode="store(28) " fcode="store"/>
<opset="store_ln1657/2 "/>
</bind>
</comp>

<comp id="192" class="1005" name="k_reg_192">
<pin_list>
<pin id="193" dir="0" index="0" bw="4" slack="0"/>
<pin id="194" dir="1" index="1" bw="4" slack="0"/>
</pin_list>
<bind>
<opset="k "/>
</bind>
</comp>

<comp id="199" class="1005" name="n_reg_199">
<pin_list>
<pin id="200" dir="0" index="0" bw="5" slack="0"/>
<pin id="201" dir="1" index="1" bw="5" slack="0"/>
</pin_list>
<bind>
<opset="n "/>
</bind>
</comp>

<comp id="206" class="1005" name="indvar_flatten_reg_206">
<pin_list>
<pin id="207" dir="0" index="0" bw="8" slack="0"/>
<pin id="208" dir="1" index="1" bw="8" slack="0"/>
</pin_list>
<bind>
<opset="indvar_flatten "/>
</bind>
</comp>

</comp_list>

<net_list>
<net id="55"><net_src comp="4" pin="0"/><net_sink comp="52" pin=0"/></net>

<net id="59"><net_src comp="4" pin="0"/><net_sink comp="56" pin=0"/></net>

<net id="63"><net_src comp="4" pin="0"/><net_sink comp="60" pin=0"/></net>

<net id="68"><net_src comp="48" pin="0"/><net_sink comp="64" pin=0"/></net>

<net id="69"><net_src comp="2" pin="0"/><net_sink comp="64" pin=1"/></net>

<net id="75"><net_src comp="0" pin="0"/><net_sink comp="70" pin=0"/></net>

<net id="76"><net_src comp="42" pin="0"/><net_sink comp="70" pin=1"/></net>

<net id="82"><net_src comp="64" pin="2"/><net_sink comp="77" pin=1"/></net>

<net id="83"><net_src comp="70" pin="3"/><net_sink comp="77" pin=0"/></net>

<net id="88"><net_src comp="16" pin="0"/><net_sink comp="84" pin=0"/></net>

<net id="93"><net_src comp="18" pin="0"/><net_sink comp="89" pin=0"/></net>

<net id="98"><net_src comp="20" pin="0"/><net_sink comp="94" pin=0"/></net>

<net id="106"><net_src comp="99" pin="1"/><net_sink comp="102" pin=0"/></net>

<net id="107"><net_src comp="22" pin="0"/><net_sink comp="102" pin=1"/></net>

<net id="112"><net_src comp="99" pin="1"/><net_sink comp="108" pin=0"/></net>

<net id="113"><net_src comp="24" pin="0"/><net_sink comp="108" pin=1"/></net>

<net id="118"><net_src comp="108" pin="2"/><net_sink comp="114" pin=0"/></net>

<net id="129"><net_src comp="122" pin="1"/><net_sink comp="125" pin=0"/></net>

<net id="130"><net_src comp="26" pin="0"/><net_sink comp="125" pin=1"/></net>

<net id="135"><net_src comp="119" pin="1"/><net_sink comp="131" pin=0"/></net>

<net id="136"><net_src comp="36" pin="0"/><net_sink comp="131" pin=1"/></net>

<net id="142"><net_src comp="131" pin="2"/><net_sink comp="137" pin=0"/></net>

<net id="143"><net_src comp="20" pin="0"/><net_sink comp="137" pin=1"/></net>

<net id="144"><net_src comp="119" pin="1"/><net_sink comp="137" pin=2"/></net>

<net id="150"><net_src comp="131" pin="2"/><net_sink comp="145" pin=0"/></net>

<net id="151"><net_src comp="125" pin="2"/><net_sink comp="145" pin=1"/></net>

<net id="152"><net_src comp="122" pin="1"/><net_sink comp="145" pin=2"/></net>

<net id="158"><net_src comp="38" pin="0"/><net_sink comp="153" pin=0"/></net>

<net id="159"><net_src comp="145" pin="3"/><net_sink comp="153" pin=1"/></net>

<net id="160"><net_src comp="40" pin="0"/><net_sink comp="153" pin=2"/></net>

<net id="164"><net_src comp="137" pin="3"/><net_sink comp="161" pin=0"/></net>

<net id="169"><net_src comp="153" pin="3"/><net_sink comp="165" pin=0"/></net>

<net id="170"><net_src comp="161" pin="1"/><net_sink comp="165" pin=1"/></net>

<net id="174"><net_src comp="165" pin="2"/><net_sink comp="171" pin=0"/></net>

<net id="175"><net_src comp="171" pin="1"/><net_sink comp="70" pin=2"/></net>

<net id="180"><net_src comp="137" pin="3"/><net_sink comp="176" pin=0"/></net>

<net id="181"><net_src comp="50" pin="0"/><net_sink comp="176" pin=1"/></net>

<net id="186"><net_src comp="145" pin="3"/><net_sink comp="182" pin=0"/></net>

<net id="191"><net_src comp="176" pin="2"/><net_sink comp="187" pin=0"/></net>

<net id="195"><net_src comp="52" pin="1"/><net_sink comp="192" pin=0"/></net>

<net id="196"><net_src comp="192" pin="1"/><net_sink comp="94" pin=1"/></net>

<net id="197"><net_src comp="192" pin="1"/><net_sink comp="119" pin=0"/></net>

<net id="198"><net_src comp="192" pin="1"/><net_sink comp="187" pin=1"/></net>

<net id="202"><net_src comp="56" pin="1"/><net_sink comp="199" pin=0"/></net>

<net id="203"><net_src comp="199" pin="1"/><net_sink comp="89" pin=1"/></net>

<net id="204"><net_src comp="199" pin="1"/><net_sink comp="122" pin=0"/></net>

<net id="205"><net_src comp="199" pin="1"/><net_sink comp="182" pin=1"/></net>

<net id="209"><net_src comp="60" pin="1"/><net_sink comp="206" pin=0"/></net>

<net id="210"><net_src comp="206" pin="1"/><net_sink comp="84" pin=1"/></net>

<net id="211"><net_src comp="206" pin="1"/><net_sink comp="99" pin=0"/></net>

<net id="212"><net_src comp="206" pin="1"/><net_sink comp="114" pin=1"/></net>

</net_list>

</model> 
---------------- Datapath Model END ------------------

* FSMD analyzer results:
  - Output states:
	Port: buff_K_V | {2 }
	Port: K_1_1 | {}
 - Input state : 
	Port: MatMul_QK_tiled.10_Pipeline_VITIS_LOOP_1656_1_VITIS_LOOP_1657_2 : K_1_1 | {2 }
  - Chain level:
	State 1
		store_ln0 : 1
		store_ln0 : 1
		store_ln0 : 1
		indvar_flatten_load : 1
		icmp_ln1656 : 2
		add_ln1656_1 : 2
		br_ln1656 : 3
		store_ln1657 : 3
	State 2
		add_ln1656 : 1
		icmp_ln1657 : 1
		select_ln1656 : 2
		select_ln1656_1 : 2
		tmp : 3
		zext_ln1670 : 3
		add_ln1670 : 4
		zext_ln1670_2 : 5
		buff_K_V_addr : 6
		store_ln1670 : 7
		add_ln1657 : 3
		store_ln1657 : 3
		store_ln1657 : 4


============================================================
+ Verbose Summary: Datapath Resource usage 
============================================================

* Functional unit list:
|----------|------------------------|---------|---------|
| Operation|     Functional Unit    |    FF   |   LUT   |
|----------|------------------------|---------|---------|
|          |   add_ln1656_1_fu_108  |    0    |    15   |
|    add   |    add_ln1656_fu_125   |    0    |    12   |
|          |    add_ln1670_fu_165   |    0    |    15   |
|          |    add_ln1657_fu_176   |    0    |    12   |
|----------|------------------------|---------|---------|
|   icmp   |   icmp_ln1656_fu_102   |    0    |    11   |
|          |   icmp_ln1657_fu_131   |    0    |    9    |
|----------|------------------------|---------|---------|
|  select  |  select_ln1656_fu_137  |    0    |    4    |
|          | select_ln1656_1_fu_145 |    0    |    5    |
|----------|------------------------|---------|---------|
|   read   |   val_K_V_read_fu_64   |    0    |    0    |
|----------|------------------------|---------|---------|
|bitconcatenate|       tmp_fu_153       |    0    |    0    |
|----------|------------------------|---------|---------|
|   zext   |   zext_ln1670_fu_161   |    0    |    0    |
|          |  zext_ln1670_2_fu_171  |    0    |    0    |
|----------|------------------------|---------|---------|
|   Total  |                        |    0    |    83   |
|----------|------------------------|---------|---------|

Memories:
N/A

* Register list:
+----------------------+--------+
|                      |   FF   |
+----------------------+--------+
|indvar_flatten_reg_206|    8   |
|       k_reg_192      |    4   |
|       n_reg_199      |    5   |
+----------------------+--------+
|         Total        |   17   |
+----------------------+--------+

* Multiplexer (MUX) list: 
|--------|------|------|------|--------|
|  Comp  |  Pin | Size |  BW  | S x BW |
|--------|------|------|------|--------|
|  Total |      |      |      |    0   |
|--------|------|------|------|--------|



* Summary:
+-----------+--------+--------+
|           |   FF   |   LUT  |
+-----------+--------+--------+
|  Function |    0   |   83   |
|   Memory  |    -   |    -   |
|Multiplexer|    -   |    -   |
|  Register |   17   |    -   |
+-----------+--------+--------+
|   Total   |   17   |   83   |
+-----------+--------+--------+
