

================================================================
== Vitis HLS Report for 'SOFTMAX_tile'
================================================================
* Date:           Tue Jun 23 12:33:49 2026

* Version:        2022.2 (Build 3670227 on Oct 13 2022)
* Project:        ViT_Block
* Solution:       ViT_Block (Vivado IP Flow Target)
* Product family: virtexuplus
* Target device:  xcu250-figd2104-2L-e


================================================================
== Performance Estimates
================================================================
+ Timing: 
    * Summary: 
    +--------+----------+----------+------------+
    |  Clock |  Target  | Estimated| Uncertainty|
    +--------+----------+----------+------------+
    |ap_clk  |  10.00 ns|  6.790 ns|     2.70 ns|
    +--------+----------+----------+------------+

+ Latency: 
    * Summary: 
    +---------+---------+----------+----------+-----+-----+---------+
    |  Latency (cycles) |  Latency (absolute) |  Interval | Pipeline|
    |   min   |   max   |    min   |    max   | min | max |   Type  |
    +---------+---------+----------+----------+-----+-----+---------+
    |      352|      352|  3.520 us|  3.520 us|  352|  352|       no|
    +---------+---------+----------+----------+-----+-----+---------+

    + Detail: 
        * Instance: 
        +---------------------------------------------------------------------+-----------------------------------------------------------+---------+---------+----------+----------+-----+-----+---------+
        |                                                                     |                                                           |  Latency (cycles) |  Latency (absolute) |  Interval | Pipeline|
        |                               Instance                              |                           Module                          |   min   |   max   |    min   |    max   | min | max |   Type  |
        +---------------------------------------------------------------------+-----------------------------------------------------------+---------+---------+----------+----------+-----+-----+---------+
        |grp_SoftmaxTiledStreaming_17_17_1_1_1_ap_int_8_ap_int_32_64_s_fu_18  |SoftmaxTiledStreaming_17_17_1_1_1_ap_int_8_ap_int_32_64_s  |      351|      351|  3.510 us|  3.510 us|  351|  351|       no|
        +---------------------------------------------------------------------+-----------------------------------------------------------+---------+---------+----------+----------+-----+-----+---------+

        * Loop: 
        N/A



================================================================
== Utilization Estimates
================================================================
* Summary: 
+---------------------+---------+-------+---------+---------+------+
|         Name        | BRAM_18K|  DSP  |    FF   |   LUT   | URAM |
+---------------------+---------+-------+---------+---------+------+
|DSP                  |        -|      -|        -|        -|     -|
|Expression           |        -|      -|        0|        2|     -|
|FIFO                 |        -|      -|        -|        -|     -|
|Instance             |        0|      -|    25787|    21217|     -|
|Memory               |        -|      -|        -|        -|     -|
|Multiplexer          |        -|      -|        -|       50|     -|
|Register             |        -|      -|        5|        -|     -|
+---------------------+---------+-------+---------+---------+------+
|Total                |        0|      0|    25792|    21269|     0|
+---------------------+---------+-------+---------+---------+------+
|Available SLR        |     1344|   3072|   864000|   432000|   320|
+---------------------+---------+-------+---------+---------+------+
|Utilization SLR (%)  |        0|      0|        2|        4|     0|
+---------------------+---------+-------+---------+---------+------+
|Available            |     5376|  12288|  3456000|  1728000|  1280|
+---------------------+---------+-------+---------+---------+------+
|Utilization (%)      |        0|      0|       ~0|        1|     0|
+---------------------+---------+-------+---------+---------+------+

+ Detail: 
    * Instance: 
    +---------------------------------------------------------------------+-----------------------------------------------------------+---------+----+-------+-------+-----+
    |                               Instance                              |                           Module                          | BRAM_18K| DSP|   FF  |  LUT  | URAM|
    +---------------------------------------------------------------------+-----------------------------------------------------------+---------+----+-------+-------+-----+
    |grp_SoftmaxTiledStreaming_17_17_1_1_1_ap_int_8_ap_int_32_64_s_fu_18  |SoftmaxTiledStreaming_17_17_1_1_1_ap_int_8_ap_int_32_64_s  |        0|   0|  25787|  21217|    0|
    +---------------------------------------------------------------------+-----------------------------------------------------------+---------+----+-------+-------+-----+
    |Total                                                                |                                                           |        0|   0|  25787|  21217|    0|
    +---------------------------------------------------------------------+-----------------------------------------------------------+---------+----+-------+-------+-----+

    * DSP: 
    N/A

    * Memory: 
    N/A

    * FIFO: 
    N/A

    * Expression: 
    +-----------------+----------+----+---+----+------------+------------+
    |  Variable Name  | Operation| DSP| FF| LUT| Bitwidth P0| Bitwidth P1|
    +-----------------+----------+----+---+----+------------+------------+
    |ap_block_state1  |        or|   0|  0|   2|           1|           1|
    +-----------------+----------+----+---+----+------------+------------+
    |Total            |          |   0|  0|   2|           1|           1|
    +-----------------+----------+----+---+----+------------+------------+

    * Multiplexer: 
    +-------------+----+-----------+-----+-----------+
    |     Name    | LUT| Input Size| Bits| Total Bits|
    +-------------+----+-----------+-----+-----------+
    |A_0_read     |   9|          2|    1|          2|
    |A_s_0_write  |   9|          2|    1|          2|
    |ap_NS_fsm    |  14|          3|    1|          3|
    |ap_done      |   9|          2|    1|          2|
    |real_start   |   9|          2|    1|          2|
    +-------------+----+-----------+-----+-----------+
    |Total        |  50|         11|    5|         11|
    +-------------+----+-----------+-----+-----------+

    * Register: 
    +----------------------------------------------------------------------------------+---+----+-----+-----------+
    |                                       Name                                       | FF| LUT| Bits| Const Bits|
    +----------------------------------------------------------------------------------+---+----+-----+-----------+
    |ap_CS_fsm                                                                         |  2|   0|    2|          0|
    |ap_done_reg                                                                       |  1|   0|    1|          0|
    |grp_SoftmaxTiledStreaming_17_17_1_1_1_ap_int_8_ap_int_32_64_s_fu_18_ap_start_reg  |  1|   0|    1|          0|
    |start_once_reg                                                                    |  1|   0|    1|          0|
    +----------------------------------------------------------------------------------+---+----+-----+-----------+
    |Total                                                                             |  5|   0|    5|          0|
    +----------------------------------------------------------------------------------+---+----+-----+-----------+



================================================================
== Interface
================================================================
* Summary: 
+----------------------+-----+-----+------------+--------------+--------------+
|       RTL Ports      | Dir | Bits|  Protocol  | Source Object|    C Type    |
+----------------------+-----+-----+------------+--------------+--------------+
|ap_clk                |   in|    1|  ap_ctrl_hs|  SOFTMAX_tile|  return value|
|ap_rst                |   in|    1|  ap_ctrl_hs|  SOFTMAX_tile|  return value|
|ap_start              |   in|    1|  ap_ctrl_hs|  SOFTMAX_tile|  return value|
|start_full_n          |   in|    1|  ap_ctrl_hs|  SOFTMAX_tile|  return value|
|ap_done               |  out|    1|  ap_ctrl_hs|  SOFTMAX_tile|  return value|
|ap_continue           |   in|    1|  ap_ctrl_hs|  SOFTMAX_tile|  return value|
|ap_idle               |  out|    1|  ap_ctrl_hs|  SOFTMAX_tile|  return value|
|ap_ready              |  out|    1|  ap_ctrl_hs|  SOFTMAX_tile|  return value|
|start_out             |  out|    1|  ap_ctrl_hs|  SOFTMAX_tile|  return value|
|start_write           |  out|    1|  ap_ctrl_hs|  SOFTMAX_tile|  return value|
|A_0_dout              |   in|    8|     ap_fifo|           A_0|       pointer|
|A_0_num_data_valid    |   in|    2|     ap_fifo|           A_0|       pointer|
|A_0_fifo_cap          |   in|    2|     ap_fifo|           A_0|       pointer|
|A_0_empty_n           |   in|    1|     ap_fifo|           A_0|       pointer|
|A_0_read              |  out|    1|     ap_fifo|           A_0|       pointer|
|A_s_0_din             |  out|    8|     ap_fifo|         A_s_0|       pointer|
|A_s_0_num_data_valid  |   in|    2|     ap_fifo|         A_s_0|       pointer|
|A_s_0_fifo_cap        |   in|    2|     ap_fifo|         A_s_0|       pointer|
|A_s_0_full_n          |   in|    1|     ap_fifo|         A_s_0|       pointer|
|A_s_0_write           |  out|    1|     ap_fifo|         A_s_0|       pointer|
+----------------------+-----+-----+------------+--------------+--------------+

============================================================
+ Verbose Summary: Synthesis Manager
============================================================
InlineROM: 1
ExposeGlobal: 0
============================================================
+ Verbose Summary: CDFG Model
============================================================
IsTopModel: 0
ResetActiveHigh: 1
IsCombinational: 2
IsDatapathOnly: 0
HasWiredReturn: 1
HasMFsm: 0
HasVarLatency: 1
IsPipeline: 0
IsRtlPipelined: 0
IsInstanceOverlapped: 0
IsDontTouch: 0
HasImplIP: 0
IsGatedGlobalClock: 0


============================================================
+ Verbose Summary: Schedule
============================================================
* Number of FSM states : 2
* Pipeline : 0
* Dataflow Pipeline: 0

* FSM state transitions: 
1 --> 2 
2 --> 

* FSM state operations: 

State 1 <SV = 0> <Delay = 0.00>
ST_1 : Operation 3 [2/2] (0.00ns)   --->   "%call_ln199 = call void @SoftmaxTiledStreaming<17, 17, 1, 1, 1, ap_int<8>, ap_int<32>, 64>, i8 %A_0, i8 %A_s_0, i8 %exp_lut_V" [/home/fede/PhD/transformer-hls/hls/src/attention/MultiHeadAttention_tiled.cpp:199]   --->   Operation 3 'call' 'call_ln199' <Predicate = true> <Delay = 0.00> <CoreType = "Generic">   --->   Core 0 '' <Latency = 0> <II = 1> <Delay = 1.00> <Generic> <Opcode : >

State 2 <SV = 1> <Delay = 0.00>
ST_2 : Operation 4 [1/1] (0.00ns)   --->   "%specinterface_ln0 = specinterface void @_ssdm_op_SpecInterface, i8 %A_s_0, void @empty_9, i32 0, i32 0, void @empty_28, i32 0, i32 0, void @empty_28, void @empty_28, void @empty_28, i32 0, i32 0, i32 0, i32 0, void @empty_28, void @empty_28, i32 4294967295, i32 0"   --->   Operation 4 'specinterface' 'specinterface_ln0' <Predicate = true> <Delay = 0.00>
ST_2 : Operation 5 [1/1] (0.00ns)   --->   "%specinterface_ln0 = specinterface void @_ssdm_op_SpecInterface, i8 %A_0, void @empty_9, i32 0, i32 0, void @empty_28, i32 0, i32 0, void @empty_28, void @empty_28, void @empty_28, i32 0, i32 0, i32 0, i32 0, void @empty_28, void @empty_28, i32 4294967295, i32 0"   --->   Operation 5 'specinterface' 'specinterface_ln0' <Predicate = true> <Delay = 0.00>
ST_2 : Operation 6 [1/2] (0.00ns)   --->   "%call_ln199 = call void @SoftmaxTiledStreaming<17, 17, 1, 1, 1, ap_int<8>, ap_int<32>, 64>, i8 %A_0, i8 %A_s_0, i8 %exp_lut_V" [/home/fede/PhD/transformer-hls/hls/src/attention/MultiHeadAttention_tiled.cpp:199]   --->   Operation 6 'call' 'call_ln199' <Predicate = true> <Delay = 0.00> <CoreType = "Generic">   --->   Core 0 '' <Latency = 0> <II = 1> <Delay = 1.00> <Generic> <Opcode : >
ST_2 : Operation 7 [1/1] (0.00ns)   --->   "%ret_ln201 = ret" [/home/fede/PhD/transformer-hls/hls/src/attention/MultiHeadAttention_tiled.cpp:201]   --->   Operation 7 'ret' 'ret_ln201' <Predicate = true> <Delay = 0.00>


============================================================
+ Verbose Summary: Binding
============================================================
STG Binding: 
---------------- STG Properties BEGIN ----------------
- Is combinational: 0
- Is one-state seq: 0
- Is datapath-only: 0
- Is pipelined: 0
- Is top level: 0
Port [ Return ] is wired: 1; IO mode=ap_ctrl_hs:ce=0
Port [ A_0]:  wired=1; compound=1; hidden=0; nouse=0; global=0; static=0; extern=0; dir=0; type=3; pingpong=0; private_global=0; IO mode=ap_fifo:ce=0
Port [ A_s_0]:  wired=1; compound=1; hidden=0; nouse=0; global=0; static=0; extern=0; dir=1; type=3; pingpong=0; private_global=0; IO mode=ap_fifo:ce=0
Port [ exp_lut_V]:  wired=0; compound=1; hidden=1; nouse=1; global=1; static=1; extern=0; dir=0; type=1; pingpong=0; private_global=0; MemPort=[1]; IO mode=ap_memory:ce=0
---------------- STG Properties END ------------------

---------------- Datapath Model BEGIN ----------------

<LifeTime>
<method=bitvector/>
specinterface_ln0 (specinterface) [ 000]
specinterface_ln0 (specinterface) [ 000]
call_ln199        (call         ) [ 000]
ret_ln201         (ret          ) [ 000]
</LifeTime>

<model>

<comp_list>
<comp id="0" class="1000" name="A_0">
<pin_list>
<pin id="1" dir="1" index="0" bw="1" slack="0"/>
</pin_list>
<bind>
<StgValue><ssdm name="A_0"/></StgValue>
</bind>
</comp>

<comp id="2" class="1000" name="A_s_0">
<pin_list>
<pin id="3" dir="1" index="0" bw="1" slack="0"/>
</pin_list>
<bind>
<StgValue><ssdm name="A_s_0"/></StgValue>
</bind>
</comp>

<comp id="4" class="1000" name="exp_lut_V">
<pin_list>
<pin id="5" dir="1" index="0" bw="1" slack="0"/>
</pin_list>
<bind>
<StgValue><ssdm name="exp_lut_V"/><MemPortTyVec>1 </MemPortTyVec>
</StgValue>
</bind>
</comp>

<comp id="6" class="1001" name="const_6">
<pin_list>
<pin id="7" dir="1" index="0" bw="1" slack="0"/>
</pin_list>
<bind>
<StgValue><ssdm name="SoftmaxTiledStreaming<17, 17, 1, 1, 1, ap_int<8>, ap_int<32>, 64>"/></StgValue>
</bind>
</comp>

<comp id="8" class="1001" name="const_8">
<pin_list>
<pin id="9" dir="1" index="0" bw="1" slack="2147483647"/>
</pin_list>
<bind>
<StgValue><ssdm name="_ssdm_op_SpecInterface"/></StgValue>
</bind>
</comp>

<comp id="10" class="1001" name="const_10">
<pin_list>
<pin id="11" dir="1" index="0" bw="1" slack="2147483647"/>
</pin_list>
<bind>
<StgValue><ssdm name="empty_9"/></StgValue>
</bind>
</comp>

<comp id="12" class="1001" name="const_12">
<pin_list>
<pin id="13" dir="1" index="0" bw="1" slack="2147483647"/>
</pin_list>
<bind>
<StgValue><ssdm name=""/></StgValue>
</bind>
</comp>

<comp id="14" class="1001" name="const_14">
<pin_list>
<pin id="15" dir="1" index="0" bw="1" slack="2147483647"/>
</pin_list>
<bind>
<StgValue><ssdm name="empty_28"/></StgValue>
</bind>
</comp>

<comp id="16" class="1001" name="const_16">
<pin_list>
<pin id="17" dir="1" index="0" bw="1" slack="2147483647"/>
</pin_list>
<bind>
<StgValue><ssdm name=""/></StgValue>
</bind>
</comp>

<comp id="18" class="1004" name="grp_SoftmaxTiledStreaming_17_17_1_1_1_ap_int_8_ap_int_32_64_s_fu_18">
<pin_list>
<pin id="19" dir="0" index="0" bw="0" slack="0"/>
<pin id="20" dir="0" index="1" bw="8" slack="0"/>
<pin id="21" dir="0" index="2" bw="8" slack="0"/>
<pin id="22" dir="0" index="3" bw="8" slack="0"/>
<pin id="23" dir="1" index="4" bw="0" slack="2147483647"/>
</pin_list>
<bind>
<opcode="call(48) " fcode="call"/>
<opset="call_ln199/1 "/>
</bind>
</comp>

</comp_list>

<net_list>
<net id="24"><net_src comp="6" pin="0"/><net_sink comp="18" pin=0"/></net>

<net id="25"><net_src comp="0" pin="0"/><net_sink comp="18" pin=1"/></net>

<net id="26"><net_src comp="2" pin="0"/><net_sink comp="18" pin=2"/></net>

<net id="27"><net_src comp="4" pin="0"/><net_sink comp="18" pin=3"/></net>

</net_list>

</model> 
---------------- Datapath Model END ------------------

* FSMD analyzer results:
  - Output states:
	Port: A_s_0 | {1 2 }
	Port: exp_lut_V | {}
 - Input state : 
	Port: SOFTMAX_tile : A_0 | {1 2 }
	Port: SOFTMAX_tile : exp_lut_V | {1 2 }
  - Chain level:
	State 1
	State 2


============================================================
+ Verbose Summary: Datapath Resource usage 
============================================================

* Functional unit list:
|----------|---------------------------------------------------------------------|---------|---------|---------|
| Operation|                           Functional Unit                           |  Delay  |    FF   |   LUT   |
|----------|---------------------------------------------------------------------|---------|---------|---------|
|   call   | grp_SoftmaxTiledStreaming_17_17_1_1_1_ap_int_8_ap_int_32_64_s_fu_18 | 8.26833 |  25794  |  20816  |
|----------|---------------------------------------------------------------------|---------|---------|---------|
|   Total  |                                                                     | 8.26833 |  25794  |  20816  |
|----------|---------------------------------------------------------------------|---------|---------|---------|

Memories:
N/A

* Register list:
N/A

* Multiplexer (MUX) list: 
|--------|------|------|------|--------|
|  Comp  |  Pin | Size |  BW  | S x BW |
|--------|------|------|------|--------|
|  Total |      |      |      |    0   |
|--------|------|------|------|--------|



* Summary:
+-----------+--------+--------+--------+
|           |  Delay |   FF   |   LUT  |
+-----------+--------+--------+--------+
|  Function |    8   |  25794 |  20816 |
|   Memory  |    -   |    -   |    -   |
|Multiplexer|    -   |    -   |    -   |
|  Register |    -   |    -   |    -   |
+-----------+--------+--------+--------+
|   Total   |    8   |  25794 |  20816 |
+-----------+--------+--------+--------+
