

================================================================
== Vitis HLS Report for 'triplicate_stream_ap_int_8_17_16_1_s'
================================================================
* Date:           Tue Jun 23 12:33:13 2026

* Version:        2022.2 (Build 3670227 on Oct 13 2022)
* Project:        ViT_Block
* Solution:       ViT_Block (Vivado IP Flow Target)
* Product family: virtexuplus
* Target device:  xcu250-figd2104-2L-e


================================================================
== Performance Estimates
================================================================
+ Timing: 
    * Summary: 
    +--------+----------+----------+------------+
    |  Clock |  Target  | Estimated| Uncertainty|
    +--------+----------+----------+------------+
    |ap_clk  |  10.00 ns|  2.606 ns|     2.70 ns|
    +--------+----------+----------+------------+

+ Latency: 
    * Summary: 
    +---------+---------+----------+----------+-----+-----+---------+
    |  Latency (cycles) |  Latency (absolute) |  Interval | Pipeline|
    |   min   |   max   |    min   |    max   | min | max |   Type  |
    +---------+---------+----------+----------+-----+-----+---------+
    |      274|      274|  2.740 us|  2.740 us|  274|  274|       no|
    +---------+---------+----------+----------+-----+-----+---------+

    + Detail: 
        * Instance: 
        N/A

        * Loop: 
        +-------------------+---------+---------+----------+-----------+-----------+------+----------+
        |                   |  Latency (cycles) | Iteration|  Initiation Interval  | Trip |          |
        |     Loop Name     |   min   |   max   |  Latency |  achieved |   target  | Count| Pipelined|
        +-------------------+---------+---------+----------+-----------+-----------+------+----------+
        |- VITIS_LOOP_45_1  |      272|      272|         2|          1|          1|   272|       yes|
        +-------------------+---------+---------+----------+-----------+-----------+------+----------+

============================================================
+ Verbose Summary: Synthesis Manager
============================================================
InlineROM: 1
ExposeGlobal: 0
============================================================
+ Verbose Summary: CDFG Model
============================================================
IsTopModel: 0
ResetActiveHigh: 1
IsCombinational: 2
IsDatapathOnly: 0
HasWiredReturn: 1
HasMFsm: 2
HasVarLatency: 1
IsPipeline: 0
IsRtlPipelined: 0
IsInstanceOverlapped: 0
IsDontTouch: 0
HasImplIP: 0
IsGatedGlobalClock: 0

+ Individual pipeline summary: 
  * Pipeline-0: initiation interval (II) = 1, depth = 2


============================================================
+ Verbose Summary: Schedule
============================================================
* Number of FSM states : 2
* Pipeline : 1
  Pipeline-0 : II = 1, D = 2, States = { 1 2 }
* Dataflow Pipeline: 0

* FSM state transitions: 
1 --> 2 
2 --> 

* FSM state operations: 

State 1 <SV = 0> <Delay = 1.10>
ST_1 : Operation 5 [1/1] (0.00ns)   --->   "%i = alloca i32 1"   --->   Operation 5 'alloca' 'i' <Predicate = true> <Delay = 0.00>
ST_1 : Operation 6 [1/1] (0.00ns)   --->   "%specinterface_ln0 = specinterface void @_ssdm_op_SpecInterface, i8 %V_in7, void @empty_9, i32 0, i32 0, void @empty_28, i32 0, i32 0, void @empty_28, void @empty_28, void @empty_28, i32 0, i32 0, i32 0, i32 0, void @empty_28, void @empty_28, i32 4294967295, i32 0"   --->   Operation 6 'specinterface' 'specinterface_ln0' <Predicate = true> <Delay = 0.00>
ST_1 : Operation 7 [1/1] (0.00ns)   --->   "%specinterface_ln0 = specinterface void @_ssdm_op_SpecInterface, i8 %K_in6, void @empty_9, i32 0, i32 0, void @empty_28, i32 0, i32 0, void @empty_28, void @empty_28, void @empty_28, i32 0, i32 0, i32 0, i32 0, void @empty_28, void @empty_28, i32 4294967295, i32 0"   --->   Operation 7 'specinterface' 'specinterface_ln0' <Predicate = true> <Delay = 0.00>
ST_1 : Operation 8 [1/1] (0.00ns)   --->   "%specinterface_ln0 = specinterface void @_ssdm_op_SpecInterface, i8 %Q_in5, void @empty_9, i32 0, i32 0, void @empty_28, i32 0, i32 0, void @empty_28, void @empty_28, void @empty_28, i32 0, i32 0, i32 0, i32 0, void @empty_28, void @empty_28, i32 4294967295, i32 0"   --->   Operation 8 'specinterface' 'specinterface_ln0' <Predicate = true> <Delay = 0.00>
ST_1 : Operation 9 [1/1] (0.00ns)   --->   "%specinterface_ln0 = specinterface void @_ssdm_op_SpecInterface, i8 %norm_out4, void @empty_9, i32 0, i32 0, void @empty_28, i32 0, i32 0, void @empty_28, void @empty_28, void @empty_28, i32 0, i32 0, i32 0, i32 0, void @empty_28, void @empty_28, i32 4294967295, i32 0"   --->   Operation 9 'specinterface' 'specinterface_ln0' <Predicate = true> <Delay = 0.00>
ST_1 : Operation 10 [1/1] (0.38ns)   --->   "%store_ln45 = store i9 0, i9 %i" [/home/fede/PhD/transformer-hls/hls/src/model/ViT_Block.cpp:45]   --->   Operation 10 'store' 'store_ln45' <Predicate = true> <Delay = 0.38>
ST_1 : Operation 11 [1/1] (0.00ns)   --->   "%br_ln45 = br void %for.inc" [/home/fede/PhD/transformer-hls/hls/src/model/ViT_Block.cpp:45]   --->   Operation 11 'br' 'br_ln45' <Predicate = true> <Delay = 0.00>
ST_1 : Operation 12 [1/1] (0.00ns)   --->   "%i_1 = load i9 %i" [/home/fede/PhD/transformer-hls/hls/src/model/ViT_Block.cpp:45]   --->   Operation 12 'load' 'i_1' <Predicate = true> <Delay = 0.00>
ST_1 : Operation 13 [1/1] (0.59ns)   --->   "%icmp_ln45 = icmp_eq  i9 %i_1, i9 272" [/home/fede/PhD/transformer-hls/hls/src/model/ViT_Block.cpp:45]   --->   Operation 13 'icmp' 'icmp_ln45' <Predicate = true> <Delay = 0.59> <CoreInst = "Cmp">   --->   Core 9 'Cmp' <Latency = 0> <II = 1> <Delay = 0.59> <FuncUnit> <Opcode : 'icmp'> <InPorts = 2> <OutPorts = 1>
ST_1 : Operation 14 [1/1] (0.00ns)   --->   "%empty = speclooptripcount i32 @_ssdm_op_SpecLoopTripCount, i64 272, i64 272, i64 272"   --->   Operation 14 'speclooptripcount' 'empty' <Predicate = true> <Delay = 0.00>
ST_1 : Operation 15 [1/1] (0.71ns)   --->   "%i_2 = add i9 %i_1, i9 1" [/home/fede/PhD/transformer-hls/hls/src/model/ViT_Block.cpp:45]   --->   Operation 15 'add' 'i_2' <Predicate = true> <Delay = 0.71> <CoreInst = "Adder">   --->   Core 1 'Adder' <Latency = 0> <II = 1> <Delay = 0.71> <FuncUnit> <Opcode : 'add' 'sub'> <InPorts = 2> <OutPorts = 1>
ST_1 : Operation 16 [1/1] (0.00ns)   --->   "%br_ln45 = br i1 %icmp_ln45, void %for.inc.split, void %for.end" [/home/fede/PhD/transformer-hls/hls/src/model/ViT_Block.cpp:45]   --->   Operation 16 'br' 'br_ln45' <Predicate = true> <Delay = 0.00>
ST_1 : Operation 17 [1/1] (0.38ns)   --->   "%store_ln45 = store i9 %i_2, i9 %i" [/home/fede/PhD/transformer-hls/hls/src/model/ViT_Block.cpp:45]   --->   Operation 17 'store' 'store_ln45' <Predicate = (!icmp_ln45)> <Delay = 0.38>
ST_1 : Operation 25 [1/1] (0.00ns)   --->   "%ret_ln53 = ret" [/home/fede/PhD/transformer-hls/hls/src/model/ViT_Block.cpp:53]   --->   Operation 25 'ret' 'ret_ln53' <Predicate = (icmp_ln45)> <Delay = 0.00>

State 2 <SV = 1> <Delay = 2.60>
ST_2 : Operation 18 [1/1] (0.00ns)   --->   "%specpipeline_ln46 = specpipeline void @_ssdm_op_SpecPipeline, i32 1, i32 0, i32 0, i32 0, void @empty_28" [/home/fede/PhD/transformer-hls/hls/src/model/ViT_Block.cpp:46]   --->   Operation 18 'specpipeline' 'specpipeline_ln46' <Predicate = true> <Delay = 0.00>
ST_2 : Operation 19 [1/1] (0.00ns)   --->   "%specloopname_ln45 = specloopname void @_ssdm_op_SpecLoopName, void @empty_34" [/home/fede/PhD/transformer-hls/hls/src/model/ViT_Block.cpp:45]   --->   Operation 19 'specloopname' 'specloopname_ln45' <Predicate = true> <Delay = 0.00>
ST_2 : Operation 20 [1/1] (1.36ns)   --->   "%val = read i8 @_ssdm_op_Read.ap_fifo.volatile.i8P0A, i8 %norm_out4" [/home/fede/PhD/transformer-hls/hls/src/model/ViT_Block.cpp:47]   --->   Operation 20 'read' 'val' <Predicate = true> <Delay = 1.36> <CoreInst = "FIFO_SRL">   --->   Core 81 'FIFO_SRL' <Latency = 0> <II = 1> <Delay = 1.36> <Storage> <Opcode : 'read' 'write' 'nbread' 'nbwrite'> <Ports = 0> <Width = 8> <Depth = 2> <FIFO>
ST_2 : Operation 21 [1/1] (1.24ns)   --->   "%write_ln49 = write void @_ssdm_op_Write.ap_fifo.volatile.i8P0A, i8 %Q_in5, i8 %val" [/home/fede/PhD/transformer-hls/hls/src/model/ViT_Block.cpp:49]   --->   Operation 21 'write' 'write_ln49' <Predicate = true> <Delay = 1.24> <CoreInst = "FIFO">   --->   Core 78 'FIFO' <Latency = 0> <II = 1> <Delay = 1.24> <Storage> <Opcode : 'read' 'write' 'nbread' 'nbwrite'> <Ports = 0> <Width = 8> <Depth = 3072> <FIFO>
ST_2 : Operation 22 [1/1] (1.24ns)   --->   "%write_ln50 = write void @_ssdm_op_Write.ap_fifo.volatile.i8P0A, i8 %K_in6, i8 %val" [/home/fede/PhD/transformer-hls/hls/src/model/ViT_Block.cpp:50]   --->   Operation 22 'write' 'write_ln50' <Predicate = true> <Delay = 1.24> <CoreInst = "FIFO">   --->   Core 78 'FIFO' <Latency = 0> <II = 1> <Delay = 1.24> <Storage> <Opcode : 'read' 'write' 'nbread' 'nbwrite'> <Ports = 0> <Width = 8> <Depth = 3072> <FIFO>
ST_2 : Operation 23 [1/1] (1.24ns)   --->   "%write_ln51 = write void @_ssdm_op_Write.ap_fifo.volatile.i8P0A, i8 %V_in7, i8 %val" [/home/fede/PhD/transformer-hls/hls/src/model/ViT_Block.cpp:51]   --->   Operation 23 'write' 'write_ln51' <Predicate = true> <Delay = 1.24> <CoreInst = "FIFO">   --->   Core 78 'FIFO' <Latency = 0> <II = 1> <Delay = 1.24> <Storage> <Opcode : 'read' 'write' 'nbread' 'nbwrite'> <Ports = 0> <Width = 8> <Depth = 3072> <FIFO>
ST_2 : Operation 24 [1/1] (0.00ns)   --->   "%br_ln45 = br void %for.inc" [/home/fede/PhD/transformer-hls/hls/src/model/ViT_Block.cpp:45]   --->   Operation 24 'br' 'br_ln45' <Predicate = true> <Delay = 0.00>


============================================================
+ Verbose Summary: Timing violations
============================================================
Target clock period: 10ns, clock uncertainty: 2.7ns.

 <State 1>: 1.1ns
The critical path consists of the following:
	'alloca' operation ('i') [5]  (0 ns)
	'load' operation ('i', /home/fede/PhD/transformer-hls/hls/src/model/ViT_Block.cpp:45) on local variable 'i' [13]  (0 ns)
	'add' operation ('i', /home/fede/PhD/transformer-hls/hls/src/model/ViT_Block.cpp:45) [16]  (0.715 ns)
	'store' operation ('store_ln45', /home/fede/PhD/transformer-hls/hls/src/model/ViT_Block.cpp:45) of variable 'i', /home/fede/PhD/transformer-hls/hls/src/model/ViT_Block.cpp:45 on local variable 'i' [25]  (0.387 ns)

 <State 2>: 2.61ns
The critical path consists of the following:
	fifo read operation ('val', /home/fede/PhD/transformer-hls/hls/src/model/ViT_Block.cpp:47) on port 'norm_out4' (/home/fede/PhD/transformer-hls/hls/src/model/ViT_Block.cpp:47) [21]  (1.36 ns)
	fifo write operation ('write_ln49', /home/fede/PhD/transformer-hls/hls/src/model/ViT_Block.cpp:49) on port 'Q_in5' (/home/fede/PhD/transformer-hls/hls/src/model/ViT_Block.cpp:49) [22]  (1.24 ns)


============================================================
+ Verbose Summary: Binding
============================================================
N/A
* FSMD analyzer results:
  - Output states:
 - Input state : 
  - Chain level:
	State 1
	State 2


============================================================
+ Verbose Summary: Datapath Resource usage 
============================================================
N/A
